INFO         | Android emulator version 37.1.11.0 (build_id 15917651) (CL:N/A)
INFO         | Graphics backend: gfxstream
INFO         | Found systemPath C:\Users\lnjef\OneDrive\Documents\GitHub\DraftingRoom5/tools/android-sdk\system-images\android-37.0\google_apis\x86_64\
INFO         | Guest usage of host flag 'VulkanVirtualQueue' will be ignored.
INFO         | Feature 'GLDirectMem' (53) is overridden to 'disabled'
INFO         | Feature 'HasSharedSlotsHostMemoryAllocator' (24) is overridden to 'disabled'
INFO         | IPv4 server found: 8.8.4.4
INFO         | Ignore IPv6 address: 1014:a39a:f002:0:1014:a39a:f002:0
INFO         | Ignore IPv6 address: 1014:a39a:f002:0:1014:a39a:f002:0
INFO         | Ignore IPv6 address: 1014:a39a:f002:0:1014:a39a:f002:0
INFO         | Ignore IPv6 address: a03e:a39a:f002:0:1014:a39a:f002:0
INFO         | Ignore IPv6 address: a03e:a39a:f002:0:1014:a39a:f002:0
INFO         | Ignore IPv6 address: a03e:a39a:f002:0:1014:a39a:f002:0
INFO         | Guest GLES Driver: Auto (ext controls)
INFO         | emuglConfig_init: vulkan_mode_selected:lavapipe gles_mode_selected:swiftshader
INFO         | Checking system compatibility:
INFO         |   Checking: hasCompatibleHypervisor
INFO         |      Ok: Hypervisor compatibility to run avd: `DR5078Api37` are met
INFO         |   Checking: hasSufficientSystem
INFO         |      Ok: System requirements to run avd: `DR5078Api37` are met
INFO         |   Checking: hasSufficientHwGpu
INFO         |      Ok: Hardware GPU compatibility checks are not required
INFO         |   Checking: hasSufficientDiskSpace
INFO         |      Ok: Disk space requirements to run avd: `DR5078Api37` are met
INFO         | Storing crashdata in: C:\Users\lnjef\AppData\Local\Temp\\AndroidEmulator\emu-crash-37.1.11.db, detection is enabled for process: 27944
INFO         | Initializing gfxstream backend
INFO         | startOpenglesRendererImpl: gpu info
INFO         | GPU #1
  Make: 8086
  Model: Intel(R) UHD Graphics 620
  Device ID: 5917

INFO         | Graphics Adapter Vendor Google (Google Inc.)
INFO         | Graphics Adapter Android Emulator OpenGL ES Translator (Google SwiftShader)
INFO         | Graphics API Version OpenGL ES 3.0 (OpenGL ES 3.0 SwiftShader 4.0.0.1)
INFO         | Graphics API Extensions GL_OES_EGL_sync GL_OES_EGL_image GL_OES_EGL_image_external GL_OES_depth24 GL_OES_depth32 GL_OES_element_index_uint GL_OES_texture_float GL_OES_texture_float_linear GL_OES_compressed_paletted_texture GL_OES_compressed_ETC1_RGB8_texture GL_OES_depth_texture GL_OES_texture_half_float GL_OES_texture_half_float_linear GL_OES_packed_depth_stencil GL_OES_vertex_half_float GL_OES_standard_derivatives GL_OES_texture_npot GL_OES_rgb8_rgba8 GL_EXT_color_buffer_float GL_EXT_color_buffer_half_float GL_EXT_texture_format_BGRA8888 GL_APPLE_texture_format_BGRA8888 
INFO         | Graphics Device Extensions N/A
INFO         | Sending adb public key [QAAAACtW0PB9RyAX1J0rc6qgXDfguj7aiHyHV8spw+TU9Fx8LnTAA3OLbhm8+894+VVcqeUln3Abakm70irg1Kp9/5UfW2SWxuvC29NX4wPTSm1A5xW5WnbziOKM/G+Dn6mZcs0uPg5LShYYQcO3+CBowxTLgCJ7EY0BwtfTJ4sI/gnuCdimH75fviZ3GHGzFn04CGTd/d6BL9OQfYr1SxBHEbt0XcqAknBhSyioulCbtGYToIMoedPSevT+wtQ77Ih8Nv5vxlfdMTWPlx3FgSEX1YLSA85UXcRIqH540e7kCiEPKO8xcqYRPmofmEB3KrQB69Nl+88ZxIGzJlVema+zcEGM67HFpLbjZPbpmRf+iX352zSSGCPMBovUpGcmlac5cUd9RfRiv19z3s8nno0szFwQ4yxb/tCPgH8f3qxFX8qm5igEM/lPaEHEW32KL4DGwoZ0i/QqvaLQ9yjyvBKUbzT3o4E+F24JhqQybZRuIp6R0ilrQGutwzQKYvBfBhC4//Gxl3w8HZW2TcBWkaUAZwjDww6mgFxgQiSOIXOs6/VF/MaWart0beAYIZsvWyl2KH5rq0lyZ/mnv6awU53A6LkRoQQrvX0govZFm5nglCp5YzNCmI9hjcEZ1HTMzT5johwz3Lm2hWkI/UHJBkBQqB+W8oKX7auI30eIO0Yy//4I43ynlgEAAQA= @unknown]
INFO         | Userspace boot properties:
INFO         |   androidboot.boot_devices=pci0000:00/0000:00:03.0 pci0000:00/0000:00:06.0
INFO         |   androidboot.dalvik.vm.heapsize=576m
INFO         |   androidboot.debug.hwui.renderer=skiagl
INFO         |   androidboot.hardware=ranchu
INFO         |   androidboot.hardware.gltransport=pipe
INFO         |   androidboot.logcat=*:V
INFO         |   androidboot.opengles.version=196608
INFO         |   androidboot.qemu=1
INFO         |   androidboot.qemu.adb.pubkey=QAAAACtW0PB9RyAX1J0rc6qgXDfguj7aiHyHV8spw+TU9Fx8LnTAA3OLbhm8+894+VVcqeUln3Abakm70irg1Kp9/5UfW2SWxuvC29NX4wPTSm1A5xW5WnbziOKM/G+Dn6mZcs0uPg5LShYYQcO3+CBowxTLgCJ7EY0BwtfTJ4sI/gnuCdimH75fviZ3GHGzFn04CGTd/d6BL9OQfYr1SxBHEbt0XcqAknBhSyioulCbtGYToIMoedPSevT+wtQ77Ih8Nv5vxlfdMTWPlx3FgSEX1YLSA85UXcRIqH540e7kCiEPKO8xcqYRPmofmEB3KrQB69Nl+88ZxIGzJlVema+zcEGM67HFpLbjZPbpmRf+iX352zSSGCPMBovUpGcmlac5cUd9RfRiv19z3s8nno0szFwQ4yxb/tCPgH8f3qxFX8qm5igEM/lPaEHEW32KL4DGwoZ0i/QqvaLQ9yjyvBKUbzT3o4E+F24JhqQybZRuIp6R0ilrQGutwzQKYvBfBhC4//Gxl3w8HZW2TcBWkaUAZwjDww6mgFxgQiSOIXOs6/VF/MaWart0beAYIZsvWyl2KH5rq0lyZ/mnv6awU53A6LkRoQQrvX0govZFm5nglCp5YzNCmI9hjcEZ1HTMzT5johwz3Lm2hWkI/UHJBkBQqB+W8oKX7auI30eIO0Yy//4I43ynlgEAAQA= @unknown
INFO         |   androidboot.qemu.avd_name=DR5078Api37
INFO         |   androidboot.qemu.camera_hq_edge_processing=0
INFO         |   androidboot.qemu.cpuvulkan.version=4202496
INFO         |   androidboot.qemu.gltransport.drawFlushInterval=800
INFO         |   androidboot.qemu.gltransport.name=pipe
INFO         |   androidboot.qemu.hwcodec.avcdec=2
INFO         |   androidboot.qemu.hwcodec.hevcdec=2
INFO         |   androidboot.qemu.hwcodec.vpxdec=2
INFO         |   androidboot.qemu.settings.system.screen_off_timeout=2147483647
INFO         |   androidboot.qemu.skin=720x1600
INFO         |   androidboot.qemu.virtiowifi=1
INFO         |   androidboot.qemu.vsync=60
INFO         |   androidboot.serialno=EMULATOR37X1X11X0
INFO         |   androidboot.vbmeta.digest=6a9699dc30298ff419bee039813d49e4748c15cc5dae607a33e092a0a88403d0
INFO         |   androidboot.vbmeta.hash_alg=sha256
INFO         |   androidboot.vbmeta.size=6784
WHPX on Windows 10.0.26200 detected.
Windows Hypervisor Platform accelerator is operational
INFO         | Monitoring duration of emulator setup.
INFO         | Successfully initialized netsim WiFi
INFO         | Activated packet streamer for uwb emulation
INFO         | Activated packet streamer for bluetooth emulation
INFO         | Setting display: 0 configuration to: 720x1600, dpi: 320x320 
INFO         | setDisplayActiveConfig: id:0, 720x1600
INFO         | emulatorSetupEnvironment: Environment scene is not required
USER_INFO    | Emulator is performing a full startup. This may take upto two minutes, or more.
ERROR        | Failed to find ColorBuffer: 35
INFO         | Boot completed in 86920 ms
INFO         | Increasing screen off timeout, logcat buffer size to 2M.
ERROR        | Failed to find ColorBuffer: 103
INFO         | IPv4 server found: 8.8.4.4
INFO         | Ignore IPv6 address: 7030:3f84:f002:0:7030:3f84:f002:0
INFO         | Ignore IPv6 address: 7030:3f84:f002:0:7030:3f84:f002:0
INFO         | Ignore IPv6 address: 7030:3f84:f002:0:7030:3f84:f002:0
INFO         | Ignore IPv6 address: 5b:3f84:f002:0:7030:3f84:f002:0
INFO         | Ignore IPv6 address: 5b:3f84:f002:0:7030:3f84:f002:0
INFO         | Ignore IPv6 address: 5b:3f84:f002:0:7030:3f84:f002:0
INFO         | IPv4 server found: 8.8.4.4
INFO         | Ignore IPv6 address: 7030:3f84:f002:0:7030:3f84:f002:0
INFO         | Ignore IPv6 address: 7030:3f84:f002:0:7030:3f84:f002:0
INFO         | Ignore IPv6 address: 7030:3f84:f002:0:7030:3f84:f002:0
INFO         | Ignore IPv6 address: 5b:3f84:f002:0:7030:3f84:f002:0
INFO         | Ignore IPv6 address: 5b:3f84:f002:0:7030:3f84:f002:0
INFO         | Ignore IPv6 address: 5b:3f84:f002:0:7030:3f84:f002:0
INFO         | IPv4 server found: 8.8.4.4
INFO         | Ignore IPv6 address: 7030:3f84:f002:0:7030:3f84:f002:0
INFO         | Ignore IPv6 address: 7030:3f84:f002:0:7030:3f84:f002:0
INFO         | Ignore IPv6 address: 7030:3f84:f002:0:7030:3f84:f002:0
INFO         | Ignore IPv6 address: 5b:3f84:f002:0:7030:3f84:f002:0
INFO         | Ignore IPv6 address: 5b:3f84:f002:0:7030:3f84:f002:0
INFO         | Ignore IPv6 address: 5b:3f84:f002:0:7030:3f84:f002:0
INFO         | Wait for emulator (pid 27944) 20 seconds to shutdown gracefully before kill;you can set environment variable ANDROID_EMULATOR_WAIT_TIME_BEFORE_KILL(in seconds) to change the default value (20 seconds)

WARNING      | Not saving state: RAM not mapped as shared
INFO         | Saving snapshot 'default_boot' using 8 ms
WARNING      | Emulator client has not yet been configured.. Call configure me first!
INFO         | removeAll
WARNING      | Netsim Wifi dns:///localhost:63215 is gone due to Stream removed (CANCELLED)
