--------- beginning of crash
09-21 22:28:47.822   536   625 F libc    : Fatal signal 6 (SIGABRT), code -1 (SI_QUEUE) in tid 625 (RegionSampling), pid 536 (surfaceflinger)
09-21 22:28:49.384  1901  1901 F DEBUG   : *** *** *** *** *** *** *** *** *** *** *** *** *** *** *** ***
09-21 22:28:49.384  1901  1901 F DEBUG   : Build fingerprint: 'google/sdk_gphone64_x86_64/emu64xa:17/CE2A.260420.019/15611780:userdebug/dev-keys'
09-21 22:28:49.384  1901  1901 F DEBUG   : Kernel Release: '6.12.58-android16-6-gccafb60de224-ab14828483'
09-21 22:28:49.384  1901  1901 F DEBUG   : Revision: '0'
09-21 22:28:49.384  1901  1901 F DEBUG   : ABI: 'x86_64'
09-21 22:28:49.384  1901  1901 F DEBUG   : Timestamp: 2026-09-21 22:28:48.450963285-0500
09-21 22:28:49.384  1901  1901 F DEBUG   : Process uptime: 79s
09-21 22:28:49.384  1901  1901 F DEBUG   : Executable: /system/bin/surfaceflinger
09-21 22:28:49.384  1901  1901 F DEBUG   : Cmdline: /system/bin/surfaceflinger
09-21 22:28:49.384  1901  1901 F DEBUG   : pid: 536, ppid: 1, tid: 625, name: RegionSampling  >>> /system/bin/surfaceflinger <<<
09-21 22:28:49.384  1901  1901 F DEBUG   : uid: 1000
09-21 22:28:49.384  1901  1901 F DEBUG   : signal 6 (SIGABRT), code -1 (SI_QUEUE), fault addr --------
09-21 22:28:49.384  1901  1901 F DEBUG   : Abort message: 'Assertion failed: !rcEnc->featureInfo()->hasReadColorBufferDma'
09-21 22:28:49.384  1901  1901 F DEBUG   :     rax 0000000000000000  rbx 0000000000000218  rcx 0000755568e65add  rdx 0000000000000006
09-21 22:28:49.384  1901  1901 F DEBUG   :     r8  00007552d01bd940  r9  00007552d01bd940  r10 00007552d01bd8e0  r11 0000000000000207
09-21 22:28:49.384  1901  1901 F DEBUG   :     r12 0000000000000000  r13 00007552d0e96010  r14 0000000000000271  r15 00007552d01bd8e0
09-21 22:28:49.384  1901  1901 F DEBUG   :     rdi 0000000000000218  rsi 0000000000000271
09-21 22:28:49.384  1901  1901 F DEBUG   :     rbp 00007552d01bd990  rsp 00007552d01bd8e0  rip 0000755568e65add  err 0000000000000000
09-21 22:28:49.384  1901  1901 F DEBUG   : 13 total frames
09-21 22:28:49.384  1901  1901 F DEBUG   : backtrace:
09-21 22:28:49.384  1901  1901 F DEBUG   :       #00 pc 0000000000059add  /apex/com.android.runtime/lib64/bionic/libc.so (abort+189) (BuildId: aa76614279c09bc4bbbbbec6ba4a811e)
09-21 22:28:49.384  1901  1901 F DEBUG   :       #01 pc 000000000000cb7d  /system/lib64/liblog.so (__android_log_default_aborter+13) (BuildId: 90d6577c9d21ddf3d77ab53737981c66)
09-21 22:28:49.384  1901  1901 F DEBUG   :       #02 pc 000000000000ce8b  /system/lib64/liblog.so (__android_log_assert+315) (BuildId: 90d6577c9d21ddf3d77ab53737981c66)
09-21 22:28:49.384  1901  1901 F DEBUG   :       #03 pc 0000000000005adf  /vendor/lib64/hw/mapper.ranchu.so ((anonymous namespace)::GoldfishMapper::readFromHost(cb_handle_t const&) const+543) (BuildId: 7b353e53a651ae1223cbe45b0946e22b)
09-21 22:28:49.384  1901  1901 F DEBUG   :       #04 pc 00000000000055b0  /vendor/lib64/hw/mapper.ranchu.so ((anonymous namespace)::GoldfishMapper::GoldfishMapper()::'lambda'(native_handle const*, unsigned long, ARect, int, void**)::__invoke(native_handle const*, unsigned long, ARect, int, void**)+704) (BuildId: 7b353e53a651ae1223cbe45b0946e22b)
09-21 22:28:49.384  1901  1901 F DEBUG   :       #05 pc 00000000000498cf  /system/lib64/libui.so (android::Gralloc5Mapper::lock(native_handle const*, unsigned long, android::Rect const&, int, void**, int*, int*) const+63) (BuildId: b1f5ff732233939b9394d7d0e4dfca13)
09-21 22:28:49.385  1901  1901 F DEBUG   :       #06 pc 00000000000338d6  /system/lib64/libui.so (android::GraphicBufferMapper::lock(native_handle const*, long, android::Rect const&, android::base::unique_fd_impl<android::base::DefaultCloser>&&)+198) (BuildId: b1f5ff732233939b9394d7d0e4dfca13)
09-21 22:28:49.385  1901  1901 F DEBUG   :       #07 pc 000000000002a751  /system/lib64/libui.so (android::GraphicBuffer::lockAsync(unsigned long, unsigned long, android::Rect const&, void**, int, int*, int*)+545) (BuildId: b1f5ff732233939b9394d7d0e4dfca13)
09-21 22:28:49.385  1901  1901 F DEBUG   :       #08 pc 00000000000339a3  /system/lib64/libui.so (android::GraphicBuffer::lock(unsigned int, void**, int*, int*)+67) (BuildId: b1f5ff732233939b9394d7d0e4dfca13)
09-21 22:28:49.385  1901  1901 F DEBUG   :       #09 pc 000000000042059b  /system/bin/surfaceflinger (android::RegionSamplingThread::threadMain()+2571) (BuildId: 25d13f27c4a5b6e198dbf71cb2b70894)
09-21 22:28:49.385  1901  1901 F DEBUG   :       #10 pc 00000000004c9727  /system/bin/surfaceflinger (void* std::__1::__thread_proxy[abi:nn220000]<std::__1::tuple<std::__1::unique_ptr<std::__1::__thread_struct, std::__1::default_delete<std::__1::__thread_struct>>, android::RegionSamplingThread::RegionSamplingThread(android::SurfaceFlinger&, android::RegionSamplingThread::TimingTunables const&)::$_2>>(void*) (.__uniq.22835156453571511455795338659787558893)+39) (BuildId: 25d13f27c4a5b6e198dbf71cb2b70894)
09-21 22:28:49.385  1901  1901 F DEBUG   :       #11 pc 000000000008c7af  /apex/com.android.runtime/lib64/bionic/libc.so (__pthread_start(void*) (.__uniq.67847048707805468364044055584648682506)+63) (BuildId: aa76614279c09bc4bbbbbec6ba4a811e)
09-21 22:28:49.385  1901  1901 F DEBUG   :       #12 pc 000000000008670d  /apex/com.android.runtime/lib64/bionic/libc.so (__start_thread+45) (BuildId: aa76614279c09bc4bbbbbec6ba4a811e)
09-21 22:28:49.385  1901  1901 F DEBUG   : Note: To display stack pointer information, use the pbtombstone tool:
09-21 22:28:49.385  1901  1901 F DEBUG   :         pbtombstone --display-sp tombstone_XX.pb
09-21 22:29:50.219  1989  2048 F libc    : Fatal signal 6 (SIGABRT), code -1 (SI_QUEUE) in tid 2048 (RegionSampling), pid 1989 (surfaceflinger)
09-21 22:29:53.697  3593  3593 F DEBUG   : *** *** *** *** *** *** *** *** *** *** *** *** *** *** *** ***
09-21 22:29:53.697  3593  3593 F DEBUG   : Build fingerprint: 'google/sdk_gphone64_x86_64/emu64xa:17/CE2A.260420.019/15611780:userdebug/dev-keys'
09-21 22:29:53.697  3593  3593 F DEBUG   : Kernel Release: '6.12.58-android16-6-gccafb60de224-ab14828483'
09-21 22:29:53.697  3593  3593 F DEBUG   : Revision: '0'
09-21 22:29:53.697  3593  3593 F DEBUG   : ABI: 'x86_64'
09-21 22:29:53.697  3593  3593 F DEBUG   : Timestamp: 2026-09-21 22:29:50.808182956-0500
09-21 22:29:53.697  3593  3593 F DEBUG   : Process uptime: 61s
09-21 22:29:53.697  3593  3593 F DEBUG   : Executable: /system/bin/surfaceflinger
09-21 22:29:53.697  3593  3593 F DEBUG   : Cmdline: /system/bin/surfaceflinger
09-21 22:29:53.697  3593  3593 F DEBUG   : pid: 1989, ppid: 1, tid: 2048, name: RegionSampling  >>> /system/bin/surfaceflinger <<<
09-21 22:29:53.697  3593  3593 F DEBUG   : uid: 1000
09-21 22:29:53.697  3593  3593 F DEBUG   : signal 6 (SIGABRT), code -1 (SI_QUEUE), fault addr --------
09-21 22:29:53.697  3593  3593 F DEBUG   : Abort message: 'Assertion failed: !rcEnc->featureInfo()->hasReadColorBufferDma'
09-21 22:29:53.697  3593  3593 F DEBUG   :     rax 0000000000000000  rbx 00000000000007c5  rcx 00007f2ca9eb0add  rdx 0000000000000006
09-21 22:29:53.697  3593  3593 F DEBUG   :     r8  00007f2a139f7940  r9  00007f2a139f7940  r10 00007f2a139f78e0  r11 0000000000000207
09-21 22:29:53.697  3593  3593 F DEBUG   :     r12 0000000000000000  r13 00007f2a1471a010  r14 0000000000000800  r15 00007f2a139f78e0
09-21 22:29:53.697  3593  3593 F DEBUG   :     rdi 00000000000007c5  rsi 0000000000000800
09-21 22:29:53.697  3593  3593 F DEBUG   :     rbp 00007f2a139f7990  rsp 00007f2a139f78e0  rip 00007f2ca9eb0add  err 0000000000000000
09-21 22:29:53.697  3593  3593 F DEBUG   : 13 total frames
09-21 22:29:53.697  3593  3593 F DEBUG   : backtrace:
09-21 22:29:53.697  3593  3593 F DEBUG   :       #00 pc 0000000000059add  /apex/com.android.runtime/lib64/bionic/libc.so (abort+189) (BuildId: aa76614279c09bc4bbbbbec6ba4a811e)
09-21 22:29:53.697  3593  3593 F DEBUG   :       #01 pc 000000000000cb7d  /system/lib64/liblog.so (__android_log_default_aborter+13) (BuildId: 90d6577c9d21ddf3d77ab53737981c66)
09-21 22:29:53.697  3593  3593 F DEBUG   :       #02 pc 000000000000ce8b  /system/lib64/liblog.so (__android_log_assert+315) (BuildId: 90d6577c9d21ddf3d77ab53737981c66)
09-21 22:29:53.697  3593  3593 F DEBUG   :       #03 pc 0000000000005adf  /vendor/lib64/hw/mapper.ranchu.so ((anonymous namespace)::GoldfishMapper::readFromHost(cb_handle_t const&) const+543) (BuildId: 7b353e53a651ae1223cbe45b0946e22b)
09-21 22:29:53.697  3593  3593 F DEBUG   :       #04 pc 00000000000055b0  /vendor/lib64/hw/mapper.ranchu.so ((anonymous namespace)::GoldfishMapper::GoldfishMapper()::'lambda'(native_handle const*, unsigned long, ARect, int, void**)::__invoke(native_handle const*, unsigned long, ARect, int, void**)+704) (BuildId: 7b353e53a651ae1223cbe45b0946e22b)
09-21 22:29:53.697  3593  3593 F DEBUG   :       #05 pc 00000000000498cf  /system/lib64/libui.so (android::Gralloc5Mapper::lock(native_handle const*, unsigned long, android::Rect const&, int, void**, int*, int*) const+63) (BuildId: b1f5ff732233939b9394d7d0e4dfca13)
09-21 22:29:53.697  3593  3593 F DEBUG   :       #06 pc 00000000000338d6  /system/lib64/libui.so (android::GraphicBufferMapper::lock(native_handle const*, long, android::Rect const&, android::base::unique_fd_impl<android::base::DefaultCloser>&&)+198) (BuildId: b1f5ff732233939b9394d7d0e4dfca13)
09-21 22:29:53.697  3593  3593 F DEBUG   :       #07 pc 000000000002a751  /system/lib64/libui.so (android::GraphicBuffer::lockAsync(unsigned long, unsigned long, android::Rect const&, void**, int, int*, int*)+545) (BuildId: b1f5ff732233939b9394d7d0e4dfca13)
09-21 22:29:53.697  3593  3593 F DEBUG   :       #08 pc 00000000000339a3  /system/lib64/libui.so (android::GraphicBuffer::lock(unsigned int, void**, int*, int*)+67) (BuildId: b1f5ff732233939b9394d7d0e4dfca13)
09-21 22:29:53.697  3593  3593 F DEBUG   :       #09 pc 000000000042059b  /system/bin/surfaceflinger (android::RegionSamplingThread::threadMain()+2571) (BuildId: 25d13f27c4a5b6e198dbf71cb2b70894)
09-21 22:29:53.697  3593  3593 F DEBUG   :       #10 pc 00000000004c9727  /system/bin/surfaceflinger (void* std::__1::__thread_proxy[abi:nn220000]<std::__1::tuple<std::__1::unique_ptr<std::__1::__thread_struct, std::__1::default_delete<std::__1::__thread_struct>>, android::RegionSamplingThread::RegionSamplingThread(android::SurfaceFlinger&, android::RegionSamplingThread::TimingTunables const&)::$_2>>(void*) (.__uniq.22835156453571511455795338659787558893)+39) (BuildId: 25d13f27c4a5b6e198dbf71cb2b70894)
09-21 22:29:53.697  3593  3593 F DEBUG   :       #11 pc 000000000008c7af  /apex/com.android.runtime/lib64/bionic/libc.so (__pthread_start(void*) (.__uniq.67847048707805468364044055584648682506)+63) (BuildId: aa76614279c09bc4bbbbbec6ba4a811e)
09-21 22:29:53.697  3593  3593 F DEBUG   :       #12 pc 000000000008670d  /apex/com.android.runtime/lib64/bionic/libc.so (__start_thread+45) (BuildId: aa76614279c09bc4bbbbbec6ba4a811e)
09-21 22:29:53.697  3593  3593 F DEBUG   : Note: To display stack pointer information, use the pbtombstone tool:
09-21 22:29:53.697  3593  3593 F DEBUG   :         pbtombstone --display-sp tombstone_XX.pb
