09-21 13:05:32.512  2399  2528 D OomAdjuster: Not killing cached processes
09-21 13:05:34.320  2399  5529 E ActivityManager: ANR in com.google.android.gms.persistent
09-21 13:05:34.344  2399  5529 I ActivityManager: Killing 5178:com.google.android.gms.persistent/u0a143 (adj 0): bg anr
09-21 13:05:36.256  2399  2438 I ActivityManager: Killing 5518:com.google.android.apps.safetyhub/u0a129 (adj 0): timeout publishing content providers
09-21 13:05:38.163  2399  3499 D OomAdjuster: Not killing cached processes
09-21 13:05:41.034  2399  2438 I ActivityManager: Extending process start timeout by 12746ms for ProcessRecord{cba8db5 5552:dev.draftingroom5/u0a209}
09-21 13:05:43.174  2399  5601 D OomAdjuster: Not killing cached processes
09-21 13:05:44.674  2399  2463 I AppsFilter: interaction: PackageSetting{d3c22c dev.draftingroom5.test/10210} -> PackageSetting{9bdfde2 com.google.android.apps.messaging/10135} BLOCKED
09-21 13:05:45.772  2399  2463 I AppsFilter: interaction: PackageSetting{d3c22c dev.draftingroom5.test/10210} -> PackageSetting{cfdfb98 com.google.android.apps.messaging/10135} BLOCKED
09-21 13:05:45.794  2399  2463 I AppsFilter: interaction: PackageSetting{d3c22c dev.draftingroom5.test/10210} -> PackageSetting{a5c9ff1 com.google.android.apps.safetyhub/10129} BLOCKED
09-21 13:05:46.815  2399  2463 I AppsFilter: interaction: PackageSetting{d3c22c dev.draftingroom5.test/10210} -> PackageSetting{26f8001 com.google.android.apps.messaging/10135} BLOCKED
09-21 13:05:48.226  2399  2420 D OomAdjuster: Not killing cached processes
09-21 13:05:50.003  5614  5821 W TimedProcessReaper: Scheduling killing of process to refresh configuration
09-21 13:05:50.039  5691  5808 W TimedProcessReaper: Scheduling killing of process to refresh configuration
09-21 13:05:50.310  2399  2650 I AppsFilter: interaction: PackageSetting{2b26bf2 dev.draftingroom5/10209} -> PackageSetting{22a0320 com.android.cts.priv.ctsshim/10195} BLOCKED
09-21 13:05:50.311  2399  2650 I AppsFilter: interaction: PackageSetting{2b26bf2 dev.draftingroom5/10209} -> PackageSetting{39744d9 com.android.internal.display.cutout.emulation.corner/10002} BLOCKED
09-21 13:05:50.312  2399  2650 I AppsFilter: interaction: PackageSetting{2b26bf2 dev.draftingroom5/10209} -> PackageSetting{7389e9e com.android.internal.display.cutout.emulation.double/10082} BLOCKED
09-21 13:05:50.313  2399  2650 I AppsFilter: interaction: PackageSetting{2b26bf2 dev.draftingroom5/10209} -> PackageSetting{fa3dd7f com.google.android.onetimeinitializer/10128} BLOCKED
09-21 13:05:50.314  2399  2650 I AppsFilter: interaction: PackageSetting{2b26bf2 dev.draftingroom5/10209} -> PackageSetting{57c314c com.google.android.ext.shared/10117} BLOCKED
09-21 13:05:50.314  2399  2650 I AppsFilter: interaction: PackageSetting{2b26bf2 dev.draftingroom5/10209} -> PackageSetting{9ae5595 com.android.virtualmachine.res/10208} BLOCKED
09-21 13:05:50.315  2399  2650 I AppsFilter: interaction: PackageSetting{2b26bf2 dev.draftingroom5/10209} -> PackageSetting{38c06aa com.android.managedprovisioning.auto_generated_rro_product__/10023} BLOCKED
09-21 13:05:50.315  2399  2650 I AppsFilter: interaction: PackageSetting{2b26bf2 dev.draftingroom5/10209} -> PackageSetting{e22d29b com.android.carrierconfig.auto_generated_rro_vendor__/10086} BLOCKED
09-21 13:05:50.315  2399  2650 I AppsFilter: interaction: PackageSetting{2b26bf2 dev.draftingroom5/10209} -> PackageSetting{fe11638 com.google.android.server.deviceconfig.resources/10197} BLOCKED
09-21 13:05:50.316  2399  2650 I AppsFilter: interaction: PackageSetting{2b26bf2 dev.draftingroom5/10209} -> PackageSetting{eebb611 com.android.systemui.emulation.pixel_3_xl/10046} BLOCKED
09-21 13:05:50.316  2399  2650 I AppsFilter: interaction: PackageSetting{2b26bf2 dev.draftingroom5/10209} -> PackageSetting{3ad5de4 com.android.systemui.emulation.pixel_4_xl/10068} BLOCKED
09-21 13:05:50.316  2399  2650 I AppsFilter: interaction: PackageSetting{2b26bf2 dev.draftingroom5/10209} -> PackageSetting{5c4a24d com.android.systemui.emulation.pixel_fold/10024} BLOCKED
09-21 13:05:50.321  2399  2650 I AppsFilter: interaction: PackageSetting{2b26bf2 dev.draftingroom5/10209} -> PackageSetting{2bac102 com.android.providers.telephony.auto_generated_characteristics_rro/10022} BLOCKED
09-21 13:05:50.321  2399  2650 I AppsFilter: interaction: PackageSetting{2b26bf2 dev.draftingroom5/10209} -> PackageSetting{9defa13 com.android.simappdialog.auto_generated_rro_product__/10009} BLOCKED
09-21 13:05:50.322  2399  2650 I AppsFilter: interaction: PackageSetting{2b26bf2 dev.draftingroom5/10209} -> PackageSetting{1d47450 com.android.htmlviewer/10115} BLOCKED
09-21 13:05:50.323  2399  2650 I AppsFilter: interaction: PackageSetting{2b26bf2 dev.draftingroom5/10209} -> PackageSetting{8c61649 com.google.android.health.connect.backuprestore/10199} BLOCKED
09-21 13:05:50.324  2399  2650 I AppsFilter: interaction: PackageSetting{2b26bf2 dev.draftingroom5/10209} -> PackageSetting{c97eb4e com.android.systemui.auto_generated_rro_product__/10043} BLOCKED
09-21 13:05:50.325  2399  2650 I AppsFilter: interaction: PackageSetting{2b26bf2 dev.draftingroom5/10209} -> PackageSetting{2b5246f com.google.android.soundpicker/10162} BLOCKED
09-21 13:05:50.325  2399  2650 I AppsFilter: interaction: PackageSetting{2b26bf2 dev.draftingroom5/10209} -> PackageSetting{514857c com.google.android.marvin.talkbackoverlay/10085} BLOCKED
09-21 13:05:50.325  2399  2650 I AppsFilter: interaction: PackageSetting{2b26bf2 dev.draftingroom5/10209} -> PackageSetting{450ce05 com.google.android.configupdater/10136} BLOCKED
09-21 13:05:50.327  2399  2650 I AppsFilter: interaction: PackageSetting{2b26bf2 dev.draftingroom5/10209} -> PackageSetting{20b6e5a com.android.internal.emulation.pixel_3a_xl/10021} BLOCKED
09-21 13:05:50.327  2399  2650 I AppsFilter: interaction: PackageSetting{2b26bf2 dev.draftingroom5/10209} -> PackageSetting{e19988b com.android.internal.emulation.pixel_6_pro/10067} BLOCKED
09-21 13:05:50.328  2399  2650 I AppsFilter: interaction: PackageSetting{2b26bf2 dev.draftingroom5/10209} -> PackageSetting{3e27d68 com.android.internal.emulation.pixel_7_pro/10074} BLOCKED
09-21 13:05:50.329  2399  2650 I AppsFilter: interaction: PackageSetting{2b26bf2 dev.draftingroom5/10209} -> PackageSetting{154581 com.android.internal.emulation.pixel_8_pro/10050} BLOCKED
09-21 13:05:50.331  2399  2650 I AppsFilter: interaction: PackageSetting{2b26bf2 dev.draftingroom5/10209} -> PackageSetting{7021626 com.android.internal.emulation.pixel_9_pro/10016} BLOCKED
09-21 13:05:50.331  2399  2650 I AppsFilter: interaction: PackageSetting{2b26bf2 dev.draftingroom5/10209} -> PackageSetting{6073267 com.android.internal.emulation.pixel_3a/10010} BLOCKED
09-21 13:05:50.331  2399  2650 I AppsFilter: interaction: PackageSetting{2b26bf2 dev.draftingroom5/10209} -> PackageSetting{5160814 com.android.internal.emulation.pixel_4a/10042} BLOCKED
09-21 13:05:50.332  2399  2650 I AppsFilter: interaction: PackageSetting{2b26bf2 dev.draftingroom5/10209} -> PackageSetting{44fb8bd com.android.internal.emulation.pixel_6a/10078} BLOCKED
09-21 13:05:50.333  2399  2650 I AppsFilter: interaction: PackageSetting{2b26bf2 dev.draftingroom5/10209} -> PackageSetting{f696eb2 com.android.internal.emulation.pixel_7a/10073} BLOCKED
09-21 13:05:50.334  5552  5552 D nativeloader: Configuring clns-7 for other apk /system/framework/android.test.runner.jar:/system/framework/android.test.mock.jar:/system/framework/android.test.base.jar:/data/app/~~e5TGsMSBiF4beWKSE9DgeQ==/dev.draftingroom5.test-yeY-JB-nGga1273OBfrq7A==/base.apk:/data/app/~~ysCiP15-rDexij78hY6l2g==/dev.draftingroom5-YKP9PeNGpkGVOUNfMdYmEA==/base.apk. target_sdk_version=35, uses_libraries=, library_path=/data/app/~~e5TGsMSBiF4beWKSE9DgeQ==/dev.draftingroom5.test-yeY-JB-nGga1273OBfrq7A==/lib/x86_64:/data/app/~~ysCiP15-rDexij78hY6l2g==/dev.draftingroom5-YKP9PeNGpkGVOUNfMdYmEA==/lib/x86_64:/data/app/~~e5TGsMSBiF4beWKSE9DgeQ==/dev.draftingroom5.test-yeY-JB-nGga1273OBfrq7A==/base.apk!/lib/x86_64:/data/app/~~ysCiP15-rDexij78hY6l2g==/dev.draftingroom5-YKP9PeNGpkGVOUNfMdYmEA==/base.apk!/lib/x86_64, permitted_path=/data:/mnt/expand:/data/user/0/dev.draftingroom5
09-21 13:05:50.335  2399  2650 I AppsFilter: interaction: PackageSetting{2b26bf2 dev.draftingroom5/10209} -> PackageSetting{f4a8e03 com.android.internal.emulation.pixel_8a/10008} BLOCKED
09-21 13:05:50.336  2399  2650 I AppsFilter: interaction: PackageSetting{2b26bf2 dev.draftingroom5/10209} -> PackageSetting{3559180 com.google.android.overlay.googlewebview/10049} BLOCKED
09-21 13:05:50.337  2399  2650 I AppsFilter: interaction: PackageSetting{2b26bf2 dev.draftingroom5/10209} -> PackageSetting{6c423b9 com.google.android.hotspot2.osulogin/10205} BLOCKED
09-21 13:05:50.343  2399  2650 I AppsFilter: interaction: PackageSetting{2b26bf2 dev.draftingroom5/10209} -> PackageSetting{e7bc3fe com.android.simappdialog/10120} BLOCKED
09-21 13:05:50.344  2399  2650 I AppsFilter: interaction: PackageSetting{2b26bf2 dev.draftingroom5/10209} -> PackageSetting{4de075f com.android.internal.display.cutout.emulation.hole/10052} BLOCKED
09-21 13:05:50.344  2399  2650 I AppsFilter: interaction: PackageSetting{2b26bf2 dev.draftingroom5/10209} -> PackageSetting{ecc220a com.android.internal.display.cutout.emulation.tall/10004} BLOCKED
09-21 13:05:50.345  2399  2650 I AppsFilter: interaction: PackageSetting{2b26bf2 dev.draftingroom5/10209} -> PackageSetting{d05ba7b com.android.internal.systemui.navbar.threebutton/10064} BLOCKED
09-21 13:05:50.345  2399  2650 I AppsFilter: interaction: PackageSetting{2b26bf2 dev.draftingroom5/10209} -> PackageSetting{641098 com.android.internal.ranchu.commonoverlay/10054} BLOCKED
09-21 13:05:50.346  2399  2650 I AppsFilter: interaction: PackageSetting{2b26bf2 dev.draftingroom5/10209} -> PackageSetting{53990f1 com.android.systemui.auto_generated_rro_vendor__/10088} BLOCKED
09-21 13:05:50.346  2399  2650 I AppsFilter: interaction: PackageSetting{2b26bf2 dev.draftingroom5/10209} -> PackageSetting{f1254d6 com.android.internal.systemui.navbar.twobutton/10003} BLOCKED
09-21 13:05:50.347  2399  2650 I AppsFilter: interaction: PackageSetting{2b26bf2 dev.draftingroom5/10209} -> PackageSetting{61e4b28 com.google.android.as/10139} BLOCKED
09-21 13:05:50.348  2399  2650 I AppsFilter: interaction: PackageSetting{2b26bf2 dev.draftingroom5/10209} -> PackageSetting{4d59e44 com.android.compos.payload/10194} BLOCKED
09-21 13:05:50.348  2399  2650 I AppsFilter: interaction: PackageSetting{2b26bf2 dev.draftingroom5/10209} -> PackageSetting{1c54b2d com.android.systemui.emulation.pixel_3/10026} BLOCKED
09-21 13:05:50.348  2399  2650 I AppsFilter: interaction: PackageSetting{2b26bf2 dev.draftingroom5/10209} -> PackageSetting{fb6e862 com.android.systemui.emulation.pixel_4/10034} BLOCKED
09-21 13:05:50.348  2399  2650 I AppsFilter: interaction: PackageSetting{2b26bf2 dev.draftingroom5/10209} -> PackageSetting{97afdf3 com.android.systemui.emulation.pixel_5/10071} BLOCKED
09-21 13:05:50.349  2399  2650 I AppsFilter: interaction: PackageSetting{2b26bf2 dev.draftingroom5/10209} -> PackageSetting{fb05ab0 com.android.systemui.emulation.pixel_6/10041} BLOCKED
09-21 13:05:50.351  2399  2650 I AppsFilter: interaction: PackageSetting{2b26bf2 dev.draftingroom5/10209} -> PackageSetting{dd86d29 com.android.systemui.emulation.pixel_7/10036} BLOCKED
09-21 13:05:50.352  2399  2650 I AppsFilter: interaction: PackageSetting{2b26bf2 dev.draftingroom5/10209} -> PackageSetting{d1f28ae com.android.systemui.emulation.pixel_8/10055} BLOCKED
09-21 13:05:50.354  2399  2650 I AppsFilter: interaction: PackageSetting{2b26bf2 dev.draftingroom5/10209} -> PackageSetting{93d864f com.android.systemui.emulation.pixel_9/10037} BLOCKED
09-21 13:05:50.355  2399  2650 I AppsFilter: interaction: PackageSetting{2b26bf2 dev.draftingroom5/10209} -> PackageSetting{e3871dc com.android.printspooler/10126} BLOCKED
09-21 13:05:50.358  2399  2650 I AppsFilter: interaction: PackageSetting{2b26bf2 dev.draftingroom5/10209} -> PackageSetting{ce1b2e5 com.google.android.connectivity.resources.goldfish.overlay/10089} BLOCKED
09-21 13:05:50.359  2399  2650 I AppsFilter: interaction: PackageSetting{2b26bf2 dev.draftingroom5/10209} -> PackageSetting{2b921ba com.android.dreams.basic/10114} BLOCKED
09-21 13:05:50.359  2399  2650 I AppsFilter: interaction: PackageSetting{2b26bf2 dev.draftingroom5/10209} -> PackageSetting{f6386b com.google.android.networkstack.tethering.emulator/10030} BLOCKED
09-21 13:05:50.359  2399  2650 I AppsFilter: interaction: PackageSetting{2b26bf2 dev.draftingroom5/10209} -> PackageSetting{bc8cfc8 com.android.providers.settings.auto_generated_rro_product__/10080} BLOCKED
09-21 13:05:50.360  2399  2650 I AppsFilter: interaction: PackageSetting{2b26bf2 dev.draftingroom5/10209} -> PackageSetting{7f9861 com.google.android.as.oss/10130} BLOCKED
09-21 13:05:50.360  2399  2650 I AppsFilter: interaction: PackageSetting{2b26bf2 dev.draftingroom5/10209} -> PackageSetting{2c79f86 com.android.traceur.auto_generated_rro_product__/10033} BLOCKED
09-21 13:05:50.360  2399  2650 I AppsFilter: interaction: PackageSetting{2b26bf2 dev.draftingroom5/10209} -> PackageSetting{93df047 com.android.internal.emulation.pixel_9_pro_fold/10056} BLOCKED
09-21 13:05:50.361  2399  2650 I AppsFilter: interaction: PackageSetting{2b26bf2 dev.draftingroom5/10209} -> PackageSetting{755f862 com.google.android.devicelockcontroller/10192} BLOCKED
09-21 13:05:50.362  2399  2650 I AppsFilter: interaction: PackageSetting{2b26bf2 dev.draftingroom5/10209} -> PackageSetting{bbc599d com.android.internal.emulation.pixel_3/10017} BLOCKED
09-21 13:05:50.362  2399  2650 I AppsFilter: interaction: PackageSetting{2b26bf2 dev.draftingroom5/10209} -> PackageSetting{eee2e12 com.android.internal.emulation.pixel_4/10058} BLOCKED
09-21 13:05:50.363  2399  2650 I AppsFilter: interaction: PackageSetting{2b26bf2 dev.draftingroom5/10209} -> PackageSetting{15f49e3 com.android.internal.emulation.pixel_5/10061} BLOCKED
09-21 13:05:50.363  2399  2650 I AppsFilter: interaction: PackageSetting{2b26bf2 dev.draftingroom5/10209} -> PackageSetting{6a7cfe0 com.android.internal.emulation.pixel_6/10027} BLOCKED
09-21 13:05:50.364  2399  2650 I AppsFilter: interaction: PackageSetting{2b26bf2 dev.draftingroom5/10209} -> PackageSetting{e09f299 com.android.internal.emulation.pixel_7/10018} BLOCKED
09-21 13:05:50.364  2399  2650 I AppsFilter: interaction: PackageSetting{2b26bf2 dev.draftingroom5/10209} -> PackageSetting{d7d195e com.android.internal.emulation.pixel_8/10031} BLOCKED
09-21 13:05:50.364  2399  2650 I AppsFilter: interaction: PackageSetting{2b26bf2 dev.draftingroom5/10209} -> PackageSetting{8b2a13f com.android.internal.emulation.pixel_9/10059} BLOCKED
09-21 13:05:50.365  2399  2650 I AppsFilter: interaction: PackageSetting{2b26bf2 dev.draftingroom5/10209} -> PackageSetting{6ea0a0c com.google.android.captiveportallogin/10118} BLOCKED
09-21 13:05:50.366  2399  2650 I AppsFilter: interaction: PackageSetting{2b26bf2 dev.draftingroom5/10209} -> PackageSetting{1fe1f55 android.auto_generated_characteristics_rro/10053} BLOCKED
09-21 13:05:50.366  2399  2650 I AppsFilter: interaction: PackageSetting{2b26bf2 dev.draftingroom5/10209} -> PackageSetting{77d6d6a com.google.android.appsearch.apk/10193} BLOCKED
09-21 13:05:50.367  2399  2650 I AppsFilter: interaction: PackageSetting{2b26bf2 dev.draftingroom5/10209} -> PackageSetting{1ba125b com.android.musicfx/10095} BLOCKED
09-21 13:05:50.369  2399  2650 I AppsFilter: interaction: PackageSetting{2b26bf2 dev.draftingroom5/10209} -> PackageSetting{b33baf8 com.google.android.markup/10150} BLOCKED
09-21 13:05:50.370  2399  2650 I AppsFilter: interaction: PackageSetting{2b26bf2 dev.draftingroom5/10209} -> PackageSetting{bce5bd1 com.google.android.webview/10151} BLOCKED
09-21 13:05:50.370  2399  2650 I AppsFilter: interaction: PackageSetting{2b26bf2 dev.draftingroom5/10209} -> PackageSetting{40ace4f com.google.android.rkpdapp/10186} BLOCKED
09-21 13:05:50.371  2399  2650 I AppsFilter: interaction: PackageSetting{2b26bf2 dev.draftingroom5/10209} -> PackageSetting{afd7937 com.android.server.telecom.auto_generated_rro_product__/10040} BLOCKED
09-21 13:05:50.371  2399  2650 I AppsFilter: interaction: PackageSetting{2b26bf2 dev.draftingroom5/10209} -> PackageSetting{658ea4 com.android.phone.auto_generated_characteristics_rro/10019} BLOCKED
09-21 13:05:50.371  2399  2650 I AppsFilter: interaction: PackageSetting{2b26bf2 dev.draftingroom5/10209} -> PackageSetting{38be40d com.google.android.overlay.googleconfig/10079} BLOCKED
09-21 13:05:50.372  2399  2650 I AppsFilter: interaction: PackageSetting{2b26bf2 dev.draftingroom5/10209} -> PackageSetting{11a3fc2 com.android.bips.auto_generated_rro_product__/10048} BLOCKED
09-21 13:05:50.372  2399  2650 I AppsFilter: interaction: PackageSetting{2b26bf2 dev.draftingroom5/10209} -> PackageSetting{9a671d3 com.google.android.apps.customization.pixel/10149} BLOCKED
09-21 13:05:50.373  2399  2650 I AppsFilter: interaction: PackageSetting{2b26bf2 dev.draftingroom5/10209} -> PackageSetting{ebef110 com.google.android.tag/10098} BLOCKED
09-21 13:05:50.373  2399  2650 I AppsFilter: interaction: PackageSetting{2b26bf2 dev.draftingroom5/10209} -> PackageSetting{71fb409 com.google.android.overlay.permissioncontroller/10060} BLOCKED
09-21 13:05:50.375  2399  2650 I AppsFilter: interaction: PackageSetting{2b26bf2 dev.draftingroom5/10209} -> PackageSetting{7226b0e com.google.android.partnersetup/10131} BLOCKED
09-21 13:05:50.375  2399  2650 I AppsFilter: interaction: PackageSetting{2b26bf2 dev.draftingroom5/10209} -> PackageSetting{950960e com.google.android.apps.wallpaper.nexus/10159} BLOCKED
09-21 13:05:50.375  2399  2650 I AppsFilter: interaction: PackageSetting{2b26bf2 dev.draftingroom5/10209} -> PackageSetting{1dc582f com.google.android.apps.nexuslauncher/10179} BLOCKED
09-21 13:05:50.375  2399  2650 I AppsFilter: interaction: PackageSetting{2b26bf2 dev.draftingroom5/10209} -> PackageSetting{10a0e3c com.android.theme.font.notoserifsource/10047} BLOCKED
09-21 13:05:50.376  2399  2650 I AppsFilter: interaction: PackageSetting{2b26bf2 dev.draftingroom5/10209} -> PackageSetting{687c5 com.google.android.safetycenter.resources/10184} BLOCKED
09-21 13:05:50.376  2399  2650 I AppsFilter: interaction: PackageSetting{2b26bf2 dev.draftingroom5/10209} -> PackageSetting{784051a com.android.internal.display.cutout.emulation.waterfall/10029} BLOCKED
09-21 13:05:50.376  2399  2650 I AppsFilter: interaction: PackageSetting{2b26bf2 dev.draftingroom5/10209} -> PackageSetting{8e0484b com.android.internal.systemui.navbar.transparent/10069} BLOCKED
09-21 13:05:50.376  2399  2650 I AppsFilter: interaction: PackageSetting{2b26bf2 dev.draftingroom5/10209} -> PackageSetting{287d228 com.google.android.connectivity.resources/10190} BLOCKED
09-21 13:05:50.377  2399  2650 I AppsFilter: interaction: PackageSetting{2b26bf2 dev.draftingroom5/10209} -> PackageSetting{8ccdb41 com.android.providers.contacts.auto_generated_rro_product__/10011} BLOCKED
09-21 13:05:50.377  2399  2650 I AppsFilter: interaction: PackageSetting{2b26bf2 dev.draftingroom5/10209} -> PackageSetting{f4d58e6 com.google.android.feedback/10173} BLOCKED
09-21 13:05:50.378  2399  2650 I AppsFilter: interaction: PackageSetting{2b26bf2 dev.draftingroom5/10209} -> PackageSetting{ce91e27 com.google.android.printservice.recommendation/10121} BLOCKED
09-21 13:05:50.382  2399  2650 I AppsFilter: interaction: PackageSetting{2b26bf2 dev.draftingroom5/10209} -> PackageSetting{f9be8d4 com.android.systemui.emulation.pixel_3a_xl/10081} BLOCKED
09-21 13:05:50.382  2399  2650 I AppsFilter: interaction: PackageSetting{2b26bf2 dev.draftingroom5/10209} -> PackageSetting{e4aea7d com.android.systemui.emulation.pixel_6_pro/10038} BLOCKED
09-21 13:05:50.382  2399  2650 I AppsFilter: interaction: PackageSetting{2b26bf2 dev.draftingroom5/10209} -> PackageSetting{3061d72 com.android.systemui.emulation.pixel_7_pro/10063} BLOCKED
09-21 13:05:50.382  2399  2650 I AppsFilter: interaction: PackageSetting{2b26bf2 dev.draftingroom5/10209} -> PackageSetting{ebf75c3 com.android.systemui.emulation.pixel_8_pro/10075} BLOCKED
09-21 13:05:50.383  2399  2650 I AppsFilter: interaction: PackageSetting{2b26bf2 dev.draftingroom5/10209} -> PackageSetting{538be40 com.android.systemui.emulation.pixel_9_pro/10025} BLOCKED
09-21 13:05:50.383  2399  2650 I AppsFilter: interaction: PackageSetting{2b26bf2 dev.draftingroom5/10209} -> PackageSetting{8a0b179 com.android.carrierconfig.auto_generated_rro_product__/10006} BLOCKED
09-21 13:05:50.385  2399  2650 I AppsFilter: interaction: PackageSetting{2b26bf2 dev.draftingroom5/10209} -> PackageSetting{f149ebe com.android.devicediagnostics.auto_generated_rro_product__/10062} BLOCKED
09-21 13:05:50.386  2399  2650 I AppsFilter: interaction: PackageSetting{2b26bf2 dev.draftingroom5/10209} -> PackageSetting{919ab1f com.android.providers.partnerbookmarks/10113} BLOCKED
09-21 13:05:50.386  2399  2650 I AppsFilter: interaction: PackageSetting{2b26bf2 dev.draftingroom5/10209} -> PackageSetting{b0b7e6c com.android.wallpaper.livepicker/10097} BLOCKED
09-21 13:05:50.387  2399  2650 I AppsFilter: interaction: PackageSetting{2b26bf2 dev.draftingroom5/10209} -> PackageSetting{7f1ec35 com.android.providers.telephony.auto_generated_rro_product__/10035} BLOCKED
09-21 13:05:50.388  2399  2650 I AppsFilter: interaction: PackageSetting{2b26bf2 dev.draftingroom5/10209} -> PackageSetting{df7e8ca com.android.phone.auto_generated_rro_vendor__/10090} BLOCKED
09-21 13:05:50.398  2399  2650 I AppsFilter: interaction: PackageSetting{2b26bf2 dev.draftingroom5/10209} -> PackageSetting{1b7da3b com.android.imsserviceentitlement/10137} BLOCKED
09-21 13:05:50.399  2399  2650 I AppsFilter: interaction: PackageSetting{2b26bf2 dev.draftingroom5/10209} -> PackageSetting{4681558 com.android.internal.emulation.pixel_9_pro_xl/10012} BLOCKED
09-21 13:05:50.400  2399  2650 I AppsFilter: interaction: PackageSetting{2b26bf2 dev.draftingroom5/10209} -> PackageSetting{113c796 com.android.internal.emulation.pixel_2_xl/10000} BLOCKED
09-21 13:05:50.400  2399  2650 I AppsFilter: interaction: PackageSetting{2b26bf2 dev.draftingroom5/10209} -> PackageSetting{3fdf17 com.android.internal.emulation.pixel_3_xl/10083} BLOCKED
09-21 13:05:50.402  2399  2650 I AppsFilter: interaction: PackageSetting{2b26bf2 dev.draftingroom5/10209} -> PackageSetting{3f52f04 com.android.internal.emulation.pixel_4_xl/10039} BLOCKED
09-21 13:05:50.402  2399  2650 I AppsFilter: interaction: PackageSetting{2b26bf2 dev.draftingroom5/10209} -> PackageSetting{4d06ced com.android.internal.emulation.pixel_fold/10015} BLOCKED
09-21 13:05:50.403  2399  2650 I AppsFilter: interaction: PackageSetting{2b26bf2 dev.draftingroom5/10209} -> PackageSetting{a3cc722 com.android.bookmarkprovider/10112} BLOCKED
09-21 13:05:50.403  2399  2650 I AppsFilter: interaction: PackageSetting{2b26bf2 dev.draftingroom5/10209} -> PackageSetting{6d955b3 com.google.android.overlay.pixelconfigcommon/10005} BLOCKED
09-21 13:05:50.404  2399  2650 I AppsFilter: interaction: PackageSetting{2b26bf2 dev.draftingroom5/10209} -> PackageSetting{e183770 com.android.systemui.accessibility.accessibilitymenu.auto_generated_rro_product__/10044} BLOCKED
09-21 13:05:50.404  2399  2650 I AppsFilter: interaction: PackageSetting{2b26bf2 dev.draftingroom5/10209} -> PackageSetting{1d3eae9 com.android.systemui.emulation.pixel_3a/10077} BLOCKED
09-21 13:05:50.404  2399  2650 I AppsFilter: interaction: PackageSetting{2b26bf2 dev.draftingroom5/10209} -> PackageSetting{204336e com.android.systemui.emulation.pixel_4a/10045} BLOCKED
09-21 13:05:50.405  2399  2650 I AppsFilter: interaction: PackageSetting{2b26bf2 dev.draftingroom5/10209} -> PackageSetting{8899a0f com.android.systemui.emulation.pixel_6a/10076} BLOCKED
09-21 13:05:50.409  2399  2650 I AppsFilter: interaction: PackageSetting{2b26bf2 dev.draftingroom5/10209} -> PackageSetting{6215a9c com.android.systemui.emulation.pixel_7a/10084} BLOCKED
09-21 13:05:50.409  2399  2650 I AppsFilter: interaction: PackageSetting{2b26bf2 dev.draftingroom5/10209} -> PackageSetting{6774ca5 com.android.systemui.emulation.pixel_8a/10072} BLOCKED
09-21 13:05:50.409  2399  2650 I AppsFilter: interaction: PackageSetting{2b26bf2 dev.draftingroom5/10209} -> PackageSetting{176b266 com.google.android.settings.intelligence/10140} BLOCKED
09-21 13:05:50.409  2399  2650 I AppsFilter: interaction: PackageSetting{2b26bf2 dev.draftingroom5/10209} -> PackageSetting{94fc82b com.google.android.uwb.resources/10187} BLOCKED
09-21 13:05:50.410  2399  2650 I AppsFilter: interaction: PackageSetting{2b26bf2 dev.draftingroom5/10209} -> PackageSetting{a9dc27b com.android.cts.ctsshim/10196} BLOCKED
09-21 13:05:50.410  2399  2650 I AppsFilter: interaction: PackageSetting{2b26bf2 dev.draftingroom5/10209} -> PackageSetting{2378488 com.google.android.wifi.resources/10204} BLOCKED
09-21 13:05:50.410  2399  2650 I AppsFilter: interaction: PackageSetting{2b26bf2 dev.draftingroom5/10209} -> PackageSetting{5350e21 com.google.android.wifi.dialog/10206} BLOCKED
09-21 13:05:50.410  2399  2650 I AppsFilter: interaction: PackageSetting{2b26bf2 dev.draftingroom5/10209} -> PackageSetting{6b4246 com.android.wallpaper/10177} BLOCKED
09-21 13:05:50.411  2399  2650 I AppsFilter: interaction: PackageSetting{2b26bf2 dev.draftingroom5/10209} -> PackageSetting{d0da5df com.android.microdroid.empty_payload/10207} BLOCKED
09-21 13:05:50.411  2399  2650 I AppsFilter: interaction: PackageSetting{2b26bf2 dev.draftingroom5/10209} -> PackageSetting{400bc07 com.google.android.apps.wallpaper/10175} BLOCKED
09-21 13:05:50.411  2399  2650 I AppsFilter: interaction: PackageSetting{2b26bf2 dev.draftingroom5/10209} -> PackageSetting{2046134 com.google.android.odad/10133} BLOCKED
09-21 13:05:50.412  2399  2650 I AppsFilter: interaction: PackageSetting{2b26bf2 dev.draftingroom5/10209} -> PackageSetting{3b36b5d com.android.settings.auto_generated_rro_product__/10065} BLOCKED
09-21 13:05:50.413  2399  2650 I AppsFilter: interaction: PackageSetting{2b26bf2 dev.draftingroom5/10209} -> PackageSetting{5093cd2 com.android.systemui.emulation.pixel_9_pro_xl/10032} BLOCKED
09-21 13:05:50.413  2399  2650 I AppsFilter: interaction: PackageSetting{2b26bf2 dev.draftingroom5/10209} -> PackageSetting{1e311a3 com.android.companiondevicemanager.auto_generated_characteristics_rro/10057} BLOCKED
09-21 13:05:50.413  2399  2650 I AppsFilter: interaction: PackageSetting{2b26bf2 dev.draftingroom5/10209} -> PackageSetting{4205ca0 com.android.internal.systemui.navbar.gestural/10014} BLOCKED
09-21 13:05:50.414  2399  2650 I AppsFilter: interaction: PackageSetting{2b26bf2 dev.draftingroom5/10209} -> PackageSetting{1c06059 com.android.bluetoothmidiservice/10116} BLOCKED
09-21 13:05:50.414  2399  2650 I AppsFilter: interaction: PackageSetting{2b26bf2 dev.draftingroom5/10209} -> PackageSetting{a1a541e com.android.storagemanager.auto_generated_rro_product__/10020} BLOCKED
09-21 13:05:50.415  2399  2650 I AppsFilter: interaction: PackageSetting{2b26bf2 dev.draftingroom5/10209} -> PackageSetting{b24ff com.android.phone.auto_generated_rro_product__/10013} BLOCKED
09-21 13:05:50.417  2399  2650 I AppsFilter: interaction: PackageSetting{2b26bf2 dev.draftingroom5/10209} -> PackageSetting{63ea2cc com.android.systemui.emulation.pixel_9_pro_fold/10028} BLOCKED
09-21 13:05:50.418  2399  2650 I AppsFilter: interaction: PackageSetting{2b26bf2 dev.draftingroom5/10209} -> PackageSetting{40da915 android.auto_generated_rro_product__/10001} BLOCKED
09-21 13:05:50.419  2399  2650 I AppsFilter: interaction: PackageSetting{2b26bf2 dev.draftingroom5/10209} -> PackageSetting{e93942a android.auto_generated_rro_vendor__/10087} BLOCKED
09-21 13:05:50.419  2399  2650 I AppsFilter: interaction: PackageSetting{2b26bf2 dev.draftingroom5/10209} -> PackageSetting{e77121b com.google.android.apps.restore/10138} BLOCKED
09-21 13:05:51.442  5614  5759 W TimedProcessReaper: Scheduling killing of process to refresh configuration
09-21 13:05:51.955  5552  5552 D nativeloader: Configuring clns-8 for other apk /system/framework/android.test.mock.jar. target_sdk_version=35, uses_libraries=ALL, library_path=/data/app/~~e5TGsMSBiF4beWKSE9DgeQ==/dev.draftingroom5.test-yeY-JB-nGga1273OBfrq7A==/lib/x86_64:/data/app/~~ysCiP15-rDexij78hY6l2g==/dev.draftingroom5-YKP9PeNGpkGVOUNfMdYmEA==/lib/x86_64, permitted_path=/data:/mnt/expand
09-21 13:05:51.955  2399  2415 I AppsFilter: interaction: PackageSetting{2b26bf2 dev.draftingroom5/10209} -> PackageSetting{22a0320 com.android.cts.priv.ctsshim/10195} BLOCKED
09-21 13:05:51.956  2399  2415 I AppsFilter: interaction: PackageSetting{2b26bf2 dev.draftingroom5/10209} -> PackageSetting{39744d9 com.android.internal.display.cutout.emulation.corner/10002} BLOCKED
09-21 13:05:51.961  2399  2415 I AppsFilter: interaction: PackageSetting{2b26bf2 dev.draftingroom5/10209} -> PackageSetting{7389e9e com.android.internal.display.cutout.emulation.double/10082} BLOCKED
09-21 13:05:51.962  2399  2415 I AppsFilter: interaction: PackageSetting{2b26bf2 dev.draftingroom5/10209} -> PackageSetting{fa3dd7f com.google.android.onetimeinitializer/10128} BLOCKED
09-21 13:05:51.963  2399  2415 I AppsFilter: interaction: PackageSetting{2b26bf2 dev.draftingroom5/10209} -> PackageSetting{57c314c com.google.android.ext.shared/10117} BLOCKED
09-21 13:05:51.963  2399  2415 I AppsFilter: interaction: PackageSetting{2b26bf2 dev.draftingroom5/10209} -> PackageSetting{9ae5595 com.android.virtualmachine.res/10208} BLOCKED
09-21 13:05:51.964  2399  2415 I AppsFilter: interaction: PackageSetting{2b26bf2 dev.draftingroom5/10209} -> PackageSetting{38c06aa com.android.managedprovisioning.auto_generated_rro_product__/10023} BLOCKED
09-21 13:05:51.964  2399  2415 I AppsFilter: interaction: PackageSetting{2b26bf2 dev.draftingroom5/10209} -> PackageSetting{e22d29b com.android.carrierconfig.auto_generated_rro_vendor__/10086} BLOCKED
09-21 13:05:51.966  2399  2415 I AppsFilter: interaction: PackageSetting{2b26bf2 dev.draftingroom5/10209} -> PackageSetting{fe11638 com.google.android.server.deviceconfig.resources/10197} BLOCKED
09-21 13:05:51.967  2399  2415 I AppsFilter: interaction: PackageSetting{2b26bf2 dev.draftingroom5/10209} -> PackageSetting{eebb611 com.android.systemui.emulation.pixel_3_xl/10046} BLOCKED
09-21 13:05:51.967  2399  2415 I AppsFilter: interaction: PackageSetting{2b26bf2 dev.draftingroom5/10209} -> PackageSetting{3ad5de4 com.android.systemui.emulation.pixel_4_xl/10068} BLOCKED
09-21 13:05:51.968  2399  2415 I AppsFilter: interaction: PackageSetting{2b26bf2 dev.draftingroom5/10209} -> PackageSetting{5c4a24d com.android.systemui.emulation.pixel_fold/10024} BLOCKED
09-21 13:05:51.968  2399  2415 I AppsFilter: interaction: PackageSetting{2b26bf2 dev.draftingroom5/10209} -> PackageSetting{2bac102 com.android.providers.telephony.auto_generated_characteristics_rro/10022} BLOCKED
09-21 13:05:51.969  2399  2415 I AppsFilter: interaction: PackageSetting{2b26bf2 dev.draftingroom5/10209} -> PackageSetting{9defa13 com.android.simappdialog.auto_generated_rro_product__/10009} BLOCKED
09-21 13:05:51.970  2399  2415 I AppsFilter: interaction: PackageSetting{2b26bf2 dev.draftingroom5/10209} -> PackageSetting{1d47450 com.android.htmlviewer/10115} BLOCKED
09-21 13:05:51.971  2399  2415 I AppsFilter: interaction: PackageSetting{2b26bf2 dev.draftingroom5/10209} -> PackageSetting{8c61649 com.google.android.health.connect.backuprestore/10199} BLOCKED
09-21 13:05:51.971  2399  2415 I AppsFilter: interaction: PackageSetting{2b26bf2 dev.draftingroom5/10209} -> PackageSetting{c97eb4e com.android.systemui.auto_generated_rro_product__/10043} BLOCKED
09-21 13:05:51.972  2399  2415 I AppsFilter: interaction: PackageSetting{2b26bf2 dev.draftingroom5/10209} -> PackageSetting{2b5246f com.google.android.soundpicker/10162} BLOCKED
09-21 13:05:51.976  2399  2415 I AppsFilter: interaction: PackageSetting{2b26bf2 dev.draftingroom5/10209} -> PackageSetting{514857c com.google.android.marvin.talkbackoverlay/10085} BLOCKED
09-21 13:05:51.977  2399  2415 I AppsFilter: interaction: PackageSetting{2b26bf2 dev.draftingroom5/10209} -> PackageSetting{450ce05 com.google.android.configupdater/10136} BLOCKED
09-21 13:05:51.977  2399  2415 I AppsFilter: interaction: PackageSetting{2b26bf2 dev.draftingroom5/10209} -> PackageSetting{20b6e5a com.android.internal.emulation.pixel_3a_xl/10021} BLOCKED
09-21 13:05:51.977  2399  2415 I AppsFilter: interaction: PackageSetting{2b26bf2 dev.draftingroom5/10209} -> PackageSetting{e19988b com.android.internal.emulation.pixel_6_pro/10067} BLOCKED
09-21 13:05:51.978  2399  2415 I AppsFilter: interaction: PackageSetting{2b26bf2 dev.draftingroom5/10209} -> PackageSetting{3e27d68 com.android.internal.emulation.pixel_7_pro/10074} BLOCKED
09-21 13:05:51.978  2399  2415 I AppsFilter: interaction: PackageSetting{2b26bf2 dev.draftingroom5/10209} -> PackageSetting{154581 com.android.internal.emulation.pixel_8_pro/10050} BLOCKED
09-21 13:05:51.979  2399  2415 I AppsFilter: interaction: PackageSetting{2b26bf2 dev.draftingroom5/10209} -> PackageSetting{7021626 com.android.internal.emulation.pixel_9_pro/10016} BLOCKED
09-21 13:05:51.979  2399  2415 I AppsFilter: interaction: PackageSetting{2b26bf2 dev.draftingroom5/10209} -> PackageSetting{6073267 com.android.internal.emulation.pixel_3a/10010} BLOCKED
09-21 13:05:51.981  2399  2415 I AppsFilter: interaction: PackageSetting{2b26bf2 dev.draftingroom5/10209} -> PackageSetting{5160814 com.android.internal.emulation.pixel_4a/10042} BLOCKED
09-21 13:05:51.982  2399  2415 I AppsFilter: interaction: PackageSetting{2b26bf2 dev.draftingroom5/10209} -> PackageSetting{44fb8bd com.android.internal.emulation.pixel_6a/10078} BLOCKED
09-21 13:05:51.982  2399  2415 I AppsFilter: interaction: PackageSetting{2b26bf2 dev.draftingroom5/10209} -> PackageSetting{f696eb2 com.android.internal.emulation.pixel_7a/10073} BLOCKED
09-21 13:05:51.983  2399  2415 I AppsFilter: interaction: PackageSetting{2b26bf2 dev.draftingroom5/10209} -> PackageSetting{f4a8e03 com.android.internal.emulation.pixel_8a/10008} BLOCKED
09-21 13:05:51.983  2399  2415 I AppsFilter: interaction: PackageSetting{2b26bf2 dev.draftingroom5/10209} -> PackageSetting{3559180 com.google.android.overlay.googlewebview/10049} BLOCKED
09-21 13:05:51.983  2399  2415 I AppsFilter: interaction: PackageSetting{2b26bf2 dev.draftingroom5/10209} -> PackageSetting{6c423b9 com.google.android.hotspot2.osulogin/10205} BLOCKED
09-21 13:05:51.984  2399  2415 I AppsFilter: interaction: PackageSetting{2b26bf2 dev.draftingroom5/10209} -> PackageSetting{e7bc3fe com.android.simappdialog/10120} BLOCKED
09-21 13:05:51.987  2399  2415 I AppsFilter: interaction: PackageSetting{2b26bf2 dev.draftingroom5/10209} -> PackageSetting{4de075f com.android.internal.display.cutout.emulation.hole/10052} BLOCKED
09-21 13:05:51.987  2399  2415 I AppsFilter: interaction: PackageSetting{2b26bf2 dev.draftingroom5/10209} -> PackageSetting{ecc220a com.android.internal.display.cutout.emulation.tall/10004} BLOCKED
09-21 13:05:51.987  2399  2415 I AppsFilter: interaction: PackageSetting{2b26bf2 dev.draftingroom5/10209} -> PackageSetting{d05ba7b com.android.internal.systemui.navbar.threebutton/10064} BLOCKED
09-21 13:05:51.989  2399  2415 I AppsFilter: interaction: PackageSetting{2b26bf2 dev.draftingroom5/10209} -> PackageSetting{641098 com.android.internal.ranchu.commonoverlay/10054} BLOCKED
09-21 13:05:51.991  2399  2415 I AppsFilter: interaction: PackageSetting{2b26bf2 dev.draftingroom5/10209} -> PackageSetting{53990f1 com.android.systemui.auto_generated_rro_vendor__/10088} BLOCKED
09-21 13:05:51.996  2399  2415 I AppsFilter: interaction: PackageSetting{2b26bf2 dev.draftingroom5/10209} -> PackageSetting{f1254d6 com.android.internal.systemui.navbar.twobutton/10003} BLOCKED
09-21 13:05:51.996  2399  2415 I AppsFilter: interaction: PackageSetting{2b26bf2 dev.draftingroom5/10209} -> PackageSetting{61e4b28 com.google.android.as/10139} BLOCKED
09-21 13:05:51.997  2399  2415 I AppsFilter: interaction: PackageSetting{2b26bf2 dev.draftingroom5/10209} -> PackageSetting{4d59e44 com.android.compos.payload/10194} BLOCKED
09-21 13:05:51.997  2399  2415 I AppsFilter: interaction: PackageSetting{2b26bf2 dev.draftingroom5/10209} -> PackageSetting{1c54b2d com.android.systemui.emulation.pixel_3/10026} BLOCKED
09-21 13:05:51.998  2399  2415 I AppsFilter: interaction: PackageSetting{2b26bf2 dev.draftingroom5/10209} -> PackageSetting{fb6e862 com.android.systemui.emulation.pixel_4/10034} BLOCKED
09-21 13:05:52.004  2399  2415 I AppsFilter: interaction: PackageSetting{2b26bf2 dev.draftingroom5/10209} -> PackageSetting{97afdf3 com.android.systemui.emulation.pixel_5/10071} BLOCKED
09-21 13:05:52.006  2399  2415 I AppsFilter: interaction: PackageSetting{2b26bf2 dev.draftingroom5/10209} -> PackageSetting{fb05ab0 com.android.systemui.emulation.pixel_6/10041} BLOCKED
09-21 13:05:52.006  2399  2415 I AppsFilter: interaction: PackageSetting{2b26bf2 dev.draftingroom5/10209} -> PackageSetting{dd86d29 com.android.systemui.emulation.pixel_7/10036} BLOCKED
09-21 13:05:52.007  2399  2415 I AppsFilter: interaction: PackageSetting{2b26bf2 dev.draftingroom5/10209} -> PackageSetting{d1f28ae com.android.systemui.emulation.pixel_8/10055} BLOCKED
09-21 13:05:52.007  2399  2415 I AppsFilter: interaction: PackageSetting{2b26bf2 dev.draftingroom5/10209} -> PackageSetting{93d864f com.android.systemui.emulation.pixel_9/10037} BLOCKED
09-21 13:05:52.008  2399  2415 I AppsFilter: interaction: PackageSetting{2b26bf2 dev.draftingroom5/10209} -> PackageSetting{e3871dc com.android.printspooler/10126} BLOCKED
09-21 13:05:52.010  2399  2415 I AppsFilter: interaction: PackageSetting{2b26bf2 dev.draftingroom5/10209} -> PackageSetting{ce1b2e5 com.google.android.connectivity.resources.goldfish.overlay/10089} BLOCKED
09-21 13:05:52.011  2399  2415 I AppsFilter: interaction: PackageSetting{2b26bf2 dev.draftingroom5/10209} -> PackageSetting{2b921ba com.android.dreams.basic/10114} BLOCKED
09-21 13:05:52.012  2399  2415 I AppsFilter: interaction: PackageSetting{2b26bf2 dev.draftingroom5/10209} -> PackageSetting{f6386b com.google.android.networkstack.tethering.emulator/10030} BLOCKED
09-21 13:05:52.014  2399  2415 I AppsFilter: interaction: PackageSetting{2b26bf2 dev.draftingroom5/10209} -> PackageSetting{bc8cfc8 com.android.providers.settings.auto_generated_rro_product__/10080} BLOCKED
09-21 13:05:52.014  2399  2415 I AppsFilter: interaction: PackageSetting{2b26bf2 dev.draftingroom5/10209} -> PackageSetting{7f9861 com.google.android.as.oss/10130} BLOCKED
09-21 13:05:52.020  2399  2415 I AppsFilter: interaction: PackageSetting{2b26bf2 dev.draftingroom5/10209} -> PackageSetting{2c79f86 com.android.traceur.auto_generated_rro_product__/10033} BLOCKED
09-21 13:05:52.023  5552  5552 D nativeloader: Configuring clns-9 for other apk /system/framework/android.test.runner.jar. target_sdk_version=35, uses_libraries=ALL, library_path=/data/app/~~e5TGsMSBiF4beWKSE9DgeQ==/dev.draftingroom5.test-yeY-JB-nGga1273OBfrq7A==/lib/x86_64:/data/app/~~ysCiP15-rDexij78hY6l2g==/dev.draftingroom5-YKP9PeNGpkGVOUNfMdYmEA==/lib/x86_64, permitted_path=/data:/mnt/expand
09-21 13:05:52.024  2399  2415 I AppsFilter: interaction: PackageSetting{2b26bf2 dev.draftingroom5/10209} -> PackageSetting{93df047 com.android.internal.emulation.pixel_9_pro_fold/10056} BLOCKED
09-21 13:05:52.024  2399  2415 I AppsFilter: interaction: PackageSetting{2b26bf2 dev.draftingroom5/10209} -> PackageSetting{755f862 com.google.android.devicelockcontroller/10192} BLOCKED
09-21 13:05:52.025  2399  2415 I AppsFilter: interaction: PackageSetting{2b26bf2 dev.draftingroom5/10209} -> PackageSetting{bbc599d com.android.internal.emulation.pixel_3/10017} BLOCKED
09-21 13:05:52.026  2399  2415 I AppsFilter: interaction: PackageSetting{2b26bf2 dev.draftingroom5/10209} -> PackageSetting{eee2e12 com.android.internal.emulation.pixel_4/10058} BLOCKED
09-21 13:05:52.026  2399  2415 I AppsFilter: interaction: PackageSetting{2b26bf2 dev.draftingroom5/10209} -> PackageSetting{15f49e3 com.android.internal.emulation.pixel_5/10061} BLOCKED
09-21 13:05:52.030  2399  2415 I AppsFilter: interaction: PackageSetting{2b26bf2 dev.draftingroom5/10209} -> PackageSetting{6a7cfe0 com.android.internal.emulation.pixel_6/10027} BLOCKED
09-21 13:05:52.030  2399  2415 I AppsFilter: interaction: PackageSetting{2b26bf2 dev.draftingroom5/10209} -> PackageSetting{e09f299 com.android.internal.emulation.pixel_7/10018} BLOCKED
09-21 13:05:52.031  2399  2415 I AppsFilter: interaction: PackageSetting{2b26bf2 dev.draftingroom5/10209} -> PackageSetting{d7d195e com.android.internal.emulation.pixel_8/10031} BLOCKED
09-21 13:05:52.032  2399  2415 I AppsFilter: interaction: PackageSetting{2b26bf2 dev.draftingroom5/10209} -> PackageSetting{8b2a13f com.android.internal.emulation.pixel_9/10059} BLOCKED
09-21 13:05:52.032  2399  2415 I AppsFilter: interaction: PackageSetting{2b26bf2 dev.draftingroom5/10209} -> PackageSetting{6ea0a0c com.google.android.captiveportallogin/10118} BLOCKED
09-21 13:05:52.032  2399  2415 I AppsFilter: interaction: PackageSetting{2b26bf2 dev.draftingroom5/10209} -> PackageSetting{1fe1f55 android.auto_generated_characteristics_rro/10053} BLOCKED
09-21 13:05:52.032  2399  2415 I AppsFilter: interaction: PackageSetting{2b26bf2 dev.draftingroom5/10209} -> PackageSetting{77d6d6a com.google.android.appsearch.apk/10193} BLOCKED
09-21 13:05:52.033  2399  2415 I AppsFilter: interaction: PackageSetting{2b26bf2 dev.draftingroom5/10209} -> PackageSetting{1ba125b com.android.musicfx/10095} BLOCKED
09-21 13:05:52.033  2399  2415 I AppsFilter: interaction: PackageSetting{2b26bf2 dev.draftingroom5/10209} -> PackageSetting{b33baf8 com.google.android.markup/10150} BLOCKED
09-21 13:05:52.033  2399  2415 I AppsFilter: interaction: PackageSetting{2b26bf2 dev.draftingroom5/10209} -> PackageSetting{bce5bd1 com.google.android.webview/10151} BLOCKED
09-21 13:05:52.035  2399  2415 I AppsFilter: interaction: PackageSetting{2b26bf2 dev.draftingroom5/10209} -> PackageSetting{40ace4f com.google.android.rkpdapp/10186} BLOCKED
09-21 13:05:52.035  2399  2415 I AppsFilter: interaction: PackageSetting{2b26bf2 dev.draftingroom5/10209} -> PackageSetting{afd7937 com.android.server.telecom.auto_generated_rro_product__/10040} BLOCKED
09-21 13:05:52.036  2399  2415 I AppsFilter: interaction: PackageSetting{2b26bf2 dev.draftingroom5/10209} -> PackageSetting{658ea4 com.android.phone.auto_generated_characteristics_rro/10019} BLOCKED
09-21 13:05:52.036  2399  2415 I AppsFilter: interaction: PackageSetting{2b26bf2 dev.draftingroom5/10209} -> PackageSetting{38be40d com.google.android.overlay.googleconfig/10079} BLOCKED
09-21 13:05:52.037  2399  2415 I AppsFilter: interaction: PackageSetting{2b26bf2 dev.draftingroom5/10209} -> PackageSetting{11a3fc2 com.android.bips.auto_generated_rro_product__/10048} BLOCKED
09-21 13:05:52.038  2399  2415 I AppsFilter: interaction: PackageSetting{2b26bf2 dev.draftingroom5/10209} -> PackageSetting{9a671d3 com.google.android.apps.customization.pixel/10149} BLOCKED
09-21 13:05:52.038  2399  2415 I AppsFilter: interaction: PackageSetting{2b26bf2 dev.draftingroom5/10209} -> PackageSetting{ebef110 com.google.android.tag/10098} BLOCKED
09-21 13:05:52.038  2399  2415 I AppsFilter: interaction: PackageSetting{2b26bf2 dev.draftingroom5/10209} -> PackageSetting{71fb409 com.google.android.overlay.permissioncontroller/10060} BLOCKED
09-21 13:05:52.039  2399  2415 I AppsFilter: interaction: PackageSetting{2b26bf2 dev.draftingroom5/10209} -> PackageSetting{7226b0e com.google.android.partnersetup/10131} BLOCKED
09-21 13:05:52.040  2399  2415 I AppsFilter: interaction: PackageSetting{2b26bf2 dev.draftingroom5/10209} -> PackageSetting{950960e com.google.android.apps.wallpaper.nexus/10159} BLOCKED
09-21 13:05:52.040  2399  2415 I AppsFilter: interaction: PackageSetting{2b26bf2 dev.draftingroom5/10209} -> PackageSetting{1dc582f com.google.android.apps.nexuslauncher/10179} BLOCKED
09-21 13:05:52.043  2399  2415 I AppsFilter: interaction: PackageSetting{2b26bf2 dev.draftingroom5/10209} -> PackageSetting{10a0e3c com.android.theme.font.notoserifsource/10047} BLOCKED
09-21 13:05:52.043  2399  2415 I AppsFilter: interaction: PackageSetting{2b26bf2 dev.draftingroom5/10209} -> PackageSetting{687c5 com.google.android.safetycenter.resources/10184} BLOCKED
09-21 13:05:52.044  2399  2415 I AppsFilter: interaction: PackageSetting{2b26bf2 dev.draftingroom5/10209} -> PackageSetting{784051a com.android.internal.display.cutout.emulation.waterfall/10029} BLOCKED
09-21 13:05:52.044  2399  2415 I AppsFilter: interaction: PackageSetting{2b26bf2 dev.draftingroom5/10209} -> PackageSetting{8e0484b com.android.internal.systemui.navbar.transparent/10069} BLOCKED
09-21 13:05:52.046  2399  2415 I AppsFilter: interaction: PackageSetting{2b26bf2 dev.draftingroom5/10209} -> PackageSetting{287d228 com.google.android.connectivity.resources/10190} BLOCKED
09-21 13:05:52.046  2399  2415 I AppsFilter: interaction: PackageSetting{2b26bf2 dev.draftingroom5/10209} -> PackageSetting{8ccdb41 com.android.providers.contacts.auto_generated_rro_product__/10011} BLOCKED
09-21 13:05:52.047  2399  2415 I AppsFilter: interaction: PackageSetting{2b26bf2 dev.draftingroom5/10209} -> PackageSetting{f4d58e6 com.google.android.feedback/10173} BLOCKED
09-21 13:05:52.047  2399  2415 I AppsFilter: interaction: PackageSetting{2b26bf2 dev.draftingroom5/10209} -> PackageSetting{ce91e27 com.google.android.printservice.recommendation/10121} BLOCKED
09-21 13:05:52.047  2399  2415 I AppsFilter: interaction: PackageSetting{2b26bf2 dev.draftingroom5/10209} -> PackageSetting{f9be8d4 com.android.systemui.emulation.pixel_3a_xl/10081} BLOCKED
09-21 13:05:52.048  2399  2415 I AppsFilter: interaction: PackageSetting{2b26bf2 dev.draftingroom5/10209} -> PackageSetting{e4aea7d com.android.systemui.emulation.pixel_6_pro/10038} BLOCKED
09-21 13:05:52.048  2399  2415 I AppsFilter: interaction: PackageSetting{2b26bf2 dev.draftingroom5/10209} -> PackageSetting{3061d72 com.android.systemui.emulation.pixel_7_pro/10063} BLOCKED
09-21 13:05:52.048  2399  2415 I AppsFilter: interaction: PackageSetting{2b26bf2 dev.draftingroom5/10209} -> PackageSetting{ebf75c3 com.android.systemui.emulation.pixel_8_pro/10075} BLOCKED
09-21 13:05:52.050  2399  2415 I AppsFilter: interaction: PackageSetting{2b26bf2 dev.draftingroom5/10209} -> PackageSetting{538be40 com.android.systemui.emulation.pixel_9_pro/10025} BLOCKED
09-21 13:05:52.050  2399  2415 I AppsFilter: interaction: PackageSetting{2b26bf2 dev.draftingroom5/10209} -> PackageSetting{8a0b179 com.android.carrierconfig.auto_generated_rro_product__/10006} BLOCKED
09-21 13:05:52.051  2399  2415 I AppsFilter: interaction: PackageSetting{2b26bf2 dev.draftingroom5/10209} -> PackageSetting{f149ebe com.android.devicediagnostics.auto_generated_rro_product__/10062} BLOCKED
09-21 13:05:52.051  2399  2415 I AppsFilter: interaction: PackageSetting{2b26bf2 dev.draftingroom5/10209} -> PackageSetting{919ab1f com.android.providers.partnerbookmarks/10113} BLOCKED
09-21 13:05:52.051  2399  2415 I AppsFilter: interaction: PackageSetting{2b26bf2 dev.draftingroom5/10209} -> PackageSetting{b0b7e6c com.android.wallpaper.livepicker/10097} BLOCKED
09-21 13:05:52.051  2399  2415 I AppsFilter: interaction: PackageSetting{2b26bf2 dev.draftingroom5/10209} -> PackageSetting{7f1ec35 com.android.providers.telephony.auto_generated_rro_product__/10035} BLOCKED
09-21 13:05:52.052  2399  2415 I AppsFilter: interaction: PackageSetting{2b26bf2 dev.draftingroom5/10209} -> PackageSetting{df7e8ca com.android.phone.auto_generated_rro_vendor__/10090} BLOCKED
09-21 13:05:52.056  2399  2415 I AppsFilter: interaction: PackageSetting{2b26bf2 dev.draftingroom5/10209} -> PackageSetting{1b7da3b com.android.imsserviceentitlement/10137} BLOCKED
09-21 13:05:52.056  2399  2415 I AppsFilter: interaction: PackageSetting{2b26bf2 dev.draftingroom5/10209} -> PackageSetting{4681558 com.android.internal.emulation.pixel_9_pro_xl/10012} BLOCKED
09-21 13:05:52.056  2399  2415 I AppsFilter: interaction: PackageSetting{2b26bf2 dev.draftingroom5/10209} -> PackageSetting{113c796 com.android.internal.emulation.pixel_2_xl/10000} BLOCKED
09-21 13:05:52.057  2399  2415 I AppsFilter: interaction: PackageSetting{2b26bf2 dev.draftingroom5/10209} -> PackageSetting{3fdf17 com.android.internal.emulation.pixel_3_xl/10083} BLOCKED
09-21 13:05:52.058  2399  2415 I AppsFilter: interaction: PackageSetting{2b26bf2 dev.draftingroom5/10209} -> PackageSetting{3f52f04 com.android.internal.emulation.pixel_4_xl/10039} BLOCKED
09-21 13:05:52.058  2399  2415 I AppsFilter: interaction: PackageSetting{2b26bf2 dev.draftingroom5/10209} -> PackageSetting{4d06ced com.android.internal.emulation.pixel_fold/10015} BLOCKED
09-21 13:05:52.058  2399  2415 I AppsFilter: interaction: PackageSetting{2b26bf2 dev.draftingroom5/10209} -> PackageSetting{a3cc722 com.android.bookmarkprovider/10112} BLOCKED
09-21 13:05:52.058  2399  2415 I AppsFilter: interaction: PackageSetting{2b26bf2 dev.draftingroom5/10209} -> PackageSetting{6d955b3 com.google.android.overlay.pixelconfigcommon/10005} BLOCKED
09-21 13:05:52.058  2399  2415 I AppsFilter: interaction: PackageSetting{2b26bf2 dev.draftingroom5/10209} -> PackageSetting{e183770 com.android.systemui.accessibility.accessibilitymenu.auto_generated_rro_product__/10044} BLOCKED
09-21 13:05:52.059  2399  2415 I AppsFilter: interaction: PackageSetting{2b26bf2 dev.draftingroom5/10209} -> PackageSetting{1d3eae9 com.android.systemui.emulation.pixel_3a/10077} BLOCKED
09-21 13:05:52.059  2399  2415 I AppsFilter: interaction: PackageSetting{2b26bf2 dev.draftingroom5/10209} -> PackageSetting{204336e com.android.systemui.emulation.pixel_4a/10045} BLOCKED
09-21 13:05:52.059  2399  2415 I AppsFilter: interaction: PackageSetting{2b26bf2 dev.draftingroom5/10209} -> PackageSetting{8899a0f com.android.systemui.emulation.pixel_6a/10076} BLOCKED
09-21 13:05:52.059  2399  2415 I AppsFilter: interaction: PackageSetting{2b26bf2 dev.draftingroom5/10209} -> PackageSetting{6215a9c com.android.systemui.emulation.pixel_7a/10084} BLOCKED
09-21 13:05:52.060  2399  2415 I AppsFilter: interaction: PackageSetting{2b26bf2 dev.draftingroom5/10209} -> PackageSetting{6774ca5 com.android.systemui.emulation.pixel_8a/10072} BLOCKED
09-21 13:05:52.061  2399  2415 I AppsFilter: interaction: PackageSetting{2b26bf2 dev.draftingroom5/10209} -> PackageSetting{176b266 com.google.android.settings.intelligence/10140} BLOCKED
09-21 13:05:52.061  2399  2415 I AppsFilter: interaction: PackageSetting{2b26bf2 dev.draftingroom5/10209} -> PackageSetting{94fc82b com.google.android.uwb.resources/10187} BLOCKED
09-21 13:05:52.062  2399  2415 I AppsFilter: interaction: PackageSetting{2b26bf2 dev.draftingroom5/10209} -> PackageSetting{a9dc27b com.android.cts.ctsshim/10196} BLOCKED
09-21 13:05:52.062  2399  2415 I AppsFilter: interaction: PackageSetting{2b26bf2 dev.draftingroom5/10209} -> PackageSetting{2378488 com.google.android.wifi.resources/10204} BLOCKED
09-21 13:05:52.063  2399  2415 I AppsFilter: interaction: PackageSetting{2b26bf2 dev.draftingroom5/10209} -> PackageSetting{5350e21 com.google.android.wifi.dialog/10206} BLOCKED
09-21 13:05:52.063  2399  2415 I AppsFilter: interaction: PackageSetting{2b26bf2 dev.draftingroom5/10209} -> PackageSetting{6b4246 com.android.wallpaper/10177} BLOCKED
09-21 13:05:52.063  2399  2415 I AppsFilter: interaction: PackageSetting{2b26bf2 dev.draftingroom5/10209} -> PackageSetting{d0da5df com.android.microdroid.empty_payload/10207} BLOCKED
09-21 13:05:52.063  2399  2415 I AppsFilter: interaction: PackageSetting{2b26bf2 dev.draftingroom5/10209} -> PackageSetting{400bc07 com.google.android.apps.wallpaper/10175} BLOCKED
09-21 13:05:52.064  2399  2415 I AppsFilter: interaction: PackageSetting{2b26bf2 dev.draftingroom5/10209} -> PackageSetting{2046134 com.google.android.odad/10133} BLOCKED
09-21 13:05:52.070  2399  2415 I AppsFilter: interaction: PackageSetting{2b26bf2 dev.draftingroom5/10209} -> PackageSetting{3b36b5d com.android.settings.auto_generated_rro_product__/10065} BLOCKED
09-21 13:05:52.072  2399  2415 I AppsFilter: interaction: PackageSetting{2b26bf2 dev.draftingroom5/10209} -> PackageSetting{5093cd2 com.android.systemui.emulation.pixel_9_pro_xl/10032} BLOCKED
09-21 13:05:52.073  2399  2415 I AppsFilter: interaction: PackageSetting{2b26bf2 dev.draftingroom5/10209} -> PackageSetting{1e311a3 com.android.companiondevicemanager.auto_generated_characteristics_rro/10057} BLOCKED
09-21 13:05:52.073  2399  2415 I AppsFilter: interaction: PackageSetting{2b26bf2 dev.draftingroom5/10209} -> PackageSetting{4205ca0 com.android.internal.systemui.navbar.gestural/10014} BLOCKED
09-21 13:05:52.073  2399  2415 I AppsFilter: interaction: PackageSetting{2b26bf2 dev.draftingroom5/10209} -> PackageSetting{1c06059 com.android.bluetoothmidiservice/10116} BLOCKED
09-21 13:05:52.073  2399  2415 I AppsFilter: interaction: PackageSetting{2b26bf2 dev.draftingroom5/10209} -> PackageSetting{a1a541e com.android.storagemanager.auto_generated_rro_product__/10020} BLOCKED
09-21 13:05:52.074  2399  2415 I AppsFilter: interaction: PackageSetting{2b26bf2 dev.draftingroom5/10209} -> PackageSetting{b24ff com.android.phone.auto_generated_rro_product__/10013} BLOCKED
09-21 13:05:52.074  2399  2415 I AppsFilter: interaction: PackageSetting{2b26bf2 dev.draftingroom5/10209} -> PackageSetting{63ea2cc com.android.systemui.emulation.pixel_9_pro_fold/10028} BLOCKED
09-21 13:05:52.074  2399  2415 I AppsFilter: interaction: PackageSetting{2b26bf2 dev.draftingroom5/10209} -> PackageSetting{40da915 android.auto_generated_rro_product__/10001} BLOCKED
09-21 13:05:52.074  2399  2415 I AppsFilter: interaction: PackageSetting{2b26bf2 dev.draftingroom5/10209} -> PackageSetting{e93942a android.auto_generated_rro_vendor__/10087} BLOCKED
09-21 13:05:52.075  2399  2415 I AppsFilter: interaction: PackageSetting{2b26bf2 dev.draftingroom5/10209} -> PackageSetting{e77121b com.google.android.apps.restore/10138} BLOCKED
09-21 13:05:52.079  2399  3593 I AppsFilter: interaction: PackageSetting{2b26bf2 dev.draftingroom5/10209} -> PackageSetting{22a0320 com.android.cts.priv.ctsshim/10195} BLOCKED
09-21 13:05:52.079  2399  3593 I AppsFilter: interaction: PackageSetting{2b26bf2 dev.draftingroom5/10209} -> PackageSetting{39744d9 com.android.internal.display.cutout.emulation.corner/10002} BLOCKED
09-21 13:05:52.081  2399  3593 I AppsFilter: interaction: PackageSetting{2b26bf2 dev.draftingroom5/10209} -> PackageSetting{7389e9e com.android.internal.display.cutout.emulation.double/10082} BLOCKED
09-21 13:05:52.081  2399  3593 I AppsFilter: interaction: PackageSetting{2b26bf2 dev.draftingroom5/10209} -> PackageSetting{fa3dd7f com.google.android.onetimeinitializer/10128} BLOCKED
09-21 13:05:52.082  2399  3593 I AppsFilter: interaction: PackageSetting{2b26bf2 dev.draftingroom5/10209} -> PackageSetting{57c314c com.google.android.ext.shared/10117} BLOCKED
09-21 13:05:52.082  2399  3593 I AppsFilter: interaction: PackageSetting{2b26bf2 dev.draftingroom5/10209} -> PackageSetting{9ae5595 com.android.virtualmachine.res/10208} BLOCKED
09-21 13:05:52.083  2399  3593 I AppsFilter: interaction: PackageSetting{2b26bf2 dev.draftingroom5/10209} -> PackageSetting{38c06aa com.android.managedprovisioning.auto_generated_rro_product__/10023} BLOCKED
09-21 13:05:52.083  2399  3593 I AppsFilter: interaction: PackageSetting{2b26bf2 dev.draftingroom5/10209} -> PackageSetting{e22d29b com.android.carrierconfig.auto_generated_rro_vendor__/10086} BLOCKED
09-21 13:05:52.083  2399  3593 I AppsFilter: interaction: PackageSetting{2b26bf2 dev.draftingroom5/10209} -> PackageSetting{fe11638 com.google.android.server.deviceconfig.resources/10197} BLOCKED
09-21 13:05:52.084  2399  3593 I AppsFilter: interaction: PackageSetting{2b26bf2 dev.draftingroom5/10209} -> PackageSetting{eebb611 com.android.systemui.emulation.pixel_3_xl/10046} BLOCKED
09-21 13:05:52.087  2399  3593 I AppsFilter: interaction: PackageSetting{2b26bf2 dev.draftingroom5/10209} -> PackageSetting{3ad5de4 com.android.systemui.emulation.pixel_4_xl/10068} BLOCKED
09-21 13:05:52.088  2399  3593 I AppsFilter: interaction: PackageSetting{2b26bf2 dev.draftingroom5/10209} -> PackageSetting{5c4a24d com.android.systemui.emulation.pixel_fold/10024} BLOCKED
09-21 13:05:52.088  2399  3593 I AppsFilter: interaction: PackageSetting{2b26bf2 dev.draftingroom5/10209} -> PackageSetting{2bac102 com.android.providers.telephony.auto_generated_characteristics_rro/10022} BLOCKED
09-21 13:05:52.088  2399  3593 I AppsFilter: interaction: PackageSetting{2b26bf2 dev.draftingroom5/10209} -> PackageSetting{9defa13 com.android.simappdialog.auto_generated_rro_product__/10009} BLOCKED
09-21 13:05:52.089  2399  3593 I AppsFilter: interaction: PackageSetting{2b26bf2 dev.draftingroom5/10209} -> PackageSetting{1d47450 com.android.htmlviewer/10115} BLOCKED
09-21 13:05:52.097  2399  3593 I AppsFilter: interaction: PackageSetting{2b26bf2 dev.draftingroom5/10209} -> PackageSetting{8c61649 com.google.android.health.connect.backuprestore/10199} BLOCKED
09-21 13:05:52.098  2399  3593 I AppsFilter: interaction: PackageSetting{2b26bf2 dev.draftingroom5/10209} -> PackageSetting{c97eb4e com.android.systemui.auto_generated_rro_product__/10043} BLOCKED
09-21 13:05:52.098  2399  3593 I AppsFilter: interaction: PackageSetting{2b26bf2 dev.draftingroom5/10209} -> PackageSetting{2b5246f com.google.android.soundpicker/10162} BLOCKED
09-21 13:05:52.098  2399  3593 I AppsFilter: interaction: PackageSetting{2b26bf2 dev.draftingroom5/10209} -> PackageSetting{514857c com.google.android.marvin.talkbackoverlay/10085} BLOCKED
09-21 13:05:52.099  2399  3593 I AppsFilter: interaction: PackageSetting{2b26bf2 dev.draftingroom5/10209} -> PackageSetting{450ce05 com.google.android.configupdater/10136} BLOCKED
09-21 13:05:52.100  2399  3593 I AppsFilter: interaction: PackageSetting{2b26bf2 dev.draftingroom5/10209} -> PackageSetting{20b6e5a com.android.internal.emulation.pixel_3a_xl/10021} BLOCKED
09-21 13:05:52.100  2399  3593 I AppsFilter: interaction: PackageSetting{2b26bf2 dev.draftingroom5/10209} -> PackageSetting{e19988b com.android.internal.emulation.pixel_6_pro/10067} BLOCKED
09-21 13:05:52.100  2399  3593 I AppsFilter: interaction: PackageSetting{2b26bf2 dev.draftingroom5/10209} -> PackageSetting{3e27d68 com.android.internal.emulation.pixel_7_pro/10074} BLOCKED
09-21 13:05:52.103  2399  3593 I AppsFilter: interaction: PackageSetting{2b26bf2 dev.draftingroom5/10209} -> PackageSetting{154581 com.android.internal.emulation.pixel_8_pro/10050} BLOCKED
09-21 13:05:52.103  2399  3593 I AppsFilter: interaction: PackageSetting{2b26bf2 dev.draftingroom5/10209} -> PackageSetting{7021626 com.android.internal.emulation.pixel_9_pro/10016} BLOCKED
09-21 13:05:52.103  2399  3593 I AppsFilter: interaction: PackageSetting{2b26bf2 dev.draftingroom5/10209} -> PackageSetting{6073267 com.android.internal.emulation.pixel_3a/10010} BLOCKED
09-21 13:05:52.105  2399  3593 I AppsFilter: interaction: PackageSetting{2b26bf2 dev.draftingroom5/10209} -> PackageSetting{5160814 com.android.internal.emulation.pixel_4a/10042} BLOCKED
09-21 13:05:52.106  2399  3593 I AppsFilter: interaction: PackageSetting{2b26bf2 dev.draftingroom5/10209} -> PackageSetting{44fb8bd com.android.internal.emulation.pixel_6a/10078} BLOCKED
09-21 13:05:52.106  2399  3593 I AppsFilter: interaction: PackageSetting{2b26bf2 dev.draftingroom5/10209} -> PackageSetting{f696eb2 com.android.internal.emulation.pixel_7a/10073} BLOCKED
09-21 13:05:52.107  2399  3593 I AppsFilter: interaction: PackageSetting{2b26bf2 dev.draftingroom5/10209} -> PackageSetting{f4a8e03 com.android.internal.emulation.pixel_8a/10008} BLOCKED
09-21 13:05:52.107  2399  3593 I AppsFilter: interaction: PackageSetting{2b26bf2 dev.draftingroom5/10209} -> PackageSetting{3559180 com.google.android.overlay.googlewebview/10049} BLOCKED
09-21 13:05:52.107  2399  3593 I AppsFilter: interaction: PackageSetting{2b26bf2 dev.draftingroom5/10209} -> PackageSetting{6c423b9 com.google.android.hotspot2.osulogin/10205} BLOCKED
09-21 13:05:52.107  2399  3593 I AppsFilter: interaction: PackageSetting{2b26bf2 dev.draftingroom5/10209} -> PackageSetting{e7bc3fe com.android.simappdialog/10120} BLOCKED
09-21 13:05:52.108  2399  3593 I AppsFilter: interaction: PackageSetting{2b26bf2 dev.draftingroom5/10209} -> PackageSetting{4de075f com.android.internal.display.cutout.emulation.hole/10052} BLOCKED
09-21 13:05:52.108  2399  3593 I AppsFilter: interaction: PackageSetting{2b26bf2 dev.draftingroom5/10209} -> PackageSetting{ecc220a com.android.internal.display.cutout.emulation.tall/10004} BLOCKED
09-21 13:05:52.108  2399  3593 I AppsFilter: interaction: PackageSetting{2b26bf2 dev.draftingroom5/10209} -> PackageSetting{d05ba7b com.android.internal.systemui.navbar.threebutton/10064} BLOCKED
09-21 13:05:52.108  2399  3593 I AppsFilter: interaction: PackageSetting{2b26bf2 dev.draftingroom5/10209} -> PackageSetting{641098 com.android.internal.ranchu.commonoverlay/10054} BLOCKED
09-21 13:05:52.110  2399  3593 I AppsFilter: interaction: PackageSetting{2b26bf2 dev.draftingroom5/10209} -> PackageSetting{53990f1 com.android.systemui.auto_generated_rro_vendor__/10088} BLOCKED
09-21 13:05:52.110  2399  3593 I AppsFilter: interaction: PackageSetting{2b26bf2 dev.draftingroom5/10209} -> PackageSetting{f1254d6 com.android.internal.systemui.navbar.twobutton/10003} BLOCKED
09-21 13:05:52.110  2399  3593 I AppsFilter: interaction: PackageSetting{2b26bf2 dev.draftingroom5/10209} -> PackageSetting{61e4b28 com.google.android.as/10139} BLOCKED
09-21 13:05:52.112  2399  3593 I AppsFilter: interaction: PackageSetting{2b26bf2 dev.draftingroom5/10209} -> PackageSetting{4d59e44 com.android.compos.payload/10194} BLOCKED
09-21 13:05:52.115  2399  3593 I AppsFilter: interaction: PackageSetting{2b26bf2 dev.draftingroom5/10209} -> PackageSetting{1c54b2d com.android.systemui.emulation.pixel_3/10026} BLOCKED
09-21 13:05:52.115  2399  3593 I AppsFilter: interaction: PackageSetting{2b26bf2 dev.draftingroom5/10209} -> PackageSetting{fb6e862 com.android.systemui.emulation.pixel_4/10034} BLOCKED
09-21 13:05:52.115  2399  3593 I AppsFilter: interaction: PackageSetting{2b26bf2 dev.draftingroom5/10209} -> PackageSetting{97afdf3 com.android.systemui.emulation.pixel_5/10071} BLOCKED
09-21 13:05:52.116  2399  3593 I AppsFilter: interaction: PackageSetting{2b26bf2 dev.draftingroom5/10209} -> PackageSetting{fb05ab0 com.android.systemui.emulation.pixel_6/10041} BLOCKED
09-21 13:05:52.116  2399  3593 I AppsFilter: interaction: PackageSetting{2b26bf2 dev.draftingroom5/10209} -> PackageSetting{dd86d29 com.android.systemui.emulation.pixel_7/10036} BLOCKED
09-21 13:05:52.117  2399  3593 I AppsFilter: interaction: PackageSetting{2b26bf2 dev.draftingroom5/10209} -> PackageSetting{d1f28ae com.android.systemui.emulation.pixel_8/10055} BLOCKED
09-21 13:05:52.119  2399  3593 I AppsFilter: interaction: PackageSetting{2b26bf2 dev.draftingroom5/10209} -> PackageSetting{93d864f com.android.systemui.emulation.pixel_9/10037} BLOCKED
09-21 13:05:52.119  2399  3593 I AppsFilter: interaction: PackageSetting{2b26bf2 dev.draftingroom5/10209} -> PackageSetting{e3871dc com.android.printspooler/10126} BLOCKED
09-21 13:05:52.119  2399  3593 I AppsFilter: interaction: PackageSetting{2b26bf2 dev.draftingroom5/10209} -> PackageSetting{ce1b2e5 com.google.android.connectivity.resources.goldfish.overlay/10089} BLOCKED
09-21 13:05:52.120  2399  3593 I AppsFilter: interaction: PackageSetting{2b26bf2 dev.draftingroom5/10209} -> PackageSetting{2b921ba com.android.dreams.basic/10114} BLOCKED
09-21 13:05:52.121  2399  3593 I AppsFilter: interaction: PackageSetting{2b26bf2 dev.draftingroom5/10209} -> PackageSetting{f6386b com.google.android.networkstack.tethering.emulator/10030} BLOCKED
09-21 13:05:52.121  2399  3593 I AppsFilter: interaction: PackageSetting{2b26bf2 dev.draftingroom5/10209} -> PackageSetting{bc8cfc8 com.android.providers.settings.auto_generated_rro_product__/10080} BLOCKED
09-21 13:05:52.122  2399  3593 I AppsFilter: interaction: PackageSetting{2b26bf2 dev.draftingroom5/10209} -> PackageSetting{7f9861 com.google.android.as.oss/10130} BLOCKED
09-21 13:05:52.122  2399  3593 I AppsFilter: interaction: PackageSetting{2b26bf2 dev.draftingroom5/10209} -> PackageSetting{2c79f86 com.android.traceur.auto_generated_rro_product__/10033} BLOCKED
09-21 13:05:52.122  2399  3593 I AppsFilter: interaction: PackageSetting{2b26bf2 dev.draftingroom5/10209} -> PackageSetting{93df047 com.android.internal.emulation.pixel_9_pro_fold/10056} BLOCKED
09-21 13:05:52.123  2399  3593 I AppsFilter: interaction: PackageSetting{2b26bf2 dev.draftingroom5/10209} -> PackageSetting{755f862 com.google.android.devicelockcontroller/10192} BLOCKED
09-21 13:05:52.123  2399  3593 I AppsFilter: interaction: PackageSetting{2b26bf2 dev.draftingroom5/10209} -> PackageSetting{bbc599d com.android.internal.emulation.pixel_3/10017} BLOCKED
09-21 13:05:52.123  2399  3593 I AppsFilter: interaction: PackageSetting{2b26bf2 dev.draftingroom5/10209} -> PackageSetting{eee2e12 com.android.internal.emulation.pixel_4/10058} BLOCKED
09-21 13:05:52.123  2399  3593 I AppsFilter: interaction: PackageSetting{2b26bf2 dev.draftingroom5/10209} -> PackageSetting{15f49e3 com.android.internal.emulation.pixel_5/10061} BLOCKED
09-21 13:05:52.123  2399  3593 I AppsFilter: interaction: PackageSetting{2b26bf2 dev.draftingroom5/10209} -> PackageSetting{6a7cfe0 com.android.internal.emulation.pixel_6/10027} BLOCKED
09-21 13:05:52.124  2399  3593 I AppsFilter: interaction: PackageSetting{2b26bf2 dev.draftingroom5/10209} -> PackageSetting{e09f299 com.android.internal.emulation.pixel_7/10018} BLOCKED
09-21 13:05:52.128  2399  3593 I AppsFilter: interaction: PackageSetting{2b26bf2 dev.draftingroom5/10209} -> PackageSetting{d7d195e com.android.internal.emulation.pixel_8/10031} BLOCKED
09-21 13:05:52.128  2399  3593 I AppsFilter: interaction: PackageSetting{2b26bf2 dev.draftingroom5/10209} -> PackageSetting{8b2a13f com.android.internal.emulation.pixel_9/10059} BLOCKED
09-21 13:05:52.128  2399  3593 I AppsFilter: interaction: PackageSetting{2b26bf2 dev.draftingroom5/10209} -> PackageSetting{6ea0a0c com.google.android.captiveportallogin/10118} BLOCKED
09-21 13:05:52.129  2399  3593 I AppsFilter: interaction: PackageSetting{2b26bf2 dev.draftingroom5/10209} -> PackageSetting{1fe1f55 android.auto_generated_characteristics_rro/10053} BLOCKED
09-21 13:05:52.129  2399  3593 I AppsFilter: interaction: PackageSetting{2b26bf2 dev.draftingroom5/10209} -> PackageSetting{77d6d6a com.google.android.appsearch.apk/10193} BLOCKED
09-21 13:05:52.130  2399  3593 I AppsFilter: interaction: PackageSetting{2b26bf2 dev.draftingroom5/10209} -> PackageSetting{1ba125b com.android.musicfx/10095} BLOCKED
09-21 13:05:52.131  2399  3593 I AppsFilter: interaction: PackageSetting{2b26bf2 dev.draftingroom5/10209} -> PackageSetting{b33baf8 com.google.android.markup/10150} BLOCKED
09-21 13:05:52.132  2399  3593 I AppsFilter: interaction: PackageSetting{2b26bf2 dev.draftingroom5/10209} -> PackageSetting{bce5bd1 com.google.android.webview/10151} BLOCKED
09-21 13:05:52.132  2399  3593 I AppsFilter: interaction: PackageSetting{2b26bf2 dev.draftingroom5/10209} -> PackageSetting{40ace4f com.google.android.rkpdapp/10186} BLOCKED
09-21 13:05:52.134  2399  3593 I AppsFilter: interaction: PackageSetting{2b26bf2 dev.draftingroom5/10209} -> PackageSetting{afd7937 com.android.server.telecom.auto_generated_rro_product__/10040} BLOCKED
09-21 13:05:52.134  2399  3593 I AppsFilter: interaction: PackageSetting{2b26bf2 dev.draftingroom5/10209} -> PackageSetting{658ea4 com.android.phone.auto_generated_characteristics_rro/10019} BLOCKED
09-21 13:05:52.135  2399  3593 I AppsFilter: interaction: PackageSetting{2b26bf2 dev.draftingroom5/10209} -> PackageSetting{38be40d com.google.android.overlay.googleconfig/10079} BLOCKED
09-21 13:05:52.135  2399  3593 I AppsFilter: interaction: PackageSetting{2b26bf2 dev.draftingroom5/10209} -> PackageSetting{11a3fc2 com.android.bips.auto_generated_rro_product__/10048} BLOCKED
09-21 13:05:52.135  2399  3593 I AppsFilter: interaction: PackageSetting{2b26bf2 dev.draftingroom5/10209} -> PackageSetting{9a671d3 com.google.android.apps.customization.pixel/10149} BLOCKED
09-21 13:05:52.135  2399  3593 I AppsFilter: interaction: PackageSetting{2b26bf2 dev.draftingroom5/10209} -> PackageSetting{ebef110 com.google.android.tag/10098} BLOCKED
09-21 13:05:52.137  2399  3593 I AppsFilter: interaction: PackageSetting{2b26bf2 dev.draftingroom5/10209} -> PackageSetting{71fb409 com.google.android.overlay.permissioncontroller/10060} BLOCKED
09-21 13:05:52.138  2399  3593 I AppsFilter: interaction: PackageSetting{2b26bf2 dev.draftingroom5/10209} -> PackageSetting{7226b0e com.google.android.partnersetup/10131} BLOCKED
09-21 13:05:52.138  2399  3593 I AppsFilter: interaction: PackageSetting{2b26bf2 dev.draftingroom5/10209} -> PackageSetting{950960e com.google.android.apps.wallpaper.nexus/10159} BLOCKED
09-21 13:05:52.138  2399  3593 I AppsFilter: interaction: PackageSetting{2b26bf2 dev.draftingroom5/10209} -> PackageSetting{1dc582f com.google.android.apps.nexuslauncher/10179} BLOCKED
09-21 13:05:52.149  2399  3593 I AppsFilter: interaction: PackageSetting{2b26bf2 dev.draftingroom5/10209} -> PackageSetting{10a0e3c com.android.theme.font.notoserifsource/10047} BLOCKED
09-21 13:05:52.149  2399  3593 I AppsFilter: interaction: PackageSetting{2b26bf2 dev.draftingroom5/10209} -> PackageSetting{687c5 com.google.android.safetycenter.resources/10184} BLOCKED
09-21 13:05:52.150  2399  3593 I AppsFilter: interaction: PackageSetting{2b26bf2 dev.draftingroom5/10209} -> PackageSetting{784051a com.android.internal.display.cutout.emulation.waterfall/10029} BLOCKED
09-21 13:05:52.150  2399  3593 I AppsFilter: interaction: PackageSetting{2b26bf2 dev.draftingroom5/10209} -> PackageSetting{8e0484b com.android.internal.systemui.navbar.transparent/10069} BLOCKED
09-21 13:05:52.151  2399  3593 I AppsFilter: interaction: PackageSetting{2b26bf2 dev.draftingroom5/10209} -> PackageSetting{287d228 com.google.android.connectivity.resources/10190} BLOCKED
09-21 13:05:52.151  2399  3593 I AppsFilter: interaction: PackageSetting{2b26bf2 dev.draftingroom5/10209} -> PackageSetting{8ccdb41 com.android.providers.contacts.auto_generated_rro_product__/10011} BLOCKED
09-21 13:05:52.152  2399  3593 I AppsFilter: interaction: PackageSetting{2b26bf2 dev.draftingroom5/10209} -> PackageSetting{f4d58e6 com.google.android.feedback/10173} BLOCKED
09-21 13:05:52.153  2399  3593 I AppsFilter: interaction: PackageSetting{2b26bf2 dev.draftingroom5/10209} -> PackageSetting{ce91e27 com.google.android.printservice.recommendation/10121} BLOCKED
09-21 13:05:52.154  2399  3593 I AppsFilter: interaction: PackageSetting{2b26bf2 dev.draftingroom5/10209} -> PackageSetting{f9be8d4 com.android.systemui.emulation.pixel_3a_xl/10081} BLOCKED
09-21 13:05:52.154  2399  3593 I AppsFilter: interaction: PackageSetting{2b26bf2 dev.draftingroom5/10209} -> PackageSetting{e4aea7d com.android.systemui.emulation.pixel_6_pro/10038} BLOCKED
09-21 13:05:52.154  2399  3593 I AppsFilter: interaction: PackageSetting{2b26bf2 dev.draftingroom5/10209} -> PackageSetting{3061d72 com.android.systemui.emulation.pixel_7_pro/10063} BLOCKED
09-21 13:05:52.155  2399  3593 I AppsFilter: interaction: PackageSetting{2b26bf2 dev.draftingroom5/10209} -> PackageSetting{ebf75c3 com.android.systemui.emulation.pixel_8_pro/10075} BLOCKED
09-21 13:05:52.155  2399  3593 I AppsFilter: interaction: PackageSetting{2b26bf2 dev.draftingroom5/10209} -> PackageSetting{538be40 com.android.systemui.emulation.pixel_9_pro/10025} BLOCKED
09-21 13:05:52.156  2399  3593 I AppsFilter: interaction: PackageSetting{2b26bf2 dev.draftingroom5/10209} -> PackageSetting{8a0b179 com.android.carrierconfig.auto_generated_rro_product__/10006} BLOCKED
09-21 13:05:52.156  2399  3593 I AppsFilter: interaction: PackageSetting{2b26bf2 dev.draftingroom5/10209} -> PackageSetting{f149ebe com.android.devicediagnostics.auto_generated_rro_product__/10062} BLOCKED
09-21 13:05:52.157  2399  3593 I AppsFilter: interaction: PackageSetting{2b26bf2 dev.draftingroom5/10209} -> PackageSetting{919ab1f com.android.providers.partnerbookmarks/10113} BLOCKED
09-21 13:05:52.157  2399  3593 I AppsFilter: interaction: PackageSetting{2b26bf2 dev.draftingroom5/10209} -> PackageSetting{b0b7e6c com.android.wallpaper.livepicker/10097} BLOCKED
09-21 13:05:52.157  2399  3593 I AppsFilter: interaction: PackageSetting{2b26bf2 dev.draftingroom5/10209} -> PackageSetting{7f1ec35 com.android.providers.telephony.auto_generated_rro_product__/10035} BLOCKED
09-21 13:05:52.157  2399  3593 I AppsFilter: interaction: PackageSetting{2b26bf2 dev.draftingroom5/10209} -> PackageSetting{df7e8ca com.android.phone.auto_generated_rro_vendor__/10090} BLOCKED
09-21 13:05:52.158  2399  3593 I AppsFilter: interaction: PackageSetting{2b26bf2 dev.draftingroom5/10209} -> PackageSetting{1b7da3b com.android.imsserviceentitlement/10137} BLOCKED
09-21 13:05:52.158  2399  3593 I AppsFilter: interaction: PackageSetting{2b26bf2 dev.draftingroom5/10209} -> PackageSetting{4681558 com.android.internal.emulation.pixel_9_pro_xl/10012} BLOCKED
09-21 13:05:52.158  2399  3593 I AppsFilter: interaction: PackageSetting{2b26bf2 dev.draftingroom5/10209} -> PackageSetting{113c796 com.android.internal.emulation.pixel_2_xl/10000} BLOCKED
09-21 13:05:52.158  2399  3593 I AppsFilter: interaction: PackageSetting{2b26bf2 dev.draftingroom5/10209} -> PackageSetting{3fdf17 com.android.internal.emulation.pixel_3_xl/10083} BLOCKED
09-21 13:05:52.159  2399  3593 I AppsFilter: interaction: PackageSetting{2b26bf2 dev.draftingroom5/10209} -> PackageSetting{3f52f04 com.android.internal.emulation.pixel_4_xl/10039} BLOCKED
09-21 13:05:52.159  2399  3593 I AppsFilter: interaction: PackageSetting{2b26bf2 dev.draftingroom5/10209} -> PackageSetting{4d06ced com.android.internal.emulation.pixel_fold/10015} BLOCKED
09-21 13:05:52.159  2399  3593 I AppsFilter: interaction: PackageSetting{2b26bf2 dev.draftingroom5/10209} -> PackageSetting{a3cc722 com.android.bookmarkprovider/10112} BLOCKED
09-21 13:05:52.160  2399  3593 I AppsFilter: interaction: PackageSetting{2b26bf2 dev.draftingroom5/10209} -> PackageSetting{6d955b3 com.google.android.overlay.pixelconfigcommon/10005} BLOCKED
09-21 13:05:52.161  2399  3593 I AppsFilter: interaction: PackageSetting{2b26bf2 dev.draftingroom5/10209} -> PackageSetting{e183770 com.android.systemui.accessibility.accessibilitymenu.auto_generated_rro_product__/10044} BLOCKED
09-21 13:05:52.161  2399  3593 I AppsFilter: interaction: PackageSetting{2b26bf2 dev.draftingroom5/10209} -> PackageSetting{1d3eae9 com.android.systemui.emulation.pixel_3a/10077} BLOCKED
09-21 13:05:52.161  2399  3593 I AppsFilter: interaction: PackageSetting{2b26bf2 dev.draftingroom5/10209} -> PackageSetting{204336e com.android.systemui.emulation.pixel_4a/10045} BLOCKED
09-21 13:05:52.162  2399  3593 I AppsFilter: interaction: PackageSetting{2b26bf2 dev.draftingroom5/10209} -> PackageSetting{8899a0f com.android.systemui.emulation.pixel_6a/10076} BLOCKED
09-21 13:05:52.163  2399  3593 I AppsFilter: interaction: PackageSetting{2b26bf2 dev.draftingroom5/10209} -> PackageSetting{6215a9c com.android.systemui.emulation.pixel_7a/10084} BLOCKED
09-21 13:05:52.163  2399  3593 I AppsFilter: interaction: PackageSetting{2b26bf2 dev.draftingroom5/10209} -> PackageSetting{6774ca5 com.android.systemui.emulation.pixel_8a/10072} BLOCKED
09-21 13:05:52.164  2399  3593 I AppsFilter: interaction: PackageSetting{2b26bf2 dev.draftingroom5/10209} -> PackageSetting{176b266 com.google.android.settings.intelligence/10140} BLOCKED
09-21 13:05:52.166  2399  3593 I AppsFilter: interaction: PackageSetting{2b26bf2 dev.draftingroom5/10209} -> PackageSetting{94fc82b com.google.android.uwb.resources/10187} BLOCKED
09-21 13:05:52.166  2399  3593 I AppsFilter: interaction: PackageSetting{2b26bf2 dev.draftingroom5/10209} -> PackageSetting{a9dc27b com.android.cts.ctsshim/10196} BLOCKED
09-21 13:05:52.167  2399  3593 I AppsFilter: interaction: PackageSetting{2b26bf2 dev.draftingroom5/10209} -> PackageSetting{2378488 com.google.android.wifi.resources/10204} BLOCKED
09-21 13:05:52.167  2399  3593 I AppsFilter: interaction: PackageSetting{2b26bf2 dev.draftingroom5/10209} -> PackageSetting{5350e21 com.google.android.wifi.dialog/10206} BLOCKED
09-21 13:05:52.168  2399  3593 I AppsFilter: interaction: PackageSetting{2b26bf2 dev.draftingroom5/10209} -> PackageSetting{6b4246 com.android.wallpaper/10177} BLOCKED
09-21 13:05:52.168  2399  3593 I AppsFilter: interaction: PackageSetting{2b26bf2 dev.draftingroom5/10209} -> PackageSetting{d0da5df com.android.microdroid.empty_payload/10207} BLOCKED
09-21 13:05:52.169  2399  3593 I AppsFilter: interaction: PackageSetting{2b26bf2 dev.draftingroom5/10209} -> PackageSetting{400bc07 com.google.android.apps.wallpaper/10175} BLOCKED
09-21 13:05:52.169  2399  3593 I AppsFilter: interaction: PackageSetting{2b26bf2 dev.draftingroom5/10209} -> PackageSetting{2046134 com.google.android.odad/10133} BLOCKED
09-21 13:05:52.169  2399  3593 I AppsFilter: interaction: PackageSetting{2b26bf2 dev.draftingroom5/10209} -> PackageSetting{3b36b5d com.android.settings.auto_generated_rro_product__/10065} BLOCKED
09-21 13:05:52.169  2399  3593 I AppsFilter: interaction: PackageSetting{2b26bf2 dev.draftingroom5/10209} -> PackageSetting{5093cd2 com.android.systemui.emulation.pixel_9_pro_xl/10032} BLOCKED
09-21 13:05:52.175  2399  3593 I AppsFilter: interaction: PackageSetting{2b26bf2 dev.draftingroom5/10209} -> PackageSetting{1e311a3 com.android.companiondevicemanager.auto_generated_characteristics_rro/10057} BLOCKED
09-21 13:05:52.176  2399  3593 I AppsFilter: interaction: PackageSetting{2b26bf2 dev.draftingroom5/10209} -> PackageSetting{4205ca0 com.android.internal.systemui.navbar.gestural/10014} BLOCKED
09-21 13:05:52.176  2399  3593 I AppsFilter: interaction: PackageSetting{2b26bf2 dev.draftingroom5/10209} -> PackageSetting{1c06059 com.android.bluetoothmidiservice/10116} BLOCKED
09-21 13:05:52.176  2399  3593 I AppsFilter: interaction: PackageSetting{2b26bf2 dev.draftingroom5/10209} -> PackageSetting{a1a541e com.android.storagemanager.auto_generated_rro_product__/10020} BLOCKED
09-21 13:05:52.177  2399  3593 I AppsFilter: interaction: PackageSetting{2b26bf2 dev.draftingroom5/10209} -> PackageSetting{b24ff com.android.phone.auto_generated_rro_product__/10013} BLOCKED
09-21 13:05:52.178  2399  3593 I AppsFilter: interaction: PackageSetting{2b26bf2 dev.draftingroom5/10209} -> PackageSetting{63ea2cc com.android.systemui.emulation.pixel_9_pro_fold/10028} BLOCKED
09-21 13:05:52.178  2399  3593 I AppsFilter: interaction: PackageSetting{2b26bf2 dev.draftingroom5/10209} -> PackageSetting{40da915 android.auto_generated_rro_product__/10001} BLOCKED
09-21 13:05:52.178  2399  3593 I AppsFilter: interaction: PackageSetting{2b26bf2 dev.draftingroom5/10209} -> PackageSetting{e93942a android.auto_generated_rro_vendor__/10087} BLOCKED
09-21 13:05:52.179  2399  3593 I AppsFilter: interaction: PackageSetting{2b26bf2 dev.draftingroom5/10209} -> PackageSetting{e77121b com.google.android.apps.restore/10138} BLOCKED
09-21 13:05:52.274  5552  5552 W v.draftingroom5: ClassLoaderContext shared library size mismatch. Expected=2, found=3 (PCL[]{PCL[/system/framework/android.test.base.jar*724373495]#PCL[/system/framework/android.test.mock.jar*1452759902]} | PCL[]{PCL[/system/framework/android.test.base.jar*724373495]#PCL[/system/framework/android.test.mock.jar*1452759902]#PCL[/system/framework/android.test.runner.jar*2496447986]{PCL[/system/framework/android.test.base.jar*724373495]#PCL[/system/framework/android.test.mock.jar*1452759902]}};PCL[/system/framework/android.test.runner.jar*2496447986:/system/framework/android.test.mock.jar*1452759902:/system/framework/android.test.base.jar*724373495:/data/app/~~e5TGsMSBiF4beWKSE9DgeQ==/dev.draftingroom5.test-yeY-JB-nGga1273OBfrq7A==/base.apk*923074131:/data/app/~~ysCiP15-rDexij78hY6l2g==/dev.draftingroom5-YKP9PeNGpkGVOUNfMdYmEA==/base.apk*1684593485])
09-21 13:05:52.298  5552  5552 W v.draftingroom5: ClassLoaderContext classpath size mismatch. expected=0, found=1 (PCL[] | PCL[/system/framework/android.test.runner.jar*2496447986]{PCL[/system/framework/android.test.base.jar*724373495]#PCL[/system/framework/android.test.mock.jar*1452759902]#PCL[/system/framework/android.test.runner.jar*2496447986]{PCL[/system/framework/android.test.base.jar*724373495]#PCL[/system/framework/android.test.mock.jar*1452759902]}};PCL[/system/framework/android.test.runner.jar*2496447986:/system/framework/android.test.mock.jar*1452759902:/system/framework/android.test.base.jar*724373495:/data/app/~~e5TGsMSBiF4beWKSE9DgeQ==/dev.draftingroom5.test-yeY-JB-nGga1273OBfrq7A==/base.apk*923074131:/data/app/~~ysCiP15-rDexij78hY6l2g==/dev.draftingroom5-YKP9PeNGpkGVOUNfMdYmEA==/base.apk*1684593485])
09-21 13:05:52.318  5552  5552 W v.draftingroom5: ClassLoaderContext classpath size mismatch. expected=0, found=2 (PCL[] | PCL[/system/framework/android.test.runner.jar*2496447986:/system/framework/android.test.mock.jar*1452759902]{PCL[/system/framework/android.test.base.jar*724373495]#PCL[/system/framework/android.test.mock.jar*1452759902]#PCL[/system/framework/android.test.runner.jar*2496447986]{PCL[/system/framework/android.test.base.jar*724373495]#PCL[/system/framework/android.test.mock.jar*1452759902]}};PCL[/system/framework/android.test.runner.jar*2496447986:/system/framework/android.test.mock.jar*1452759902:/system/framework/android.test.base.jar*724373495:/data/app/~~e5TGsMSBiF4beWKSE9DgeQ==/dev.draftingroom5.test-yeY-JB-nGga1273OBfrq7A==/base.apk*923074131:/data/app/~~ysCiP15-rDexij78hY6l2g==/dev.draftingroom5-YKP9PeNGpkGVOUNfMdYmEA==/base.apk*1684593485])
09-21 13:05:52.344  5552  5552 W ziparchive: Unable to open '/data/app/~~e5TGsMSBiF4beWKSE9DgeQ==/dev.draftingroom5.test-yeY-JB-nGga1273OBfrq7A==/base.dm': No such file or directory
09-21 13:05:52.351  5552  5552 W ziparchive: Unable to open '/data/app/~~e5TGsMSBiF4beWKSE9DgeQ==/dev.draftingroom5.test-yeY-JB-nGga1273OBfrq7A==/base.dm': No such file or directory
09-21 13:05:52.355  5552  5552 W ziparchive: Unable to open '/data/app/~~ysCiP15-rDexij78hY6l2g==/dev.draftingroom5-YKP9PeNGpkGVOUNfMdYmEA==/base.dm': No such file or directory
09-21 13:05:52.356  5552  5552 W ziparchive: Unable to open '/data/app/~~ysCiP15-rDexij78hY6l2g==/dev.draftingroom5-YKP9PeNGpkGVOUNfMdYmEA==/base.dm': No such file or directory
09-21 13:05:52.407  5691  5804 W TimedProcessReaper: Scheduling killing of process to refresh configuration
09-21 13:05:52.448  5691  5804 W TimedProcessReaper: Scheduling killing of process to refresh configuration
09-21 13:05:52.605  5691  5804 W TimedProcessReaper: Scheduling killing of process to refresh configuration
09-21 13:05:53.249  2399  5601 D OomAdjuster: Not killing cached processes
09-21 13:05:54.050  5552  5568 I v.draftingroom5: Thread[2,tid=5568,WaitingInMainSignalCatcherLoop,Thread*=0x7957347b7b20,peer=0x14002e68,"Signal Catcher"]: reacting to signal 3
09-21 13:05:54.050  5552  5568 I v.draftingroom5: 
09-21 13:05:55.023  5552  5568 I v.draftingroom5: Wrote stack traces to tombstoned
09-21 13:05:55.220  2399  5866 E ActivityManager: ANR in dev.draftingroom5
09-21 13:05:55.220  2399  5866 E ActivityManager: Reason: Process ProcessRecord{cba8db5 5552:dev.draftingroom5/u0a209} failed to complete startup
09-21 13:05:55.220  2399  5866 E ActivityManager:   20% 5552/dev.draftingroom5: 15% user + 5% kernel / faults: 9503 minor 28 major
09-21 13:05:55.310  2399  5866 I ActivityManager: Killing 5552:dev.draftingroom5/u0a209 (adj 0): bg anr
09-21 13:05:55.333  2399  5866 D ActivityManager: Completed ANR of dev.draftingroom5 in 1492ms, latency 3ms (expired, only dump ANR app)
09-21 13:05:55.405  5691  5810 W TimedProcessReaper: Scheduling killing of process to refresh configuration
09-21 13:05:55.757  4064  4077 W gle.android.gms: ApkAssets: Deleting an ApkAssets object '<empty> and /data/app/~~ysCiP15-rDexij78hY6l2g==/dev.draftingroom5-YKP9PeNGpkGVOUNfMdYmEA==/base.apk' with 1 weak references
09-21 13:05:55.986  5691  5809 W TimedProcessReaper: Scheduling killing of process to refresh configuration
09-21 13:05:56.623  2399  2414 W ActivityManager: Crash of app dev.draftingroom5 running instrumentation ComponentInfo{dev.draftingroom5.test/dev.draftingroom5.WidgetAuditInstrumentation}
09-21 13:05:56.627  2399  2414 I ActivityManager: Force stopping dev.draftingroom5 appid=10209 user=0: finished inst
09-21 13:05:57.619  5691  5810 W TimedProcessReaper: Scheduling killing of process to refresh configuration
09-21 13:05:58.554  2399  2935 D OomAdjuster: Not killing cached processes
09-21 13:06:00.823  2399  2438 I ActivityManager: Killing 5361:com.google.android.settings.intelligence/u0a140 (adj 925): excessive binder traffic during cached
