package: name='dev.draftingroom5' versionCode='27002' versionName='0.27.0' platformBuildVersionName='17' platformBuildVersionCode='37' compileSdkVersion='37' compileSdkVersionCodename='17'
minSdkVersion:'37'
targetSdkVersion:'37'
uses-permission: name='android.permission.RECEIVE_BOOT_COMPLETED'
uses-permission: name='android.permission.INTERNET'
uses-permission: name='android.permission.VIBRATE'
uses-permission: name='android.permission.health.READ_WEIGHT'
uses-permission: name='android.permission.health.READ_BODY_FAT'
uses-permission: name='android.permission.health.READ_LEAN_BODY_MASS'
uses-permission: name='android.permission.health.READ_EXERCISE'
uses-permission: name='android.permission.health.READ_DISTANCE'
uses-permission: name='android.permission.health.READ_HEALTH_DATA_HISTORY'
uses-permission: name='android.permission.REQUEST_INSTALL_PACKAGES'
uses-permission: name='android.permission.ACCESS_NETWORK_STATE'
uses-permission: name='android.permission.CHANGE_NETWORK_STATE'
uses-permission: name='android.permission.WAKE_LOCK'
uses-permission: name='android.permission.FOREGROUND_SERVICE'
uses-permission: name='dev.draftingroom5.DYNAMIC_RECEIVER_NOT_EXPORTED_PERMISSION'
application-label:'DraftingRoom5'
application-label-af:'DraftingRoom5'
application-label-am:'DraftingRoom5'
application-label-ar:'DraftingRoom5'
application-label-as:'DraftingRoom5'
application-label-az:'DraftingRoom5'
application-label-be:'DraftingRoom5'
application-label-bg:'DraftingRoom5'
application-label-bn:'DraftingRoom5'
application-label-bs:'DraftingRoom5'
application-label-ca:'DraftingRoom5'
application-label-cs:'DraftingRoom5'
application-label-da:'DraftingRoom5'
application-label-de:'DraftingRoom5'
application-label-el:'DraftingRoom5'
application-label-en-AU:'DraftingRoom5'
application-label-en-CA:'DraftingRoom5'
application-label-en-GB:'DraftingRoom5'
application-label-en-IN:'DraftingRoom5'
application-label-en-XC:'DraftingRoom5'
application-label-es:'DraftingRoom5'
application-label-es-US:'DraftingRoom5'
application-label-et:'DraftingRoom5'
application-label-eu:'DraftingRoom5'
application-label-fa:'DraftingRoom5'
application-label-fi:'DraftingRoom5'
application-label-fr:'DraftingRoom5'
application-label-fr-CA:'DraftingRoom5'
application-label-gl:'DraftingRoom5'
application-label-gu:'DraftingRoom5'
application-label-hi:'DraftingRoom5'
application-label-hr:'DraftingRoom5'
application-label-hu:'DraftingRoom5'
application-label-hy:'DraftingRoom5'
application-label-in:'DraftingRoom5'
application-label-is:'DraftingRoom5'
application-label-it:'DraftingRoom5'
application-label-iw:'DraftingRoom5'
application-label-ja:'DraftingRoom5'
application-label-ka:'DraftingRoom5'
application-label-kk:'DraftingRoom5'
application-label-km:'DraftingRoom5'
application-label-kn:'DraftingRoom5'
application-label-ko:'DraftingRoom5'
application-label-ky:'DraftingRoom5'
application-label-lo:'DraftingRoom5'
application-label-lt:'DraftingRoom5'
application-label-lv:'DraftingRoom5'
application-label-mk:'DraftingRoom5'
application-label-ml:'DraftingRoom5'
application-label-mn:'DraftingRoom5'
application-label-mr:'DraftingRoom5'
application-label-ms:'DraftingRoom5'
application-label-my:'DraftingRoom5'
application-label-nb:'DraftingRoom5'
application-label-ne:'DraftingRoom5'
application-label-nl:'DraftingRoom5'
application-label-or:'DraftingRoom5'
application-label-pa:'DraftingRoom5'
application-label-pl:'DraftingRoom5'
application-label-pt:'DraftingRoom5'
application-label-pt-BR:'DraftingRoom5'
application-label-pt-PT:'DraftingRoom5'
application-label-ro:'DraftingRoom5'
application-label-ru:'DraftingRoom5'
application-label-si:'DraftingRoom5'
application-label-sk:'DraftingRoom5'
application-label-sl:'DraftingRoom5'
application-label-sq:'DraftingRoom5'
application-label-sr:'DraftingRoom5'
application-label-sr-Latn:'DraftingRoom5'
application-label-sv:'DraftingRoom5'
application-label-sw:'DraftingRoom5'
application-label-ta:'DraftingRoom5'
application-label-te:'DraftingRoom5'
application-label-th:'DraftingRoom5'
application-label-tl:'DraftingRoom5'
application-label-tr:'DraftingRoom5'
application-label-uk:'DraftingRoom5'
application-label-ur:'DraftingRoom5'
application-label-uz:'DraftingRoom5'
application-label-vi:'DraftingRoom5'
application-label-zh-CN:'DraftingRoom5'
application-label-zh-HK:'DraftingRoom5'
application-label-zh-TW:'DraftingRoom5'
application-label-zu:'DraftingRoom5'
application-icon-160:'res/mipmap-anydpi-v33/ic_launcher.xml'
application-icon-240:'res/mipmap-anydpi-v33/ic_launcher.xml'
application-icon-320:'res/mipmap-anydpi-v33/ic_launcher.xml'
application-icon-480:'res/mipmap-anydpi-v33/ic_launcher.xml'
application-icon-640:'res/mipmap-anydpi-v33/ic_launcher.xml'
application-icon-65534:'res/mipmap-anydpi-v33/ic_launcher.xml'
application-icon-65535:'res/mipmap-anydpi-v33/ic_launcher.xml'
application: label='DraftingRoom5' icon='res/mipmap-anydpi-v33/ic_launcher.xml'
application-debuggable
launchable-activity: name='dev.draftingroom5.MainActivity'  label='' icon=''
feature-group: label=''
  uses-feature-not-required: name='android.hardware.screen.landscape'
  uses-feature-not-required: name='android.hardware.screen.portrait'
  uses-feature: name='android.hardware.faketouch'
  uses-implied-feature: name='android.hardware.faketouch' reason='default feature for all apps'
provides-component:'app-widget'
main
other-activities
other-receivers
other-services
supports-screens: 'small' 'normal' 'large' 'xlarge'
supports-any-density: 'true'
locales: '--_--' 'af' 'am' 'ar' 'as' 'az' 'be' 'bg' 'bn' 'bs' 'ca' 'cs' 'da' 'de' 'el' 'en-AU' 'en-CA' 'en-GB' 'en-IN' 'en-XC' 'es' 'es-US' 'et' 'eu' 'fa' 'fi' 'fr' 'fr-CA' 'gl' 'gu' 'hi' 'hr' 'hu' 'hy' 'in' 'is' 'it' 'iw' 'ja' 'ka' 'kk' 'km' 'kn' 'ko' 'ky' 'lo' 'lt' 'lv' 'mk' 'ml' 'mn' 'mr' 'ms' 'my' 'nb' 'ne' 'nl' 'or' 'pa' 'pl' 'pt' 'pt-BR' 'pt-PT' 'ro' 'ru' 'si' 'sk' 'sl' 'sq' 'sr' 'sr-Latn' 'sv' 'sw' 'ta' 'te' 'th' 'tl' 'tr' 'uk' 'ur' 'uz' 'vi' 'zh-CN' 'zh-HK' 'zh-TW' 'zu'
densities: '160' '240' '320' '480' '640' '65534' '65535'
native-code: 'arm64-v8a' 'armeabi-v7a' 'x86' 'x86_64'
