E: data-extraction-rules (line=2)
    E: cloud-backup (line=3)
      A: disableIfNoEncryptionCapabilities=true
        E: include (line=4)
          A: domain="file" (Raw: "file")
          A: path="current-backups/latest.json" (Raw: "current-backups/latest.json")
        E: include (line=5)
          A: domain="file" (Raw: "file")
          A: path="current-backups/previous.json" (Raw: "current-backups/previous.json")
        E: include (line=6)
          A: domain="sharedpref" (Raw: "sharedpref")
          A: path="current-backup-status.xml" (Raw: "current-backup-status.xml")
    E: device-transfer (line=8)
        E: include (line=9)
          A: domain="file" (Raw: "file")
          A: path="current-backups/latest.json" (Raw: "current-backups/latest.json")
        E: include (line=10)
          A: domain="file" (Raw: "file")
          A: path="current-backups/previous.json" (Raw: "current-backups/previous.json")
        E: include (line=11)
          A: domain="sharedpref" (Raw: "sharedpref")
          A: path="current-backup-status.xml" (Raw: "current-backup-status.xml")
