N: android=http://schemas.android.com/apk/res/android (line=2)
  E: manifest (line=2)
    A: http://schemas.android.com/apk/res/android:versionCode(0x0101021b)=27002
    A: http://schemas.android.com/apk/res/android:versionName(0x0101021c)="0.27.0" (Raw: "0.27.0")
    A: http://schemas.android.com/apk/res/android:compileSdkVersion(0x01010572)=37
    A: http://schemas.android.com/apk/res/android:compileSdkVersionCodename(0x01010573)="17" (Raw: "17")
    A: package="dev.draftingroom5" (Raw: "dev.draftingroom5")
    A: platformBuildVersionCode=37
    A: platformBuildVersionName=17
      E: uses-sdk (line=7)
        A: http://schemas.android.com/apk/res/android:minSdkVersion(0x0101020c)=37
        A: http://schemas.android.com/apk/res/android:targetSdkVersion(0x01010270)=37
      E: uses-permission (line=11)
        A: http://schemas.android.com/apk/res/android:name(0x01010003)="android.permission.RECEIVE_BOOT_COMPLETED" (Raw: "android.permission.RECEIVE_BOOT_COMPLETED")
      E: uses-permission (line=12)
        A: http://schemas.android.com/apk/res/android:name(0x01010003)="android.permission.INTERNET" (Raw: "android.permission.INTERNET")
      E: uses-permission (line=13)
        A: http://schemas.android.com/apk/res/android:name(0x01010003)="android.permission.VIBRATE" (Raw: "android.permission.VIBRATE")
      E: queries (line=15)
          E: intent (line=16)
              E: action (line=17)
                A: http://schemas.android.com/apk/res/android:name(0x01010003)="android.intent.action.MAIN" (Raw: "android.intent.action.MAIN")
              E: category (line=19)
                A: http://schemas.android.com/apk/res/android:name(0x01010003)="android.intent.category.LAUNCHER" (Raw: "android.intent.category.LAUNCHER")
          E: package (line=22)
            A: http://schemas.android.com/apk/res/android:name(0x01010003)="com.google.android.apps.healthdata" (Raw: "com.google.android.apps.healthdata")
          E: intent (line=24)
              E: action (line=25)
                A: http://schemas.android.com/apk/res/android:name(0x01010003)="android.intent.action.TTS_SERVICE" (Raw: "android.intent.action.TTS_SERVICE")
          E: intent (line=27)
              E: action (line=28)
                A: http://schemas.android.com/apk/res/android:name(0x01010003)="android.support.customtabs.action.CustomTabsService" (Raw: "android.support.customtabs.action.CustomTabsService")
      E: uses-permission (line=32)
        A: http://schemas.android.com/apk/res/android:name(0x01010003)="android.permission.health.READ_WEIGHT" (Raw: "android.permission.health.READ_WEIGHT")
      E: uses-permission (line=33)
        A: http://schemas.android.com/apk/res/android:name(0x01010003)="android.permission.health.READ_BODY_FAT" (Raw: "android.permission.health.READ_BODY_FAT")
      E: uses-permission (line=34)
        A: http://schemas.android.com/apk/res/android:name(0x01010003)="android.permission.health.READ_LEAN_BODY_MASS" (Raw: "android.permission.health.READ_LEAN_BODY_MASS")
      E: uses-permission (line=35)
        A: http://schemas.android.com/apk/res/android:name(0x01010003)="android.permission.health.READ_EXERCISE" (Raw: "android.permission.health.READ_EXERCISE")
      E: uses-permission (line=36)
        A: http://schemas.android.com/apk/res/android:name(0x01010003)="android.permission.health.READ_DISTANCE" (Raw: "android.permission.health.READ_DISTANCE")
      E: uses-permission (line=37)
        A: http://schemas.android.com/apk/res/android:name(0x01010003)="android.permission.health.READ_HEALTH_DATA_HISTORY" (Raw: "android.permission.health.READ_HEALTH_DATA_HISTORY")
      E: uses-permission (line=38)
        A: http://schemas.android.com/apk/res/android:name(0x01010003)="android.permission.REQUEST_INSTALL_PACKAGES" (Raw: "android.permission.REQUEST_INSTALL_PACKAGES")
      E: uses-permission (line=39)
        A: http://schemas.android.com/apk/res/android:name(0x01010003)="android.permission.ACCESS_NETWORK_STATE" (Raw: "android.permission.ACCESS_NETWORK_STATE")
      E: uses-feature (line=41)
        A: http://schemas.android.com/apk/res/android:name(0x01010003)="android.hardware.screen.portrait" (Raw: "android.hardware.screen.portrait")
        A: http://schemas.android.com/apk/res/android:required(0x0101028e)=false
      E: uses-feature (line=44)
        A: http://schemas.android.com/apk/res/android:name(0x01010003)="android.hardware.screen.landscape" (Raw: "android.hardware.screen.landscape")
        A: http://schemas.android.com/apk/res/android:required(0x0101028e)=false
      E: uses-permission (line=47)
        A: http://schemas.android.com/apk/res/android:name(0x01010003)="android.permission.CHANGE_NETWORK_STATE" (Raw: "android.permission.CHANGE_NETWORK_STATE")
      E: uses-permission (line=48)
        A: http://schemas.android.com/apk/res/android:name(0x01010003)="android.permission.WAKE_LOCK" (Raw: "android.permission.WAKE_LOCK")
      E: uses-permission (line=49)
        A: http://schemas.android.com/apk/res/android:name(0x01010003)="android.permission.FOREGROUND_SERVICE" (Raw: "android.permission.FOREGROUND_SERVICE")
      E: permission (line=51)
        A: http://schemas.android.com/apk/res/android:name(0x01010003)="dev.draftingroom5.DYNAMIC_RECEIVER_NOT_EXPORTED_PERMISSION" (Raw: "dev.draftingroom5.DYNAMIC_RECEIVER_NOT_EXPORTED_PERMISSION")
        A: http://schemas.android.com/apk/res/android:protectionLevel(0x01010009)=0x00000002
      E: uses-permission (line=55)
        A: http://schemas.android.com/apk/res/android:name(0x01010003)="dev.draftingroom5.DYNAMIC_RECEIVER_NOT_EXPORTED_PERMISSION" (Raw: "dev.draftingroom5.DYNAMIC_RECEIVER_NOT_EXPORTED_PERMISSION")
      E: application (line=57)
        A: http://schemas.android.com/apk/res/android:theme(0x01010000)=@0x7f1101ca
        A: http://schemas.android.com/apk/res/android:label(0x01010001)="DraftingRoom5" (Raw: "DraftingRoom5")
        A: http://schemas.android.com/apk/res/android:icon(0x01010002)=@0x7f0e0000
        A: http://schemas.android.com/apk/res/android:name(0x01010003)="dev.draftingroom5.retirement.provider.ProviderPrivacyApplication" (Raw: "dev.draftingroom5.retirement.provider.ProviderPrivacyApplication")
        A: http://schemas.android.com/apk/res/android:debuggable(0x0101000f)=true
        A: http://schemas.android.com/apk/res/android:allowBackup(0x01010280)=true
        A: http://schemas.android.com/apk/res/android:extractNativeLibs(0x010104ea)=false
        A: http://schemas.android.com/apk/res/android:fullBackupContent(0x010104eb)=@0x7f130000
        A: http://schemas.android.com/apk/res/android:usesCleartextTraffic(0x010104ec)=false
        A: http://schemas.android.com/apk/res/android:roundIcon(0x0101052c)=@0x7f0e0001
        A: http://schemas.android.com/apk/res/android:appComponentFactory(0x0101057a)="androidx.core.app.CoreComponentFactory" (Raw: "androidx.core.app.CoreComponentFactory")
        A: http://schemas.android.com/apk/res/android:dataExtractionRules(0x0101063e)=@0x7f130001
          E: provider (line=70)
            A: http://schemas.android.com/apk/res/android:name(0x01010003)="androidx.core.content.FileProvider" (Raw: "androidx.core.content.FileProvider")
            A: http://schemas.android.com/apk/res/android:exported(0x01010010)=false
            A: http://schemas.android.com/apk/res/android:authorities(0x01010018)="dev.draftingroom5.updates" (Raw: "dev.draftingroom5.updates")
            A: http://schemas.android.com/apk/res/android:grantUriPermissions(0x0101001b)=true
              E: meta-data (line=75)
                A: http://schemas.android.com/apk/res/android:name(0x01010003)="android.support.FILE_PROVIDER_PATHS" (Raw: "android.support.FILE_PROVIDER_PATHS")
                A: http://schemas.android.com/apk/res/android:resource(0x01010025)=@0x7f13000a
          E: activity (line=80)
            A: http://schemas.android.com/apk/res/android:name(0x01010003)="dev.draftingroom5.PermissionsRationaleActivity" (Raw: "dev.draftingroom5.PermissionsRationaleActivity")
            A: http://schemas.android.com/apk/res/android:exported(0x01010010)=true
              E: intent-filter (line=83)
                  E: action (line=84)
                    A: http://schemas.android.com/apk/res/android:name(0x01010003)="androidx.health.ACTION_SHOW_PERMISSIONS_RATIONALE" (Raw: "androidx.health.ACTION_SHOW_PERMISSIONS_RATIONALE")
          E: activity-alias (line=88)
            A: http://schemas.android.com/apk/res/android:name(0x01010003)="dev.draftingroom5.ViewPermissionUsageActivity" (Raw: "dev.draftingroom5.ViewPermissionUsageActivity")
            A: http://schemas.android.com/apk/res/android:permission(0x01010006)="android.permission.START_VIEW_PERMISSION_USAGE" (Raw: "android.permission.START_VIEW_PERMISSION_USAGE")
            A: http://schemas.android.com/apk/res/android:exported(0x01010010)=true
            A: http://schemas.android.com/apk/res/android:targetActivity(0x01010202)="dev.draftingroom5.PermissionsRationaleActivity" (Raw: "dev.draftingroom5.PermissionsRationaleActivity")
              E: intent-filter (line=93)
                  E: action (line=94)
                    A: http://schemas.android.com/apk/res/android:name(0x01010003)="android.intent.action.VIEW_PERMISSION_USAGE" (Raw: "android.intent.action.VIEW_PERMISSION_USAGE")
                  E: category (line=96)
                    A: http://schemas.android.com/apk/res/android:name(0x01010003)="android.intent.category.HEALTH_PERMISSIONS" (Raw: "android.intent.category.HEALTH_PERMISSIONS")
          E: activity (line=100)
            A: http://schemas.android.com/apk/res/android:name(0x01010003)="dev.draftingroom5.retirement.provider.LinkedAccountsActivity" (Raw: "dev.draftingroom5.retirement.provider.LinkedAccountsActivity")
            A: http://schemas.android.com/apk/res/android:exported(0x01010010)=false
          E: activity (line=103)
            A: http://schemas.android.com/apk/res/android:name(0x01010003)="dev.draftingroom5.retirement.provider.PropertyActivity" (Raw: "dev.draftingroom5.retirement.provider.PropertyActivity")
            A: http://schemas.android.com/apk/res/android:exported(0x01010010)=false
          E: activity (line=106)
            A: http://schemas.android.com/apk/res/android:name(0x01010003)="dev.draftingroom5.MainActivity" (Raw: "dev.draftingroom5.MainActivity")
            A: http://schemas.android.com/apk/res/android:exported(0x01010010)=true
              E: intent-filter (line=109)
                  E: action (line=110)
                    A: http://schemas.android.com/apk/res/android:name(0x01010003)="android.intent.action.MAIN" (Raw: "android.intent.action.MAIN")
                  E: category (line=112)
                    A: http://schemas.android.com/apk/res/android:name(0x01010003)="android.intent.category.LAUNCHER" (Raw: "android.intent.category.LAUNCHER")
          E: receiver (line=116)
            A: http://schemas.android.com/apk/res/android:label(0x01010001)=@0x7f10005a
            A: http://schemas.android.com/apk/res/android:name(0x01010003)="dev.draftingroom5.LivingIconWidgetProvider" (Raw: "dev.draftingroom5.LivingIconWidgetProvider")
            A: http://schemas.android.com/apk/res/android:exported(0x01010010)=true
            A: http://schemas.android.com/apk/res/android:process(0x01010011)=":living_icon" (Raw: ":living_icon")
              E: intent-filter (line=121)
                  E: action (line=122)
                    A: http://schemas.android.com/apk/res/android:name(0x01010003)="android.appwidget.action.APPWIDGET_UPDATE" (Raw: "android.appwidget.action.APPWIDGET_UPDATE")
                  E: action (line=123)
                    A: http://schemas.android.com/apk/res/android:name(0x01010003)="android.intent.action.BOOT_COMPLETED" (Raw: "android.intent.action.BOOT_COMPLETED")
                  E: action (line=124)
                    A: http://schemas.android.com/apk/res/android:name(0x01010003)="android.intent.action.TIME_SET" (Raw: "android.intent.action.TIME_SET")
                  E: action (line=125)
                    A: http://schemas.android.com/apk/res/android:name(0x01010003)="android.intent.action.MY_PACKAGE_REPLACED" (Raw: "android.intent.action.MY_PACKAGE_REPLACED")
              E: meta-data (line=128)
                A: http://schemas.android.com/apk/res/android:name(0x01010003)="android.appwidget.provider" (Raw: "android.appwidget.provider")
                A: http://schemas.android.com/apk/res/android:resource(0x01010025)=@0x7f130003
          E: provider (line=133)
            A: http://schemas.android.com/apk/res/android:name(0x01010003)="com.plaid.link.internal.PlaidFileProvider" (Raw: "com.plaid.link.internal.PlaidFileProvider")
            A: http://schemas.android.com/apk/res/android:exported(0x01010010)=false
            A: http://schemas.android.com/apk/res/android:authorities(0x01010018)="dev.draftingroom5.com.plaid.link.internal.PlaidFileProvider" (Raw: "dev.draftingroom5.com.plaid.link.internal.PlaidFileProvider")
            A: http://schemas.android.com/apk/res/android:grantUriPermissions(0x0101001b)=true
              E: meta-data (line=138)
                A: http://schemas.android.com/apk/res/android:name(0x01010003)="android.support.FILE_PROVIDER_PATHS" (Raw: "android.support.FILE_PROVIDER_PATHS")
                A: http://schemas.android.com/apk/res/android:resource(0x01010025)=@0x7f130004
          E: activity (line=143)
            A: http://schemas.android.com/apk/res/android:theme(0x01010000)=@0x7f1101fa
            A: http://schemas.android.com/apk/res/android:name(0x01010003)="com.plaid.internal.LinkRedirectActivity" (Raw: "com.plaid.internal.LinkRedirectActivity")
            A: http://schemas.android.com/apk/res/android:exported(0x01010010)=true
            A: http://schemas.android.com/apk/res/android:autoRemoveFromRecents(0x01010447)=true
              E: intent-filter (line=148)
                  E: action (line=149)
                    A: http://schemas.android.com/apk/res/android:name(0x01010003)="android.intent.action.VIEW" (Raw: "android.intent.action.VIEW")
                  E: category (line=151)
                    A: http://schemas.android.com/apk/res/android:name(0x01010003)="android.intent.category.DEFAULT" (Raw: "android.intent.category.DEFAULT")
                  E: category (line=152)
                    A: http://schemas.android.com/apk/res/android:name(0x01010003)="android.intent.category.BROWSABLE" (Raw: "android.intent.category.BROWSABLE")
                  E: data (line=154)
                    A: http://schemas.android.com/apk/res/android:scheme(0x01010027)="plaid" (Raw: "plaid")
                  E: data (line=155)
                    A: http://schemas.android.com/apk/res/android:host(0x01010028)="complete" (Raw: "complete")
                  E: data (line=156)
                    A: http://schemas.android.com/apk/res/android:host(0x01010028)="redirect" (Raw: "redirect")
                  E: data (line=157)
                    A: http://schemas.android.com/apk/res/android:host(0x01010028)="resume" (Raw: "resume")
          E: activity (line=164)
            A: http://schemas.android.com/apk/res/android:theme(0x01010000)=@0x7f11011c
            A: http://schemas.android.com/apk/res/android:name(0x01010003)="com.plaid.internal.link.LinkActivity" (Raw: "com.plaid.internal.link.LinkActivity")
            A: http://schemas.android.com/apk/res/android:exported(0x01010010)=false
            A: http://schemas.android.com/apk/res/android:launchMode(0x0101001d)=3
            A: http://schemas.android.com/apk/res/android:windowSoftInputMode(0x0101022b)=0x00000020
            A: http://schemas.android.com/apk/res/android:enableOnBackInvokedCallback(0x0101066c)=false
          E: activity (line=176)
            A: http://schemas.android.com/apk/res/android:theme(0x01010000)=@0x7f11011c
            A: http://schemas.android.com/apk/res/android:name(0x01010003)="com.plaid.internal.workflow.webview.PlaidFilePickerProxyActivity" (Raw: "com.plaid.internal.workflow.webview.PlaidFilePickerProxyActivity")
            A: http://schemas.android.com/apk/res/android:exported(0x01010010)=false
            A: http://schemas.android.com/apk/res/android:taskAffinity(0x01010012)=""
            A: http://schemas.android.com/apk/res/android:launchMode(0x0101001d)=0
            A: http://schemas.android.com/apk/res/android:autoRemoveFromRecents(0x01010447)=true
          E: service (line=184)
            A: http://schemas.android.com/apk/res/android:name(0x01010003)="androidx.health.platform.client.impl.sdkservice.HealthDataSdkService" (Raw: "androidx.health.platform.client.impl.sdkservice.HealthDataSdkService")
            A: http://schemas.android.com/apk/res/android:enabled(0x0101000e)=true
            A: http://schemas.android.com/apk/res/android:exported(0x01010010)=true
              E: intent-filter (line=188)
                  E: action (line=189)
                    A: http://schemas.android.com/apk/res/android:name(0x01010003)="androidx.health.platform.client.ACTION_BIND_SDK_SERVICE" (Raw: "androidx.health.platform.client.ACTION_BIND_SDK_SERVICE")
          E: activity (line=193)
            A: http://schemas.android.com/apk/res/android:theme(0x01010000)=@0x01030010
            A: http://schemas.android.com/apk/res/android:name(0x01010003)="com.google.android.gms.common.api.GoogleApiActivity" (Raw: "com.google.android.gms.common.api.GoogleApiActivity")
            A: http://schemas.android.com/apk/res/android:exported(0x01010010)=false
          E: meta-data (line=198)
            A: http://schemas.android.com/apk/res/android:name(0x01010003)="com.google.android.gms.version" (Raw: "com.google.android.gms.version")
            A: http://schemas.android.com/apk/res/android:value(0x01010024)=@0x7f0b0008
          E: activity (line=202)
            A: http://schemas.android.com/apk/res/android:name(0x01010003)="androidx.compose.ui.tooling.PreviewActivity" (Raw: "androidx.compose.ui.tooling.PreviewActivity")
            A: http://schemas.android.com/apk/res/android:exported(0x01010010)=true
          E: provider (line=206)
            A: http://schemas.android.com/apk/res/android:name(0x01010003)="androidx.startup.InitializationProvider" (Raw: "androidx.startup.InitializationProvider")
            A: http://schemas.android.com/apk/res/android:exported(0x01010010)=false
            A: http://schemas.android.com/apk/res/android:authorities(0x01010018)="dev.draftingroom5.androidx-startup" (Raw: "dev.draftingroom5.androidx-startup")
              E: meta-data (line=210)
                A: http://schemas.android.com/apk/res/android:name(0x01010003)="androidx.work.WorkManagerInitializer" (Raw: "androidx.work.WorkManagerInitializer")
                A: http://schemas.android.com/apk/res/android:value(0x01010024)="androidx.startup" (Raw: "androidx.startup")
              E: meta-data (line=213)
                A: http://schemas.android.com/apk/res/android:name(0x01010003)="androidx.emoji2.text.EmojiCompatInitializer" (Raw: "androidx.emoji2.text.EmojiCompatInitializer")
                A: http://schemas.android.com/apk/res/android:value(0x01010024)="androidx.startup" (Raw: "androidx.startup")
              E: meta-data (line=216)
                A: http://schemas.android.com/apk/res/android:name(0x01010003)="androidx.lifecycle.ProcessLifecycleInitializer" (Raw: "androidx.lifecycle.ProcessLifecycleInitializer")
                A: http://schemas.android.com/apk/res/android:value(0x01010024)="androidx.startup" (Raw: "androidx.startup")
              E: meta-data (line=219)
                A: http://schemas.android.com/apk/res/android:name(0x01010003)="androidx.profileinstaller.ProfileInstallerInitializer" (Raw: "androidx.profileinstaller.ProfileInstallerInitializer")
                A: http://schemas.android.com/apk/res/android:value(0x01010024)="androidx.startup" (Raw: "androidx.startup")
          E: service (line=224)
            A: http://schemas.android.com/apk/res/android:name(0x01010003)="androidx.work.impl.background.systemalarm.SystemAlarmService" (Raw: "androidx.work.impl.background.systemalarm.SystemAlarmService")
            A: http://schemas.android.com/apk/res/android:enabled(0x0101000e)=@0x7f050003
            A: http://schemas.android.com/apk/res/android:exported(0x01010010)=false
            A: http://schemas.android.com/apk/res/android:directBootAware(0x01010505)=false
          E: service (line=229)
            A: http://schemas.android.com/apk/res/android:name(0x01010003)="androidx.work.impl.background.systemjob.SystemJobService" (Raw: "androidx.work.impl.background.systemjob.SystemJobService")
            A: http://schemas.android.com/apk/res/android:permission(0x01010006)="android.permission.BIND_JOB_SERVICE" (Raw: "android.permission.BIND_JOB_SERVICE")
            A: http://schemas.android.com/apk/res/android:enabled(0x0101000e)=@0x7f050005
            A: http://schemas.android.com/apk/res/android:exported(0x01010010)=true
            A: http://schemas.android.com/apk/res/android:directBootAware(0x01010505)=false
          E: service (line=235)
            A: http://schemas.android.com/apk/res/android:name(0x01010003)="androidx.work.impl.foreground.SystemForegroundService" (Raw: "androidx.work.impl.foreground.SystemForegroundService")
            A: http://schemas.android.com/apk/res/android:enabled(0x0101000e)=@0x7f050004
            A: http://schemas.android.com/apk/res/android:exported(0x01010010)=false
            A: http://schemas.android.com/apk/res/android:directBootAware(0x01010505)=false
          E: receiver (line=241)
            A: http://schemas.android.com/apk/res/android:name(0x01010003)="androidx.work.impl.utils.ForceStopRunnable$BroadcastReceiver" (Raw: "androidx.work.impl.utils.ForceStopRunnable$BroadcastReceiver")
            A: http://schemas.android.com/apk/res/android:enabled(0x0101000e)=true
            A: http://schemas.android.com/apk/res/android:exported(0x01010010)=false
            A: http://schemas.android.com/apk/res/android:directBootAware(0x01010505)=false
          E: receiver (line=246)
            A: http://schemas.android.com/apk/res/android:name(0x01010003)="androidx.work.impl.background.systemalarm.ConstraintProxy$BatteryChargingProxy" (Raw: "androidx.work.impl.background.systemalarm.ConstraintProxy$BatteryChargingProxy")
            A: http://schemas.android.com/apk/res/android:enabled(0x0101000e)=false
            A: http://schemas.android.com/apk/res/android:exported(0x01010010)=false
            A: http://schemas.android.com/apk/res/android:directBootAware(0x01010505)=false
              E: intent-filter (line=251)
                  E: action (line=252)
                    A: http://schemas.android.com/apk/res/android:name(0x01010003)="android.intent.action.ACTION_POWER_CONNECTED" (Raw: "android.intent.action.ACTION_POWER_CONNECTED")
                  E: action (line=253)
                    A: http://schemas.android.com/apk/res/android:name(0x01010003)="android.intent.action.ACTION_POWER_DISCONNECTED" (Raw: "android.intent.action.ACTION_POWER_DISCONNECTED")
          E: receiver (line=256)
            A: http://schemas.android.com/apk/res/android:name(0x01010003)="androidx.work.impl.background.systemalarm.ConstraintProxy$BatteryNotLowProxy" (Raw: "androidx.work.impl.background.systemalarm.ConstraintProxy$BatteryNotLowProxy")
            A: http://schemas.android.com/apk/res/android:enabled(0x0101000e)=false
            A: http://schemas.android.com/apk/res/android:exported(0x01010010)=false
            A: http://schemas.android.com/apk/res/android:directBootAware(0x01010505)=false
              E: intent-filter (line=261)
                  E: action (line=262)
                    A: http://schemas.android.com/apk/res/android:name(0x01010003)="android.intent.action.BATTERY_OKAY" (Raw: "android.intent.action.BATTERY_OKAY")
                  E: action (line=263)
                    A: http://schemas.android.com/apk/res/android:name(0x01010003)="android.intent.action.BATTERY_LOW" (Raw: "android.intent.action.BATTERY_LOW")
          E: receiver (line=266)
            A: http://schemas.android.com/apk/res/android:name(0x01010003)="androidx.work.impl.background.systemalarm.ConstraintProxy$StorageNotLowProxy" (Raw: "androidx.work.impl.background.systemalarm.ConstraintProxy$StorageNotLowProxy")
            A: http://schemas.android.com/apk/res/android:enabled(0x0101000e)=false
            A: http://schemas.android.com/apk/res/android:exported(0x01010010)=false
            A: http://schemas.android.com/apk/res/android:directBootAware(0x01010505)=false
              E: intent-filter (line=271)
                  E: action (line=272)
                    A: http://schemas.android.com/apk/res/android:name(0x01010003)="android.intent.action.DEVICE_STORAGE_LOW" (Raw: "android.intent.action.DEVICE_STORAGE_LOW")
                  E: action (line=273)
                    A: http://schemas.android.com/apk/res/android:name(0x01010003)="android.intent.action.DEVICE_STORAGE_OK" (Raw: "android.intent.action.DEVICE_STORAGE_OK")
          E: receiver (line=276)
            A: http://schemas.android.com/apk/res/android:name(0x01010003)="androidx.work.impl.background.systemalarm.ConstraintProxy$NetworkStateProxy" (Raw: "androidx.work.impl.background.systemalarm.ConstraintProxy$NetworkStateProxy")
            A: http://schemas.android.com/apk/res/android:enabled(0x0101000e)=false
            A: http://schemas.android.com/apk/res/android:exported(0x01010010)=false
            A: http://schemas.android.com/apk/res/android:directBootAware(0x01010505)=false
              E: intent-filter (line=281)
                  E: action (line=282)
                    A: http://schemas.android.com/apk/res/android:name(0x01010003)="android.net.conn.CONNECTIVITY_CHANGE" (Raw: "android.net.conn.CONNECTIVITY_CHANGE")
          E: receiver (line=285)
            A: http://schemas.android.com/apk/res/android:name(0x01010003)="androidx.work.impl.background.systemalarm.RescheduleReceiver" (Raw: "androidx.work.impl.background.systemalarm.RescheduleReceiver")
            A: http://schemas.android.com/apk/res/android:enabled(0x0101000e)=false
            A: http://schemas.android.com/apk/res/android:exported(0x01010010)=false
            A: http://schemas.android.com/apk/res/android:directBootAware(0x01010505)=false
              E: intent-filter (line=290)
                  E: action (line=291)
                    A: http://schemas.android.com/apk/res/android:name(0x01010003)="android.intent.action.BOOT_COMPLETED" (Raw: "android.intent.action.BOOT_COMPLETED")
                  E: action (line=292)
                    A: http://schemas.android.com/apk/res/android:name(0x01010003)="android.intent.action.TIME_SET" (Raw: "android.intent.action.TIME_SET")
                  E: action (line=293)
                    A: http://schemas.android.com/apk/res/android:name(0x01010003)="android.intent.action.TIMEZONE_CHANGED" (Raw: "android.intent.action.TIMEZONE_CHANGED")
          E: receiver (line=296)
            A: http://schemas.android.com/apk/res/android:name(0x01010003)="androidx.work.impl.background.systemalarm.ConstraintProxyUpdateReceiver" (Raw: "androidx.work.impl.background.systemalarm.ConstraintProxyUpdateReceiver")
            A: http://schemas.android.com/apk/res/android:enabled(0x0101000e)=@0x7f050003
            A: http://schemas.android.com/apk/res/android:exported(0x01010010)=false
            A: http://schemas.android.com/apk/res/android:directBootAware(0x01010505)=false
              E: intent-filter (line=301)
                  E: action (line=302)
                    A: http://schemas.android.com/apk/res/android:name(0x01010003)="androidx.work.impl.background.systemalarm.UpdateProxies" (Raw: "androidx.work.impl.background.systemalarm.UpdateProxies")
          E: receiver (line=305)
            A: http://schemas.android.com/apk/res/android:name(0x01010003)="androidx.work.impl.diagnostics.DiagnosticsReceiver" (Raw: "androidx.work.impl.diagnostics.DiagnosticsReceiver")
            A: http://schemas.android.com/apk/res/android:permission(0x01010006)="android.permission.DUMP" (Raw: "android.permission.DUMP")
            A: http://schemas.android.com/apk/res/android:enabled(0x0101000e)=true
            A: http://schemas.android.com/apk/res/android:exported(0x01010010)=true
            A: http://schemas.android.com/apk/res/android:directBootAware(0x01010505)=false
              E: intent-filter (line=311)
                  E: action (line=312)
                    A: http://schemas.android.com/apk/res/android:name(0x01010003)="androidx.work.diagnostics.REQUEST_DIAGNOSTICS" (Raw: "androidx.work.diagnostics.REQUEST_DIAGNOSTICS")
          E: service (line=316)
            A: http://schemas.android.com/apk/res/android:name(0x01010003)="androidx.room.MultiInstanceInvalidationService" (Raw: "androidx.room.MultiInstanceInvalidationService")
            A: http://schemas.android.com/apk/res/android:exported(0x01010010)=false
            A: http://schemas.android.com/apk/res/android:directBootAware(0x01010505)=true
          E: receiver (line=321)
            A: http://schemas.android.com/apk/res/android:name(0x01010003)="androidx.profileinstaller.ProfileInstallReceiver" (Raw: "androidx.profileinstaller.ProfileInstallReceiver")
            A: http://schemas.android.com/apk/res/android:permission(0x01010006)="android.permission.DUMP" (Raw: "android.permission.DUMP")
            A: http://schemas.android.com/apk/res/android:enabled(0x0101000e)=true
            A: http://schemas.android.com/apk/res/android:exported(0x01010010)=true
            A: http://schemas.android.com/apk/res/android:directBootAware(0x01010505)=false
              E: intent-filter (line=327)
                  E: action (line=328)
                    A: http://schemas.android.com/apk/res/android:name(0x01010003)="androidx.profileinstaller.action.INSTALL_PROFILE" (Raw: "androidx.profileinstaller.action.INSTALL_PROFILE")
              E: intent-filter (line=330)
                  E: action (line=331)
                    A: http://schemas.android.com/apk/res/android:name(0x01010003)="androidx.profileinstaller.action.SKIP_FILE" (Raw: "androidx.profileinstaller.action.SKIP_FILE")
              E: intent-filter (line=333)
                  E: action (line=334)
                    A: http://schemas.android.com/apk/res/android:name(0x01010003)="androidx.profileinstaller.action.SAVE_PROFILE" (Raw: "androidx.profileinstaller.action.SAVE_PROFILE")
              E: intent-filter (line=336)
                  E: action (line=337)
                    A: http://schemas.android.com/apk/res/android:name(0x01010003)="androidx.profileinstaller.action.BENCHMARK_OPERATION" (Raw: "androidx.profileinstaller.action.BENCHMARK_OPERATION")
