Verifying alignment of C:\Users\lnjef\AppData\Local\DraftingRoom5\repositories\cf5b26b6651a\build\app\outputs\apk\debug\app-debug.apk (4)...
      87 META-INF/com/android/build/gradle/app-metadata.properties (OK - compressed)
     180 classes.dex (OK)
40958164 classes10.dex (OK)
49915000 classes2.dex (OK)
50228992 classes3.dex (OK)
51521396 classes4.dex (OK)
51737180 classes5.dex (OK)
55514596 classes7.dex (OK)
55515868 classes8.dex (OK)
68164476 classes9.dex (OK)
76939264 lib/arm64-v8a/libandroidx.graphics.path.so (OK)
76955648 lib/armeabi-v7a/libandroidx.graphics.path.so (OK)
76972032 lib/x86/libandroidx.graphics.path.so (OK)
76988416 lib/x86_64/libandroidx.graphics.path.so (OK)
76999225 AndroidManifest.xml (OK - compressed)
77004020 res/anim-v21/design_bottom_sheet_slide_in.xml (OK - compressed)
77004395 res/anim-v21/design_bottom_sheet_slide_out.xml (OK - compressed)
77004771 res/anim-v21/fragment_fast_out_extra_slow_in.xml (OK - compressed)
77005062 res/anim-v21/mtrl_bottom_sheet_slide_in.xml (OK - compressed)
77005435 res/anim-v21/mtrl_bottom_sheet_slide_out.xml (OK - compressed)
77005785 res/anim/abc_fade_in.xml (OK - compressed)
77006056 res/anim/abc_fade_out.xml (OK - compressed)
77006345 res/anim/abc_grow_fade_in_from_bottom.xml (OK - compressed)
77006779 res/anim/abc_popup_enter.xml (OK - compressed)
77007094 res/anim/abc_popup_exit.xml (OK - compressed)
77007427 res/anim/abc_shrink_fade_out_from_bottom.xml (OK - compressed)
77007866 res/anim/abc_slide_in_bottom.xml (OK - compressed)
77008153 res/anim/abc_slide_in_top.xml (OK - compressed)
77008445 res/anim/abc_slide_out_bottom.xml (OK - compressed)
77008732 res/anim/abc_slide_out_top.xml (OK - compressed)
77009020 res/anim/abc_tooltip_enter.xml (OK - compressed)
77009297 res/anim/abc_tooltip_exit.xml (OK - compressed)
77009607 res/anim/btn_checkbox_to_checked_box_inner_merged_animation.xml (OK - compressed)
77010341 res/anim/btn_checkbox_to_checked_box_outer_merged_animation.xml (OK - compressed)
77011168 res/anim/btn_checkbox_to_checked_icon_null_animation.xml (OK - compressed)
77011660 res/anim/btn_checkbox_to_unchecked_box_inner_merged_animation.xml (OK - compressed)
77012416 res/anim/btn_checkbox_to_unchecked_check_path_merged_animation.xml (OK - compressed)
77013235 res/anim/btn_checkbox_to_unchecked_icon_null_animation.xml (OK - compressed)
77013716 res/anim/btn_radio_to_off_mtrl_dot_group_animation.xml (OK - compressed)
77014231 res/anim/btn_radio_to_off_mtrl_ring_outer_animation.xml (OK - compressed)
77014754 res/anim/btn_radio_to_off_mtrl_ring_outer_path_animation.xml (OK - compressed)
77015210 res/anim/btn_radio_to_on_mtrl_dot_group_animation.xml (OK - compressed)
77015715 res/anim/btn_radio_to_on_mtrl_ring_outer_animation.xml (OK - compressed)
77016232 res/anim/btn_radio_to_on_mtrl_ring_outer_path_animation.xml (OK - compressed)
77016673 res/anim/design_snackbar_in.xml (OK - compressed)
77016915 res/anim/design_snackbar_out.xml (OK - compressed)
77017165 res/anim/mtrl_card_lowers_interpolator.xml (OK - compressed)
77017465 res/animator-v21/design_appbar_state_list_animator.xml (OK - compressed)
77017983 res/animator/design_fab_hide_motion_spec.xml (OK - compressed)
77018386 res/animator/design_fab_show_motion_spec.xml (OK - compressed)
77018780 res/animator/fragment_close_enter.xml (OK - compressed)
77019241 res/animator/fragment_close_exit.xml (OK - compressed)
77019702 res/animator/fragment_fade_enter.xml (OK - compressed)
77020032 res/animator/fragment_fade_exit.xml (OK - compressed)
77020363 res/animator/fragment_open_enter.xml (OK - compressed)
77020817 res/animator/fragment_open_exit.xml (OK - compressed)
77021280 res/animator/mtrl_btn_state_list_anim.xml (OK - compressed)
77021971 res/animator/mtrl_btn_unelevated_state_list_anim.xml (OK - compressed)
77022109 res/animator/mtrl_card_state_list_anim.xml (OK - compressed)
77022666 res/animator/mtrl_chip_state_list_anim.xml (OK - compressed)
77023145 res/animator/mtrl_extended_fab_change_size_motion_spec.xml (OK - compressed)
77023517 res/animator/mtrl_extended_fab_hide_motion_spec.xml (OK - compressed)
77023920 res/animator/mtrl_extended_fab_show_motion_spec.xml (OK - compressed)
77024364 res/animator/mtrl_extended_fab_state_list_animator.xml (OK - compressed)
77025049 res/animator/mtrl_fab_hide_motion_spec.xml (OK - compressed)
77025455 res/animator/mtrl_fab_show_motion_spec.xml (OK - compressed)
77025884 res/animator/mtrl_fab_transformation_sheet_collapse_spec.xml (OK - compressed)
77026483 res/animator/mtrl_fab_transformation_sheet_expand_spec.xml (OK - compressed)
77027080 res/color-v23/abc_btn_colored_borderless_text_material.xml (OK - compressed)
77027399 res/color-v23/abc_btn_colored_text_material.xml (OK - compressed)
77027717 res/color-v23/abc_color_highlight_material.xml (OK - compressed)
77028045 res/color-v23/abc_tint_btn_checkable.xml (OK - compressed)
77028382 res/color-v23/abc_tint_default.xml (OK - compressed)
77028816 res/color-v23/abc_tint_edittext.xml (OK - compressed)
77029166 res/color-v23/abc_tint_seek_thumb.xml (OK - compressed)
77029471 res/color-v23/abc_tint_spinner.xml (OK - compressed)
77029823 res/color-v23/abc_tint_switch_track.xml (OK - compressed)
77030196 res/color/abc_background_cache_hint_selector_material_dark.xml (OK - compressed)
77030520 res/color/abc_background_cache_hint_selector_material_light.xml (OK - compressed)
77030828 res/color/abc_hint_foreground_material_dark.xml (OK - compressed)
77031167 res/color/abc_hint_foreground_material_light.xml (OK - compressed)
77031515 res/color/abc_primary_text_disable_only_material_dark.xml (OK - compressed)
77031831 res/color/abc_primary_text_disable_only_material_light.xml (OK - compressed)
77032133 res/color/abc_primary_text_material_dark.xml (OK - compressed)
77032438 res/color/abc_primary_text_material_light.xml (OK - compressed)
77032731 res/color/abc_search_url_text.xml (OK - compressed)
77033057 res/color/abc_secondary_text_material_dark.xml (OK - compressed)
77033364 res/color/abc_secondary_text_material_light.xml (OK - compressed)
77033672 res/color/checkbox_themeable_attribute_color.xml (OK - compressed)
77033979 res/color/common_google_signin_btn_text_dark.xml (OK - compressed)
77034337 res/color/common_google_signin_btn_text_light.xml (OK - compressed)
77034688 res/color/common_google_signin_btn_tint.xml (OK - compressed)
77034984 res/color/design_box_stroke_color.xml (OK - compressed)
77035326 res/color/design_error.xml (OK - compressed)
77035615 res/color/design_icon_tint.xml (OK - compressed)
77035897 res/color/material_on_background_disabled.xml (OK - compressed)
77036186 res/color/material_on_background_emphasis_high_type.xml (OK - compressed)
77036472 res/color/material_on_background_emphasis_medium.xml (OK - compressed)
77036749 res/color/material_on_primary_disabled.xml (OK - compressed)
77037036 res/color/material_on_primary_emphasis_high_type.xml (OK - compressed)
77037320 res/color/material_on_primary_emphasis_medium.xml (OK - compressed)
77037598 res/color/material_on_surface_disabled.xml (OK - compressed)
77037885 res/color/material_on_surface_emphasis_high_type.xml (OK - compressed)
77038169 res/color/material_on_surface_emphasis_medium.xml (OK - compressed)
77038445 res/color/material_on_surface_stroke.xml (OK - compressed)
77038738 res/color/material_slider_active_tick_marks_color.xml (OK - compressed)
77039070 res/color/material_slider_active_track_color.xml (OK - compressed)
77039387 res/color/material_slider_halo_color.xml (OK - compressed)
77039723 res/color/material_slider_inactive_tick_marks_color.xml (OK - compressed)
77040061 res/color/material_slider_inactive_track_color.xml (OK - compressed)
77040387 res/color/material_slider_thumb_color.xml (OK - compressed)
77040713 res/color/mtrl_bottom_nav_colored_item_tint.xml (OK - compressed)
77041041 res/color/mtrl_bottom_nav_colored_ripple_color.xml (OK - compressed)
77041443 res/color/mtrl_bottom_nav_item_tint.xml (OK - compressed)
77041766 res/color/mtrl_bottom_nav_ripple_color.xml (OK - compressed)
77042256 res/color/mtrl_btn_bg_color_selector.xml (OK - compressed)
77042569 res/color/mtrl_btn_ripple_color.xml (OK - compressed)
77042963 res/color/mtrl_btn_stroke_color_selector.xml (OK - compressed)
77043295 res/color/mtrl_btn_text_btn_bg_color_selector.xml (OK - compressed)
77043619 res/color/mtrl_btn_text_btn_ripple_color.xml (OK - compressed)
77044010 res/color/mtrl_btn_text_color_selector.xml (OK - compressed)
77044334 res/color/mtrl_calendar_item_stroke_color.xml (OK - compressed)
77044723 res/color/mtrl_calendar_selected_range.xml (OK - compressed)
77045002 res/color/mtrl_card_view_foreground.xml (OK - compressed)
77045378 res/color/mtrl_card_view_ripple.xml (OK - compressed)
77045763 res/color/mtrl_chip_background_color.xml (OK - compressed)
77046148 res/color/mtrl_chip_close_icon_tint.xml (OK - compressed)
77046564 res/color/mtrl_chip_ripple_color.xml (OK - compressed)
77046950 res/color/mtrl_chip_surface_color.xml (OK - compressed)
77047195 res/color/mtrl_chip_text_color.xml (OK - compressed)
77047528 res/color/mtrl_choice_chip_background_color.xml (OK - compressed)
77047919 res/color/mtrl_choice_chip_ripple_color.xml (OK - compressed)
77048314 res/color/mtrl_choice_chip_text_color.xml (OK - compressed)
77048679 res/color/mtrl_error.xml (OK - compressed)
77048977 res/color/mtrl_fab_bg_color_selector.xml (OK - compressed)
77049303 res/color/mtrl_fab_icon_text_color_selector.xml (OK - compressed)
77049617 res/color/mtrl_fab_ripple_color.xml (OK - compressed)
77050009 res/color/mtrl_filled_background_color.xml (OK - compressed)
77050385 res/color/mtrl_filled_icon_tint.xml (OK - compressed)
77050740 res/color/mtrl_filled_stroke_color.xml (OK - compressed)
77051131 res/color/mtrl_indicator_text_color.xml (OK - compressed)
77051465 res/color/mtrl_navigation_item_background_color.xml (OK - compressed)
77051817 res/color/mtrl_navigation_item_icon_tint.xml (OK - compressed)
77052173 res/color/mtrl_navigation_item_text_color.xml (OK - compressed)
77052542 res/color/mtrl_on_primary_text_btn_text_color_selector.xml (OK - compressed)
77052853 res/color/mtrl_outlined_icon_tint.xml (OK - compressed)
77053210 res/color/mtrl_outlined_stroke_color.xml (OK - compressed)
77053604 res/color/mtrl_popupmenu_overlay_color.xml (OK - compressed)
77053888 res/color/mtrl_tabs_colored_ripple_color.xml (OK - compressed)
77054294 res/color/mtrl_tabs_icon_color_selector.xml (OK - compressed)
77054619 res/color/mtrl_tabs_icon_color_selector_colored.xml (OK - compressed)
77054941 res/color/mtrl_tabs_legacy_text_color_selector.xml (OK - compressed)
77055235 res/color/mtrl_tabs_ripple_color.xml (OK - compressed)
77055732 res/color/mtrl_text_btn_text_color_selector.xml (OK - compressed)
77056120 res/color/plaid_text_black_100.xml (OK - compressed)
77056413 res/color/plaid_text_black_1000.xml (OK - compressed)
77056705 res/color/plaid_text_black_200.xml (OK - compressed)
77056997 res/color/plaid_text_black_800.xml (OK - compressed)
77057289 res/color/plaid_text_black_900.xml (OK - compressed)
77057577 res/color/plaid_text_white.xml (OK - compressed)
77057886 res/color/radiobutton_themeable_attribute_color.xml (OK - compressed)
77058185 res/color/switch_thumb_material_dark.xml (OK - compressed)
77058486 res/color/switch_thumb_material_light.xml (OK - compressed)
77058782 res/color/test_mtrl_calendar_day.xml (OK - compressed)
77059037 res/color/test_mtrl_calendar_day_selected.xml (OK - compressed)
77059278 res/color/vector_tint_color.xml (OK - compressed)
77059525 res/color/vector_tint_theme_color.xml (OK - compressed)
77059792 res/drawable-hdpi-v4/abc_ab_share_pack_mtrl_alpha.9.png (OK)
77060148 res/drawable-hdpi-v4/abc_btn_check_to_on_mtrl_000.png (OK)
77060460 res/drawable-hdpi-v4/abc_btn_check_to_on_mtrl_015.png (OK)
77060948 res/drawable-hdpi-v4/abc_btn_radio_to_on_mtrl_000.png (OK)
77061496 res/drawable-hdpi-v4/abc_btn_radio_to_on_mtrl_015.png (OK)
77062148 res/drawable-hdpi-v4/abc_btn_switch_to_on_mtrl_00001.9.png (OK)
77063332 res/drawable-hdpi-v4/abc_btn_switch_to_on_mtrl_00012.9.png (OK)
77064668 res/drawable-hdpi-v4/abc_cab_background_top_mtrl_alpha.9.png (OK)
77064984 res/drawable-hdpi-v4/abc_ic_commit_search_api_mtrl_alpha.png (OK)
77065240 res/drawable-hdpi-v4/abc_ic_menu_copy_mtrl_am_alpha.png (OK)
77065524 res/drawable-hdpi-v4/abc_ic_menu_cut_mtrl_alpha.png (OK)
77066016 res/drawable-hdpi-v4/abc_ic_menu_paste_mtrl_am_alpha.png (OK)
77066332 res/drawable-hdpi-v4/abc_ic_menu_selectall_mtrl_alpha.png (OK)
77066632 res/drawable-hdpi-v4/abc_ic_menu_share_mtrl_alpha.png (OK)
77067100 res/drawable-hdpi-v4/abc_ic_star_black_16dp.png (OK)
77067440 res/drawable-hdpi-v4/abc_ic_star_black_36dp.png (OK)
77068040 res/drawable-hdpi-v4/abc_ic_star_black_48dp.png (OK)
77068792 res/drawable-hdpi-v4/abc_ic_star_half_black_16dp.png (OK)
77069072 res/drawable-hdpi-v4/abc_ic_star_half_black_36dp.png (OK)
77069484 res/drawable-hdpi-v4/abc_ic_star_half_black_48dp.png (OK)
77070000 res/drawable-hdpi-v4/abc_list_divider_mtrl_alpha.9.png (OK)
77070248 res/drawable-hdpi-v4/abc_list_focused_holo.9.png (OK)
77070576 res/drawable-hdpi-v4/abc_list_longpressed_holo.9.png (OK)
77070872 res/drawable-hdpi-v4/abc_list_pressed_holo_dark.9.png (OK)
77071164 res/drawable-hdpi-v4/abc_list_pressed_holo_light.9.png (OK)
77071468 res/drawable-hdpi-v4/abc_list_selector_disabled_holo_dark.9.png (OK)
77071792 res/drawable-hdpi-v4/abc_list_selector_disabled_holo_light.9.png (OK)
77072112 res/drawable-hdpi-v4/abc_menu_hardkey_panel_mtrl_mult.9.png (OK)
77072940 res/drawable-hdpi-v4/abc_popup_background_mtrl_mult.9.png (OK)
77074128 res/drawable-hdpi-v4/abc_scrubber_control_off_mtrl_alpha.png (OK)
77074424 res/drawable-hdpi-v4/abc_scrubber_control_to_pressed_mtrl_000.png (OK)
77074716 res/drawable-hdpi-v4/abc_scrubber_control_to_pressed_mtrl_005.png (OK)
77075076 res/drawable-hdpi-v4/abc_scrubber_primary_mtrl_alpha.9.png (OK)
77075368 res/drawable-hdpi-v4/abc_scrubber_track_mtrl_alpha.9.png (OK)
77075648 res/drawable-hdpi-v4/abc_spinner_mtrl_am_alpha.9.png (OK)
77076080 res/drawable-hdpi-v4/abc_switch_track_mtrl_alpha.9.png (OK)
77076652 res/drawable-hdpi-v4/abc_tab_indicator_mtrl_alpha.9.png (OK)
77076936 res/drawable-hdpi-v4/abc_text_select_handle_left_mtrl_dark.png (OK)
77077308 res/drawable-hdpi-v4/abc_text_select_handle_left_mtrl_light.png (OK)
77077680 res/drawable-hdpi-v4/abc_text_select_handle_middle_mtrl_dark.png (OK)
77078176 res/drawable-hdpi-v4/abc_text_select_handle_middle_mtrl_light.png (OK)
77078668 res/drawable-hdpi-v4/abc_text_select_handle_right_mtrl_dark.png (OK)
77079028 res/drawable-hdpi-v4/abc_text_select_handle_right_mtrl_light.png (OK)
77079384 res/drawable-hdpi-v4/abc_textfield_activated_mtrl_alpha.9.png (OK)
77079660 res/drawable-hdpi-v4/abc_textfield_default_mtrl_alpha.9.png (OK)
77079952 res/drawable-hdpi-v4/abc_textfield_search_activated_mtrl_alpha.9.png (OK)
77080228 res/drawable-hdpi-v4/abc_textfield_search_default_mtrl_alpha.9.png (OK)
77080488 res/drawable-hdpi-v4/common_full_open_on_phone.png (OK)
77081280 res/drawable-hdpi-v4/common_google_signin_btn_icon_dark_normal_background.9.png (OK)
77082288 res/drawable-hdpi-v4/common_google_signin_btn_icon_light_normal_background.9.png (OK)
77083080 res/drawable-hdpi-v4/common_google_signin_btn_text_dark_normal_background.9.png (OK)
77084152 res/drawable-hdpi-v4/common_google_signin_btn_text_light_normal_background.9.png (OK)
77084928 res/drawable-hdpi-v4/googleg_disabled_color_18.png (OK)
77085420 res/drawable-hdpi-v4/googleg_standard_color_18.png (OK)
77086312 res/drawable-hdpi-v4/notification_bg_low_normal.9.png (OK)
77086608 res/drawable-hdpi-v4/notification_bg_low_pressed.9.png (OK)
77086912 res/drawable-hdpi-v4/notification_bg_normal.9.png (OK)
77087212 res/drawable-hdpi-v4/notification_bg_normal_pressed.9.png (OK)
77087528 res/drawable-hdpi-v4/notification_oversize_large_icon_bg.png (OK)
77088528 res/drawable-hdpi-v4/notify_panel_notification_icon_bg.png (OK)
77088728 res/drawable-ldrtl-hdpi-v17/abc_ic_menu_copy_mtrl_am_alpha.png (OK)
77089016 res/drawable-ldrtl-hdpi-v17/abc_ic_menu_cut_mtrl_alpha.png (OK)
77089508 res/drawable-ldrtl-hdpi-v17/abc_spinner_mtrl_am_alpha.9.png (OK)
77089948 res/drawable-ldrtl-mdpi-v17/abc_ic_menu_copy_mtrl_am_alpha.png (OK)
77090164 res/drawable-ldrtl-mdpi-v17/abc_ic_menu_cut_mtrl_alpha.png (OK)
77090508 res/drawable-ldrtl-mdpi-v17/abc_spinner_mtrl_am_alpha.9.png (OK)
77090920 res/drawable-ldrtl-xhdpi-v17/abc_ic_menu_copy_mtrl_am_alpha.png (OK)
77091188 res/drawable-ldrtl-xhdpi-v17/abc_ic_menu_cut_mtrl_alpha.png (OK)
77091772 res/drawable-ldrtl-xhdpi-v17/abc_spinner_mtrl_am_alpha.9.png (OK)
77092284 res/drawable-ldrtl-xxhdpi-v17/abc_ic_menu_copy_mtrl_am_alpha.png (OK)
77092636 res/drawable-ldrtl-xxhdpi-v17/abc_ic_menu_cut_mtrl_alpha.png (OK)
77093432 res/drawable-ldrtl-xxhdpi-v17/abc_spinner_mtrl_am_alpha.9.png (OK)
77094052 res/drawable-ldrtl-xxxhdpi-v17/abc_ic_menu_copy_mtrl_am_alpha.png (OK)
77094468 res/drawable-ldrtl-xxxhdpi-v17/abc_ic_menu_cut_mtrl_alpha.png (OK)
77095468 res/drawable-ldrtl-xxxhdpi-v17/abc_spinner_mtrl_am_alpha.9.png (OK)
77095992 res/drawable-mdpi-v4/abc_ab_share_pack_mtrl_alpha.9.png (OK)
77096344 res/drawable-mdpi-v4/abc_btn_check_to_on_mtrl_000.png (OK)
77096644 res/drawable-mdpi-v4/abc_btn_check_to_on_mtrl_015.png (OK)
77097048 res/drawable-mdpi-v4/abc_btn_radio_to_on_mtrl_000.png (OK)
77097456 res/drawable-mdpi-v4/abc_btn_radio_to_on_mtrl_015.png (OK)
77097900 res/drawable-mdpi-v4/abc_btn_switch_to_on_mtrl_00001.9.png (OK)
77098744 res/drawable-mdpi-v4/abc_btn_switch_to_on_mtrl_00012.9.png (OK)
77099660 res/drawable-mdpi-v4/abc_cab_background_top_mtrl_alpha.9.png (OK)
77099968 res/drawable-mdpi-v4/abc_ic_commit_search_api_mtrl_alpha.png (OK)
77100228 res/drawable-mdpi-v4/abc_ic_menu_copy_mtrl_am_alpha.png (OK)
77100444 res/drawable-mdpi-v4/abc_ic_menu_cut_mtrl_alpha.png (OK)
77100784 res/drawable-mdpi-v4/abc_ic_menu_paste_mtrl_am_alpha.png (OK)
77101024 res/drawable-mdpi-v4/abc_ic_menu_selectall_mtrl_alpha.png (OK)
77101248 res/drawable-mdpi-v4/abc_ic_menu_share_mtrl_alpha.png (OK)
77101596 res/drawable-mdpi-v4/abc_ic_star_black_16dp.png (OK)
77101868 res/drawable-mdpi-v4/abc_ic_star_black_36dp.png (OK)
77102312 res/drawable-mdpi-v4/abc_ic_star_black_48dp.png (OK)
77102864 res/drawable-mdpi-v4/abc_ic_star_half_black_16dp.png (OK)
77103092 res/drawable-mdpi-v4/abc_ic_star_half_black_36dp.png (OK)
77103428 res/drawable-mdpi-v4/abc_ic_star_half_black_48dp.png (OK)
77103824 res/drawable-mdpi-v4/abc_list_divider_mtrl_alpha.9.png (OK)
77104072 res/drawable-mdpi-v4/abc_list_focused_holo.9.png (OK)
77104376 res/drawable-mdpi-v4/abc_list_longpressed_holo.9.png (OK)
77104672 res/drawable-mdpi-v4/abc_list_pressed_holo_dark.9.png (OK)
77104964 res/drawable-mdpi-v4/abc_list_pressed_holo_light.9.png (OK)
77105264 res/drawable-mdpi-v4/abc_list_selector_disabled_holo_dark.9.png (OK)
77105576 res/drawable-mdpi-v4/abc_list_selector_disabled_holo_light.9.png (OK)
77105884 res/drawable-mdpi-v4/abc_menu_hardkey_panel_mtrl_mult.9.png (OK)
77106512 res/drawable-mdpi-v4/abc_popup_background_mtrl_mult.9.png (OK)
77107380 res/drawable-mdpi-v4/abc_scrubber_control_off_mtrl_alpha.png (OK)
77107636 res/drawable-mdpi-v4/abc_scrubber_control_to_pressed_mtrl_000.png (OK)
77107876 res/drawable-mdpi-v4/abc_scrubber_control_to_pressed_mtrl_005.png (OK)
77108164 res/drawable-mdpi-v4/abc_scrubber_primary_mtrl_alpha.9.png (OK)
77108456 res/drawable-mdpi-v4/abc_scrubber_track_mtrl_alpha.9.png (OK)
77108732 res/drawable-mdpi-v4/abc_spinner_mtrl_am_alpha.9.png (OK)
77109144 res/drawable-mdpi-v4/abc_switch_track_mtrl_alpha.9.png (OK)
77109624 res/drawable-mdpi-v4/abc_tab_indicator_mtrl_alpha.9.png (OK)
77109904 res/drawable-mdpi-v4/abc_text_select_handle_left_mtrl_dark.png (OK)
77110200 res/drawable-mdpi-v4/abc_text_select_handle_left_mtrl_light.png (OK)
77110500 res/drawable-mdpi-v4/abc_text_select_handle_middle_mtrl_dark.png (OK)
77110908 res/drawable-mdpi-v4/abc_text_select_handle_middle_mtrl_light.png (OK)
77111312 res/drawable-mdpi-v4/abc_text_select_handle_right_mtrl_dark.png (OK)
77111596 res/drawable-mdpi-v4/abc_text_select_handle_right_mtrl_light.png (OK)
77111876 res/drawable-mdpi-v4/abc_textfield_activated_mtrl_alpha.9.png (OK)
77112148 res/drawable-mdpi-v4/abc_textfield_default_mtrl_alpha.9.png (OK)
77112424 res/drawable-mdpi-v4/abc_textfield_search_activated_mtrl_alpha.9.png (OK)
77112700 res/drawable-mdpi-v4/abc_textfield_search_default_mtrl_alpha.9.png (OK)
77112988 res/drawable-mdpi-v4/common_google_signin_btn_icon_dark_normal_background.9.png (OK)
77113708 res/drawable-mdpi-v4/common_google_signin_btn_icon_light_normal_background.9.png (OK)
77114320 res/drawable-mdpi-v4/common_google_signin_btn_text_dark_normal_background.9.png (OK)
77115048 res/drawable-mdpi-v4/common_google_signin_btn_text_light_normal_background.9.png (OK)
77115596 res/drawable-mdpi-v4/googleg_disabled_color_18.png (OK)
77115960 res/drawable-mdpi-v4/googleg_standard_color_18.png (OK)
77116608 res/drawable-mdpi-v4/notification_bg_low_normal.9.png (OK)
77116908 res/drawable-mdpi-v4/notification_bg_low_pressed.9.png (OK)
77117212 res/drawable-mdpi-v4/notification_bg_normal.9.png (OK)
77117516 res/drawable-mdpi-v4/notification_bg_normal_pressed.9.png (OK)
77117828 res/drawable-mdpi-v4/notify_panel_notification_icon_bg.png (OK)
77118004 res/drawable-nodpi-v4/dashboard_athlete_hero.png (OK)
78922856 res/drawable-nodpi-v4/exercise_dead_hang_header.webp (OK)
78941096 res/drawable-nodpi-v4/exercise_dead_hang_list.webp (OK)
78950476 res/drawable-nodpi-v4/exercise_farmers_walk_header.webp (OK)
78982764 res/drawable-nodpi-v4/exercise_farmers_walk_list.webp (OK)
78999100 res/drawable-nodpi-v4/exercise_finger_extension_header.webp (OK)
79037544 res/drawable-nodpi-v4/exercise_finger_extension_list.webp (OK)
79058888 res/drawable-nodpi-v4/exercise_generic_header.webp (OK)
79089520 res/drawable-nodpi-v4/exercise_generic_list.webp (OK)
79106152 res/drawable-nodpi-v4/exercise_grip_hold_header.webp (OK)
79141456 res/drawable-nodpi-v4/exercise_grip_hold_list.webp (OK)
79159204 res/drawable-nodpi-v4/exercise_hangboard_header.webp (OK)
79170988 res/drawable-nodpi-v4/exercise_hangboard_list.webp (OK)
79177344 res/drawable-nodpi-v4/exercise_reverse_wrist_curl_header.webp (OK)
79200920 res/drawable-nodpi-v4/exercise_reverse_wrist_curl_list.webp (OK)
79213832 res/drawable-nodpi-v4/exercise_rice_bag_header.webp (OK)
79237848 res/drawable-nodpi-v4/exercise_rice_bag_list.webp (OK)
79248364 res/drawable-nodpi-v4/exercise_wrist_curl_header.webp (OK)
79277560 res/drawable-nodpi-v4/exercise_wrist_curl_list.webp (OK)
79293104 res/drawable-nodpi-v4/exercise_wrist_rotation_header.webp (OK)
79333848 res/drawable-nodpi-v4/exercise_wrist_rotation_list.webp (OK)
79355856 res/drawable-nodpi-v4/finance_planning_hero.png (OK)
81198800 res/drawable-nodpi-v4/routine_dumbbell_card.webp (OK)
81221676 res/drawable-nodpi-v4/routine_dumbbell_header.webp (OK)
81246212 res/drawable-nodpi-v4/routine_dumbbell_picker.webp (OK)
81257872 res/drawable-nodpi-v4/routine_full_body_card.webp (OK)
81282816 res/drawable-nodpi-v4/routine_full_body_header.webp (OK)
81309632 res/drawable-nodpi-v4/routine_full_body_picker.webp (OK)
81323284 res/drawable-nodpi-v4/routine_generic_card.webp (OK)
81357228 res/drawable-nodpi-v4/routine_generic_header.webp (OK)
81393376 res/drawable-nodpi-v4/routine_generic_picker.webp (OK)
81409564 res/drawable-nodpi-v4/routine_grip_trainer_card.webp (OK)
81438220 res/drawable-nodpi-v4/routine_grip_trainer_header.webp (OK)
81469112 res/drawable-nodpi-v4/routine_grip_trainer_picker.webp (OK)
81484028 res/drawable-nodpi-v4/routine_hangboard_card.webp (OK)
81496956 res/drawable-nodpi-v4/routine_hangboard_header.webp (OK)
81511136 res/drawable-nodpi-v4/routine_hangboard_picker.webp (OK)
81518484 res/drawable-nodpi-v4/routine_jump_rope_card.webp (OK)
81550108 res/drawable-nodpi-v4/routine_jump_rope_header.webp (OK)
81584244 res/drawable-nodpi-v4/routine_jump_rope_picker.webp (OK)
81601332 res/drawable-nodpi-v4/routine_kettlebell_card.webp (OK)
81634516 res/drawable-nodpi-v4/routine_kettlebell_header.webp (OK)
81670916 res/drawable-nodpi-v4/routine_kettlebell_picker.webp (OK)
81685852 res/drawable-nodpi-v4/routine_leg_day_card.webp (OK)
81719156 res/drawable-nodpi-v4/routine_leg_day_header.webp (OK)
81754864 res/drawable-nodpi-v4/routine_leg_day_picker.webp (OK)
81772992 res/drawable-nodpi-v4/routine_pull_day_card.webp (OK)
81799328 res/drawable-nodpi-v4/routine_pull_day_header.webp (OK)
81827880 res/drawable-nodpi-v4/routine_pull_day_picker.webp (OK)
81841732 res/drawable-nodpi-v4/routine_push_day_card.webp (OK)
81871772 res/drawable-nodpi-v4/routine_push_day_header.webp (OK)
81903712 res/drawable-nodpi-v4/routine_push_day_picker.webp (OK)
81920532 res/drawable-nodpi-v4/routine_running_shoe_card.webp (OK)
81947276 res/drawable-nodpi-v4/routine_running_shoe_header.webp (OK)
81976444 res/drawable-nodpi-v4/routine_running_shoe_picker.webp (OK)
81989292 res/drawable-nodpi-v4/routine_stopwatch_card.webp (OK)
82018968 res/drawable-nodpi-v4/routine_stopwatch_header.webp (OK)
82050984 res/drawable-nodpi-v4/routine_stopwatch_picker.webp (OK)
82066548 res/drawable-nodpi-v4/widget_01_dumbbell.webp (OK)
82080548 res/drawable-nodpi-v4/widget_02_flex.webp (OK)
82097464 res/drawable-nodpi-v4/widget_03_fire.webp (OK)
82111868 res/drawable-nodpi-v4/widget_04_melt.webp (OK)
82124560 res/drawable-nodpi-v4/widget_05_orbit.webp (OK)
82136432 res/drawable-nodpi-v4/widget_06_jump_rope.webp (OK)
82147176 res/drawable-nodpi-v4/widget_07_wave.webp (OK)
82165436 res/drawable-nodpi-v4/widget_08_skateboard.webp (OK)
82179232 res/drawable-nodpi-v4/widget_09_spotlight.webp (OK)
82194424 res/drawable-nodpi-v4/widget_10_paper_plane.webp (OK)
82208140 res/drawable-nodpi-v4/widget_11_kettlebell.webp (OK)
82219192 res/drawable-nodpi-v4/widget_12_chalk_clap.webp (OK)
82242936 res/drawable-nodpi-v4/widget_13_lightning.webp (OK)
82256780 res/drawable-nodpi-v4/widget_14_frost.webp (OK)
82278832 res/drawable-nodpi-v4/widget_15_alien_abduction.webp (OK)
82293232 res/drawable-nodpi-v4/widget_16_lying_down.webp (OK)
82304668 res/drawable-nodpi-v4/widget_17_pole_vault.webp (OK)
82313208 res/drawable-nodpi-v4/widget_18_slingshot.webp (OK)
82331628 res/drawable-nodpi-v4/widget_19_umbrella.webp (OK)
82343596 res/drawable-nodpi-v4/widget_20_butterfly.webp (OK)
82356292 res/drawable-nodpi-v4/widget_21_climbing.webp (OK)
82367856 res/drawable-nodpi-v4/widget_22_balance_beam.webp (OK)
82378296 res/drawable-nodpi-v4/widget_23_tornado.webp (OK)
82396356 res/drawable-nodpi-v4/widget_24_geode.webp (OK)
82417324 res/drawable-nodpi-v4/widget_25_portal.webp (OK)
82430500 res/drawable-nodpi-v4/widget_26_shadow_puppet.webp (OK)
82441640 res/drawable-nodpi-v4/widget_27_pendulum.webp (OK)
82457912 res/drawable-nodpi-v4/widget_28_pinwheel.webp (OK)
82481828 res/drawable-nodpi-v4/widget_29_balloon.webp (OK)
82494216 res/drawable-nodpi-v4/widget_30_windup_toy.webp (OK)
82516672 res/drawable-nodpi-v4/widget_31_sprint_start.webp (OK)
82531972 res/drawable-nodpi-v4/widget_32_rowing.webp (OK)
82545884 res/drawable-nodpi-v4/widget_33_rain_cloud.webp (OK)
82556448 res/drawable-nodpi-v4/widget_34_coral.webp (OK)
82575160 res/drawable-nodpi-v4/widget_35_impossible_stair.webp (OK)
82591824 res/drawable-nodpi-v4/widget_36_origami.webp (OK)
82602212 res/drawable-nodpi-v4/widget_37_spring.webp (OK)
82618316 res/drawable-nodpi-v4/widget_38_domino.webp (OK)
82630696 res/drawable-nodpi-v4/widget_39_juggling.webp (OK)
82647736 res/drawable-nodpi-v4/widget_40_treasure.webp (OK)
82663200 res/drawable-nodpi-v4/widget_41_punching_bag.webp (OK)
82677180 res/drawable-nodpi-v4/widget_42_yoga.webp (OK)
82685720 res/drawable-nodpi-v4/widget_43_prism.webp (OK)
82696952 res/drawable-nodpi-v4/widget_44_sandstorm.webp (OK)
82710048 res/drawable-nodpi-v4/widget_45_moonwalk.webp (OK)
82718512 res/drawable-nodpi-v4/widget_46_genie_lamp.webp (OK)
82726064 res/drawable-nodpi-v4/widget_47_roller_coaster.webp (OK)
82737092 res/drawable-nodpi-v4/widget_48_compass.webp (OK)
82746960 res/drawable-nodpi-v4/widget_49_kite.webp (OK)
82752340 res/drawable-nodpi-v4/widget_50_curtain_call.webp (OK)
82764224 res/drawable-v21/abc_action_bar_item_background_material.xml (OK - compressed)
82764451 res/drawable-v21/abc_btn_colored_material.xml (OK - compressed)
82765083 res/drawable-v21/abc_dialog_material_background.xml (OK - compressed)
82765482 res/drawable-v21/abc_edit_text_material.xml (OK - compressed)
82766022 res/drawable-v21/abc_list_divider_material.xml (OK - compressed)
82766359 res/drawable-v21/design_bottom_navigation_item_background.xml (OK - compressed)
82766596 res/drawable-v21/notification_action_background.xml (OK - compressed)
82767150 res/drawable-v23/abc_control_background_material.xml (OK - compressed)
82767405 res/drawable-v23/mtrl_popupmenu_background_dark.xml (OK - compressed)
82767903 res/drawable-watch-v20/abc_dialog_material_background.xml (OK - compressed)
82768176 res/drawable-xhdpi-v4/abc_ab_share_pack_mtrl_alpha.9.png (OK)
82768540 res/drawable-xhdpi-v4/abc_btn_check_to_on_mtrl_000.png (OK)
82768908 res/drawable-xhdpi-v4/abc_btn_check_to_on_mtrl_015.png (OK)
82769424 res/drawable-xhdpi-v4/abc_btn_radio_to_on_mtrl_000.png (OK)
82770160 res/drawable-xhdpi-v4/abc_btn_radio_to_on_mtrl_015.png (OK)
82771036 res/drawable-xhdpi-v4/abc_btn_switch_to_on_mtrl_00001.9.png (OK)
82772652 res/drawable-xhdpi-v4/abc_btn_switch_to_on_mtrl_00012.9.png (OK)
82774476 res/drawable-xhdpi-v4/abc_cab_background_top_mtrl_alpha.9.png (OK)
82774796 res/drawable-xhdpi-v4/abc_ic_commit_search_api_mtrl_alpha.png (OK)
82775112 res/drawable-xhdpi-v4/abc_ic_menu_copy_mtrl_am_alpha.png (OK)
82775372 res/drawable-xhdpi-v4/abc_ic_menu_cut_mtrl_alpha.png (OK)
82775952 res/drawable-xhdpi-v4/abc_ic_menu_paste_mtrl_am_alpha.png (OK)
82776284 res/drawable-xhdpi-v4/abc_ic_menu_selectall_mtrl_alpha.png (OK)
82776552 res/drawable-xhdpi-v4/abc_ic_menu_share_mtrl_alpha.png (OK)
82777112 res/drawable-xhdpi-v4/abc_ic_star_black_16dp.png (OK)
82777524 res/drawable-xhdpi-v4/abc_ic_star_black_36dp.png (OK)
82778256 res/drawable-xhdpi-v4/abc_ic_star_black_48dp.png (OK)
82779228 res/drawable-xhdpi-v4/abc_ic_star_half_black_16dp.png (OK)
82779548 res/drawable-xhdpi-v4/abc_ic_star_half_black_36dp.png (OK)
82780052 res/drawable-xhdpi-v4/abc_ic_star_half_black_48dp.png (OK)
82780688 res/drawable-xhdpi-v4/abc_list_divider_mtrl_alpha.9.png (OK)
82780936 res/drawable-xhdpi-v4/abc_list_focused_holo.9.png (OK)
82781264 res/drawable-xhdpi-v4/abc_list_longpressed_holo.9.png (OK)
82781564 res/drawable-xhdpi-v4/abc_list_pressed_holo_dark.9.png (OK)
82781860 res/drawable-xhdpi-v4/abc_list_pressed_holo_light.9.png (OK)
82782164 res/drawable-xhdpi-v4/abc_list_selector_disabled_holo_dark.9.png (OK)
82782496 res/drawable-xhdpi-v4/abc_list_selector_disabled_holo_light.9.png (OK)
82782824 res/drawable-xhdpi-v4/abc_menu_hardkey_panel_mtrl_mult.9.png (OK)
82783880 res/drawable-xhdpi-v4/abc_popup_background_mtrl_mult.9.png (OK)
82785516 res/drawable-xhdpi-v4/abc_scrubber_control_off_mtrl_alpha.png (OK)
82785880 res/drawable-xhdpi-v4/abc_scrubber_control_to_pressed_mtrl_000.png (OK)
82786244 res/drawable-xhdpi-v4/abc_scrubber_control_to_pressed_mtrl_005.png (OK)
82786724 res/drawable-xhdpi-v4/abc_scrubber_primary_mtrl_alpha.9.png (OK)
82787020 res/drawable-xhdpi-v4/abc_scrubber_track_mtrl_alpha.9.png (OK)
82787304 res/drawable-xhdpi-v4/abc_spinner_mtrl_am_alpha.9.png (OK)
82787840 res/drawable-xhdpi-v4/abc_switch_track_mtrl_alpha.9.png (OK)
82788544 res/drawable-xhdpi-v4/abc_tab_indicator_mtrl_alpha.9.png (OK)
82788832 res/drawable-xhdpi-v4/abc_text_select_handle_left_mtrl_dark.png (OK)
82789264 res/drawable-xhdpi-v4/abc_text_select_handle_left_mtrl_light.png (OK)
82789696 res/drawable-xhdpi-v4/abc_text_select_handle_middle_mtrl_dark.png (OK)
82790376 res/drawable-xhdpi-v4/abc_text_select_handle_middle_mtrl_light.png (OK)
82791056 res/drawable-xhdpi-v4/abc_text_select_handle_right_mtrl_dark.png (OK)
82791472 res/drawable-xhdpi-v4/abc_text_select_handle_right_mtrl_light.png (OK)
82791884 res/drawable-xhdpi-v4/abc_textfield_activated_mtrl_alpha.9.png (OK)
82792164 res/drawable-xhdpi-v4/abc_textfield_default_mtrl_alpha.9.png (OK)
82792452 res/drawable-xhdpi-v4/abc_textfield_search_activated_mtrl_alpha.9.png (OK)
82792736 res/drawable-xhdpi-v4/abc_textfield_search_default_mtrl_alpha.9.png (OK)
82793000 res/drawable-xhdpi-v4/common_full_open_on_phone.png (OK)
82793600 res/drawable-xhdpi-v4/common_google_signin_btn_icon_dark_normal_background.9.png (OK)
82794744 res/drawable-xhdpi-v4/common_google_signin_btn_icon_light_normal_background.9.png (OK)
82795632 res/drawable-xhdpi-v4/common_google_signin_btn_text_dark_normal_background.9.png (OK)
82796832 res/drawable-xhdpi-v4/common_google_signin_btn_text_light_normal_background.9.png (OK)
82797724 res/drawable-xhdpi-v4/googleg_disabled_color_18.png (OK)
82798324 res/drawable-xhdpi-v4/googleg_standard_color_18.png (OK)
82799392 res/drawable-xhdpi-v4/notification_bg_low_normal.9.png (OK)
82799700 res/drawable-xhdpi-v4/notification_bg_low_pressed.9.png (OK)
82800032 res/drawable-xhdpi-v4/notification_bg_normal.9.png (OK)
82800344 res/drawable-xhdpi-v4/notification_bg_normal_pressed.9.png (OK)
82800680 res/drawable-xhdpi-v4/notify_panel_notification_icon_bg.png (OK)
82800908 res/drawable-xxhdpi-v4/abc_ab_share_pack_mtrl_alpha.9.png (OK)
82801280 res/drawable-xxhdpi-v4/abc_btn_check_to_on_mtrl_000.png (OK)
82801672 res/drawable-xxhdpi-v4/abc_btn_check_to_on_mtrl_015.png (OK)
82802352 res/drawable-xxhdpi-v4/abc_btn_radio_to_on_mtrl_000.png (OK)
82803424 res/drawable-xxhdpi-v4/abc_btn_radio_to_on_mtrl_015.png (OK)
82804724 res/drawable-xxhdpi-v4/abc_btn_switch_to_on_mtrl_00001.9.png (OK)
82807280 res/drawable-xxhdpi-v4/abc_btn_switch_to_on_mtrl_00012.9.png (OK)
82810208 res/drawable-xxhdpi-v4/abc_cab_background_top_mtrl_alpha.9.png (OK)
82810540 res/drawable-xxhdpi-v4/abc_ic_commit_search_api_mtrl_alpha.png (OK)
82810852 res/drawable-xxhdpi-v4/abc_ic_menu_copy_mtrl_am_alpha.png (OK)
82811200 res/drawable-xxhdpi-v4/abc_ic_menu_cut_mtrl_alpha.png (OK)
82812000 res/drawable-xxhdpi-v4/abc_ic_menu_paste_mtrl_am_alpha.png (OK)
82812440 res/drawable-xxhdpi-v4/abc_ic_menu_selectall_mtrl_alpha.png (OK)
82812788 res/drawable-xxhdpi-v4/abc_ic_menu_share_mtrl_alpha.png (OK)
82813568 res/drawable-xxhdpi-v4/abc_ic_star_black_16dp.png (OK)
82814108 res/drawable-xxhdpi-v4/abc_ic_star_black_36dp.png (OK)
82815172 res/drawable-xxhdpi-v4/abc_ic_star_black_48dp.png (OK)
82816548 res/drawable-xxhdpi-v4/abc_ic_star_half_black_16dp.png (OK)
82816944 res/drawable-xxhdpi-v4/abc_ic_star_half_black_36dp.png (OK)
82817608 res/drawable-xxhdpi-v4/abc_ic_star_half_black_48dp.png (OK)
82818484 res/drawable-xxhdpi-v4/abc_list_divider_mtrl_alpha.9.png (OK)
82818736 res/drawable-xxhdpi-v4/abc_list_focused_holo.9.png (OK)
82819068 res/drawable-xxhdpi-v4/abc_list_longpressed_holo.9.png (OK)
82819376 res/drawable-xxhdpi-v4/abc_list_pressed_holo_dark.9.png (OK)
82819676 res/drawable-xxhdpi-v4/abc_list_pressed_holo_light.9.png (OK)
82819984 res/drawable-xxhdpi-v4/abc_list_selector_disabled_holo_dark.9.png (OK)
82820340 res/drawable-xxhdpi-v4/abc_list_selector_disabled_holo_light.9.png (OK)
82820692 res/drawable-xxhdpi-v4/abc_menu_hardkey_panel_mtrl_mult.9.png (OK)
82822560 res/drawable-xxhdpi-v4/abc_popup_background_mtrl_mult.9.png (OK)
82824960 res/drawable-xxhdpi-v4/abc_scrubber_control_off_mtrl_alpha.png (OK)
82825380 res/drawable-xxhdpi-v4/abc_scrubber_control_to_pressed_mtrl_000.png (OK)
82825880 res/drawable-xxhdpi-v4/abc_scrubber_control_to_pressed_mtrl_005.png (OK)
82826568 res/drawable-xxhdpi-v4/abc_scrubber_primary_mtrl_alpha.9.png (OK)
82826868 res/drawable-xxhdpi-v4/abc_scrubber_track_mtrl_alpha.9.png (OK)
82827160 res/drawable-xxhdpi-v4/abc_spinner_mtrl_am_alpha.9.png (OK)
82827772 res/drawable-xxhdpi-v4/abc_switch_track_mtrl_alpha.9.png (OK)
82828712 res/drawable-xxhdpi-v4/abc_tab_indicator_mtrl_alpha.9.png (OK)
82829012 res/drawable-xxhdpi-v4/abc_text_select_handle_left_mtrl_dark.png (OK)
82829528 res/drawable-xxhdpi-v4/abc_text_select_handle_left_mtrl_light.png (OK)
82830044 res/drawable-xxhdpi-v4/abc_text_select_handle_middle_mtrl_dark.png (OK)
82830896 res/drawable-xxhdpi-v4/abc_text_select_handle_middle_mtrl_light.png (OK)
82831744 res/drawable-xxhdpi-v4/abc_text_select_handle_right_mtrl_dark.png (OK)
82832264 res/drawable-xxhdpi-v4/abc_text_select_handle_right_mtrl_light.png (OK)
82832780 res/drawable-xxhdpi-v4/abc_textfield_activated_mtrl_alpha.9.png (OK)
82833072 res/drawable-xxhdpi-v4/abc_textfield_default_mtrl_alpha.9.png (OK)
82833372 res/drawable-xxhdpi-v4/abc_textfield_search_activated_mtrl_alpha.9.png (OK)
82833660 res/drawable-xxhdpi-v4/abc_textfield_search_default_mtrl_alpha.9.png (OK)
82833960 res/drawable-xxhdpi-v4/common_google_signin_btn_icon_dark_normal_background.9.png (OK)
82835584 res/drawable-xxhdpi-v4/common_google_signin_btn_icon_light_normal_background.9.png (OK)
82836836 res/drawable-xxhdpi-v4/common_google_signin_btn_text_dark_normal_background.9.png (OK)
82838588 res/drawable-xxhdpi-v4/common_google_signin_btn_text_light_normal_background.9.png (OK)
82839928 res/drawable-xxhdpi-v4/googleg_disabled_color_18.png (OK)
82840740 res/drawable-xxhdpi-v4/googleg_standard_color_18.png (OK)
82842268 res/drawable-xxxhdpi-v4/abc_btn_check_to_on_mtrl_000.png (OK)
82842632 res/drawable-xxxhdpi-v4/abc_btn_check_to_on_mtrl_015.png (OK)
82843196 res/drawable-xxxhdpi-v4/abc_btn_radio_to_on_mtrl_000.png (OK)
82844068 res/drawable-xxxhdpi-v4/abc_btn_radio_to_on_mtrl_015.png (OK)
82845108 res/drawable-xxxhdpi-v4/abc_btn_switch_to_on_mtrl_00001.9.png (OK)
82847704 res/drawable-xxxhdpi-v4/abc_btn_switch_to_on_mtrl_00012.9.png (OK)
82850608 res/drawable-xxxhdpi-v4/abc_ic_menu_copy_mtrl_am_alpha.png (OK)
82851020 res/drawable-xxxhdpi-v4/abc_ic_menu_cut_mtrl_alpha.png (OK)
82852020 res/drawable-xxxhdpi-v4/abc_ic_menu_paste_mtrl_am_alpha.png (OK)
82852572 res/drawable-xxxhdpi-v4/abc_ic_menu_selectall_mtrl_alpha.png (OK)
82852964 res/drawable-xxxhdpi-v4/abc_ic_menu_share_mtrl_alpha.png (OK)
82853944 res/drawable-xxxhdpi-v4/abc_ic_star_black_16dp.png (OK)
82854624 res/drawable-xxxhdpi-v4/abc_ic_star_black_36dp.png (OK)
82855976 res/drawable-xxxhdpi-v4/abc_ic_star_black_48dp.png (OK)
82857744 res/drawable-xxxhdpi-v4/abc_ic_star_half_black_16dp.png (OK)
82858208 res/drawable-xxxhdpi-v4/abc_ic_star_half_black_36dp.png (OK)
82859056 res/drawable-xxxhdpi-v4/abc_ic_star_half_black_48dp.png (OK)
82860148 res/drawable-xxxhdpi-v4/abc_scrubber_control_to_pressed_mtrl_000.png (OK)
82860664 res/drawable-xxxhdpi-v4/abc_scrubber_control_to_pressed_mtrl_005.png (OK)
82861380 res/drawable-xxxhdpi-v4/abc_spinner_mtrl_am_alpha.9.png (OK)
82861900 res/drawable-xxxhdpi-v4/abc_switch_track_mtrl_alpha.9.png (OK)
82862804 res/drawable-xxxhdpi-v4/abc_tab_indicator_mtrl_alpha.9.png (OK)
82863104 res/drawable-xxxhdpi-v4/abc_text_select_handle_left_mtrl_dark.png (OK)
82863716 res/drawable-xxxhdpi-v4/abc_text_select_handle_left_mtrl_light.png (OK)
82864328 res/drawable-xxxhdpi-v4/abc_text_select_handle_right_mtrl_dark.png (OK)
82864940 res/drawable-xxxhdpi-v4/abc_text_select_handle_right_mtrl_light.png (OK)
82865521 res/drawable/$avd_hide_password__0.xml (OK - compressed)
82866111 res/drawable/$avd_hide_password__1.xml (OK - compressed)
82866491 res/drawable/$avd_hide_password__2.xml (OK - compressed)
82866853 res/drawable/$avd_show_password__0.xml (OK - compressed)
82867423 res/drawable/$avd_show_password__1.xml (OK - compressed)
82867803 res/drawable/$avd_show_password__2.xml (OK - compressed)
82868172 res/drawable/abc_btn_borderless_material.xml (OK - compressed)
82868493 res/drawable/abc_btn_check_material.xml (OK - compressed)
82868797 res/drawable/abc_btn_check_material_anim.xml (OK - compressed)
82869210 res/drawable/abc_btn_default_mtrl_shape.xml (OK - compressed)
82869673 res/drawable/abc_btn_radio_material.xml (OK - compressed)
82869977 res/drawable/abc_btn_radio_material_anim.xml (OK - compressed)
82870393 res/drawable/abc_cab_background_internal_bg.xml (OK - compressed)
82870656 res/drawable/abc_cab_background_top_material.xml (OK - compressed)
82870900 res/drawable/abc_ic_ab_back_material.xml (OK - compressed)
82871362 res/drawable/abc_ic_arrow_drop_right_black_24dp.xml (OK - compressed)
82871921 res/drawable/abc_ic_clear_material.xml (OK - compressed)
82872357 res/drawable/abc_ic_go_search_api_material.xml (OK - compressed)
82872774 res/drawable/abc_ic_menu_overflow_material.xml (OK - compressed)
82873237 res/drawable/abc_ic_search_api_material.xml (OK - compressed)
82873769 res/drawable/abc_ic_voice_search_api_material.xml (OK - compressed)
82874302 res/drawable/abc_item_background_holo_dark.xml (OK - compressed)
82874698 res/drawable/abc_item_background_holo_light.xml (OK - compressed)
82875113 res/drawable/abc_list_selector_background_transition_holo_dark.xml (OK - compressed)
82875410 res/drawable/abc_list_selector_background_transition_holo_light.xml (OK - compressed)
82875683 res/drawable/abc_list_selector_holo_dark.xml (OK - compressed)
82876097 res/drawable/abc_list_selector_holo_light.xml (OK - compressed)
82876514 res/drawable/abc_ratingbar_indicator_material.xml (OK - compressed)
82876879 res/drawable/abc_ratingbar_material.xml (OK - compressed)
82877250 res/drawable/abc_ratingbar_small_material.xml (OK - compressed)
82877620 res/drawable/abc_seekbar_thumb_material.xml (OK - compressed)
82878050 res/drawable/abc_seekbar_tick_mark_material.xml (OK - compressed)
82878367 res/drawable/abc_seekbar_track_material.xml (OK - compressed)
82878879 res/drawable/abc_spinner_textfield_background_material.xml (OK - compressed)
82879360 res/drawable/abc_switch_thumb_material.xml (OK - compressed)
82879663 res/drawable/abc_tab_indicator_material.xml (OK - compressed)
82879967 res/drawable/abc_text_cursor_material.xml (OK - compressed)
82880284 res/drawable/abc_textfield_search_material.xml (OK - compressed)
82880638 res/drawable/abc_vector_test.xml (OK - compressed)
82881035 res/drawable/avd_hide_password.xml (OK - compressed)
82881398 res/drawable/avd_show_password.xml (OK - compressed)
82881770 res/drawable/btn_checkbox_checked_mtrl.xml (OK - compressed)
82882706 res/drawable/btn_checkbox_checked_to_unchecked_mtrl_animation.xml (OK - compressed)
82883085 res/drawable/btn_checkbox_unchecked_mtrl.xml (OK - compressed)
82884011 res/drawable/btn_checkbox_unchecked_to_checked_mtrl_animation.xml (OK - compressed)
82884376 res/drawable/btn_radio_off_mtrl.xml (OK - compressed)
82885160 res/drawable/btn_radio_off_to_on_mtrl_animation.xml (OK - compressed)
82885524 res/drawable/btn_radio_on_mtrl.xml (OK - compressed)
82886283 res/drawable/btn_radio_on_to_off_mtrl_animation.xml (OK - compressed)
82886664 res/drawable/common_google_signin_btn_icon_dark.xml (OK - compressed)
82887010 res/drawable/common_google_signin_btn_icon_dark_focused.xml (OK - compressed)
82887471 res/drawable/common_google_signin_btn_icon_dark_normal.xml (OK - compressed)
82887811 res/drawable/common_google_signin_btn_icon_disabled.xml (OK - compressed)
82888332 res/drawable/common_google_signin_btn_icon_light.xml (OK - compressed)
82888679 res/drawable/common_google_signin_btn_icon_light_focused.xml (OK - compressed)
82889139 res/drawable/common_google_signin_btn_icon_light_normal.xml (OK - compressed)
82889475 res/drawable/common_google_signin_btn_text_dark.xml (OK - compressed)
82889819 res/drawable/common_google_signin_btn_text_dark_focused.xml (OK - compressed)
82890280 res/drawable/common_google_signin_btn_text_dark_normal.xml (OK - compressed)
82890637 res/drawable/common_google_signin_btn_text_disabled.xml (OK - compressed)
82891168 res/drawable/common_google_signin_btn_text_light.xml (OK - compressed)
82891515 res/drawable/common_google_signin_btn_text_light_focused.xml (OK - compressed)
82891974 res/drawable/common_google_signin_btn_text_light_normal.xml (OK - compressed)
82892315 res/drawable/design_fab_background.xml (OK - compressed)
82892566 res/drawable/design_ic_visibility.xml (OK - compressed)
82892916 res/drawable/design_ic_visibility_off.xml (OK - compressed)
82893606 res/drawable/design_password_eye.xml (OK - compressed)
82894025 res/drawable/design_snackbar_background.xml (OK - compressed)
82894309 res/drawable/ic_call_answer.xml (OK - compressed)
82895037 res/drawable/ic_call_answer_low.xml (OK - compressed)
82895748 res/drawable/ic_call_answer_video.xml (OK - compressed)
82896240 res/drawable/ic_call_answer_video_low.xml (OK - compressed)
82896703 res/drawable/ic_call_decline.xml (OK - compressed)
82897503 res/drawable/ic_call_decline_low.xml (OK - compressed)
82898284 res/drawable/ic_mtrl_checked_circle.xml (OK - compressed)
82898724 res/drawable/ic_mtrl_chip_checked_black.xml (OK - compressed)
82899118 res/drawable/ic_mtrl_chip_checked_circle.xml (OK - compressed)
82899638 res/drawable/ic_mtrl_chip_close_circle.xml (OK - compressed)
82900105 res/drawable/ic_notification.xml (OK - compressed)
82900658 res/drawable/launcher_five_foreground.xml (OK - compressed)
82901720 res/drawable/launcher_five_monochrome.xml (OK - compressed)
82902754 res/drawable/material_ic_calendar_black_24dp.xml (OK - compressed)
82903210 res/drawable/material_ic_clear_black_24dp.xml (OK - compressed)
82903660 res/drawable/material_ic_edit_black_24dp.xml (OK - compressed)
82904134 res/drawable/material_ic_keyboard_arrow_left_black_24dp.xml (OK - compressed)
82904598 res/drawable/material_ic_keyboard_arrow_right_black_24dp.xml (OK - compressed)
82905047 res/drawable/material_ic_menu_arrow_down_black_24dp.xml (OK - compressed)
82905464 res/drawable/material_ic_menu_arrow_up_black_24dp.xml (OK - compressed)
82905869 res/drawable/measured_five_foreground.xml (OK - compressed)
82906622 res/drawable/measured_five_monochrome.xml (OK - compressed)
82907363 res/drawable/mtrl_dialog_background.xml (OK - compressed)
82907757 res/drawable/mtrl_dropdown_arrow.xml (OK - compressed)
82908059 res/drawable/mtrl_ic_arrow_drop_down.xml (OK - compressed)
82908427 res/drawable/mtrl_ic_arrow_drop_up.xml (OK - compressed)
82908787 res/drawable/mtrl_ic_cancel.xml (OK - compressed)
82909226 res/drawable/mtrl_ic_error.xml (OK - compressed)
82909649 res/drawable/mtrl_popupmenu_background.xml (OK - compressed)
82910047 res/drawable/mtrl_tabs_default_indicator.xml (OK - compressed)
82910380 res/drawable/navigation_empty_icon.xml (OK - compressed)
82910686 res/drawable/notification_bg.xml (OK - compressed)
82911006 res/drawable/notification_bg_low.xml (OK - compressed)
82911334 res/drawable/notification_icon_background.xml (OK - compressed)
82911587 res/drawable/notification_tile_bg.xml (OK - compressed)
82911824 res/drawable/pl_icon_close_s1.xml (OK - compressed)
82912249 res/drawable/pl_illustration_scene_error.xml (OK - compressed)
82916415 res/drawable/pl_webview_transparent_background_center.xml (OK - compressed)
82916780 res/drawable/pl_webview_transparent_background_end.xml (OK - compressed)
82917148 res/drawable/pl_webview_transparent_background_start.xml (OK - compressed)
82917481 res/drawable/plaid_primary_button_background.xml (OK - compressed)
82917839 res/drawable/plaid_primary_default_background.xml (OK - compressed)
82918143 res/drawable/plaid_primary_disabled_background.xml (OK - compressed)
82918446 res/drawable/plaid_primary_focused_background.xml (OK - compressed)
82918749 res/drawable/plaid_primary_pressed_background.xml (OK - compressed)
82919053 res/drawable/plaid_secondary_button_background.xml (OK - compressed)
82919460 res/drawable/plaid_secondary_button_text_color.xml (OK - compressed)
82919869 res/drawable/plaid_secondary_default_background.xml (OK - compressed)
82920200 res/drawable/plaid_secondary_disabled_background.xml (OK - compressed)
82920531 res/drawable/plaid_secondary_focused_background.xml (OK - compressed)
82920862 res/drawable/plaid_secondary_pressed_background.xml (OK - compressed)
82921193 res/drawable/plaid_secondary_selected_background.xml (OK - compressed)
82921497 res/drawable/plaid_tertiary_button_text_color.xml (OK - compressed)
82921851 res/drawable/plaid_text_select_handle_end.xml (OK - compressed)
82922262 res/drawable/plaid_text_select_handle_middle.xml (OK - compressed)
82922619 res/drawable/plaid_text_select_handle_start.xml (OK - compressed)
82923034 res/drawable/plaid_transparent_webview_animation.xml (OK - compressed)
82923361 res/drawable/plaid_transparent_webview_animation_fade_out.xml (OK - compressed)
82923679 res/drawable/plaid_vertical_progress_background.xml (OK - compressed)
82924082 res/drawable/test_custom_background.xml (OK - compressed)
82924322 res/drawable/tooltip_frame_dark.xml (OK - compressed)
82924613 res/drawable/tooltip_frame_light.xml (OK - compressed)
82924905 res/font/dm_serif_display_regular.ttf (OK - compressed)
82966217 res/font/plaid_cern.otf (OK - compressed)
82990958 res/font/plaid_cern_extrabold.otf (OK - compressed)
83015864 res/font/plaid_cern_semibold.otf (OK - compressed)
83040527 res/font/plaid_inconsolata.xml (OK - compressed)
83040880 res/interpolator-v21/mtrl_fast_out_linear_in.xml (OK - compressed)
83041167 res/interpolator-v21/mtrl_fast_out_slow_in.xml (OK - compressed)
83041459 res/interpolator-v21/mtrl_linear_out_slow_in.xml (OK - compressed)
83041771 res/interpolator/btn_checkbox_checked_mtrl_animation_interpolator_0.xml (OK - compressed)
83042059 res/interpolator/btn_checkbox_checked_mtrl_animation_interpolator_1.xml (OK - compressed)
83042352 res/interpolator/btn_checkbox_unchecked_mtrl_animation_interpolator_0.xml (OK - compressed)
83042642 res/interpolator/btn_checkbox_unchecked_mtrl_animation_interpolator_1.xml (OK - compressed)
83042929 res/interpolator/btn_radio_to_off_mtrl_animation_interpolator_0.xml (OK - compressed)
83043215 res/interpolator/btn_radio_to_on_mtrl_animation_interpolator_0.xml (OK - compressed)
83043472 res/interpolator/fast_out_slow_in.xml (OK - compressed)
83043748 res/interpolator/mtrl_linear.xml (OK - compressed)
83043898 res/layout-land/mtrl_picker_header_dialog.xml (OK - compressed)
83044544 res/layout-sw600dp-v13/design_layout_snackbar.xml (OK - compressed)
83044917 res/layout-sw600dp-v13/mtrl_layout_snackbar.xml (OK - compressed)
83045263 res/layout-v21/notification_action.xml (OK - compressed)
83045828 res/layout-v21/notification_action_tombstone.xml (OK - compressed)
83046448 res/layout-v21/notification_template_custom_big.xml (OK - compressed)
83047321 res/layout-v21/notification_template_icon_group.xml (OK - compressed)
83047809 res/layout-v26/abc_screen_toolbar.xml (OK - compressed)
83048526 res/layout-v26/mtrl_calendar_month.xml (OK - compressed)
83049037 res/layout-watch-v20/abc_alert_dialog_button_bar_material.xml (OK - compressed)
83049592 res/layout-watch-v20/abc_alert_dialog_title_material.xml (OK - compressed)
83050212 res/layout/abc_action_bar_title_item.xml (OK - compressed)
83050672 res/layout/abc_action_bar_up_container.xml (OK - compressed)
83050995 res/layout/abc_action_menu_item_layout.xml (OK - compressed)
83051456 res/layout/abc_action_menu_layout.xml (OK - compressed)
83051818 res/layout/abc_action_mode_bar.xml (OK - compressed)
83052166 res/layout/abc_action_mode_close_item_material.xml (OK - compressed)
83052661 res/layout/abc_activity_chooser_view.xml (OK - compressed)
83053337 res/layout/abc_activity_chooser_view_list_item.xml (OK - compressed)
83053989 res/layout/abc_alert_dialog_button_bar_material.xml (OK - compressed)
83054669 res/layout/abc_alert_dialog_material.xml (OK - compressed)
83055516 res/layout/abc_alert_dialog_title_material.xml (OK - compressed)
83056236 res/layout/abc_cascading_menu_item_layout.xml (OK - compressed)
83057014 res/layout/abc_dialog_title_material.xml (OK - compressed)
83057607 res/layout/abc_expanded_menu_layout.xml (OK - compressed)
83057910 res/layout/abc_list_menu_item_checkbox.xml (OK - compressed)
83058261 res/layout/abc_list_menu_item_icon.xml (OK - compressed)
83058686 res/layout/abc_list_menu_item_layout.xml (OK - compressed)
83059352 res/layout/abc_list_menu_item_radio.xml (OK - compressed)
83059715 res/layout/abc_popup_menu_header_item_layout.xml (OK - compressed)
83060220 res/layout/abc_popup_menu_item_layout.xml (OK - compressed)
83061097 res/layout/abc_screen_content_include.xml (OK - compressed)
83061455 res/layout/abc_screen_simple.xml (OK - compressed)
83061930 res/layout/abc_screen_simple_overlay_action_mode.xml (OK - compressed)
83062386 res/layout/abc_search_dropdown_item_icons_2line.xml (OK - compressed)
83063114 res/layout/abc_search_view.xml (OK - compressed)
83064288 res/layout/abc_select_dialog_material.xml (OK - compressed)
83064882 res/layout/abc_tooltip.xml (OK - compressed)
83065459 res/layout/browser_actions_context_menu_page.xml (OK - compressed)
83066230 res/layout/browser_actions_context_menu_row.xml (OK - compressed)
83066842 res/layout/custom_dialog.xml (OK - compressed)
83067225 res/layout/design_bottom_navigation_item.xml (OK - compressed)
83067900 res/layout/design_bottom_sheet_dialog.xml (OK - compressed)
83068482 res/layout/design_layout_snackbar.xml (OK - compressed)
83068854 res/layout/design_layout_snackbar_include.xml (OK - compressed)
83069583 res/layout/design_layout_tab_icon.xml (OK - compressed)
83069885 res/layout/design_layout_tab_text.xml (OK - compressed)
83070205 res/layout/design_menu_item_action_area.xml (OK - compressed)
83070460 res/layout/design_navigation_item.xml (OK - compressed)
83070858 res/layout/design_navigation_item_header.xml (OK - compressed)
83071188 res/layout/design_navigation_item_separator.xml (OK - compressed)
83071510 res/layout/design_navigation_item_subheader.xml (OK - compressed)
83071896 res/layout/design_navigation_menu.xml (OK - compressed)
83072271 res/layout/design_navigation_menu_item.xml (OK - compressed)
83072773 res/layout/design_text_input_end_icon.xml (OK - compressed)
83073188 res/layout/design_text_input_start_icon.xml (OK - compressed)
83073600 res/layout/ime_base_split_test_activity.xml (OK - compressed)
83073879 res/layout/ime_secondary_split_test_activity.xml (OK - compressed)
83074360 res/layout/living_icon_widget.xml (OK - compressed)
83074760 res/layout/mtrl_alert_dialog.xml (OK - compressed)
83075604 res/layout/mtrl_alert_dialog_actions.xml (OK - compressed)
83076322 res/layout/mtrl_alert_dialog_title.xml (OK - compressed)
83076807 res/layout/mtrl_alert_select_dialog_item.xml (OK - compressed)
83077209 res/layout/mtrl_alert_select_dialog_multichoice.xml (OK - compressed)
83077762 res/layout/mtrl_alert_select_dialog_singlechoice.xml (OK - compressed)
83078295 res/layout/mtrl_calendar_day.xml (OK - compressed)
83078573 res/layout/mtrl_calendar_day_of_week.xml (OK - compressed)
83078883 res/layout/mtrl_calendar_days_of_week.xml (OK - compressed)
83079210 res/layout/mtrl_calendar_horizontal.xml (OK - compressed)
83079728 res/layout/mtrl_calendar_month_labeled.xml (OK - compressed)
83080170 res/layout/mtrl_calendar_month_navigation.xml (OK - compressed)
83080866 res/layout/mtrl_calendar_months.xml (OK - compressed)
83081178 res/layout/mtrl_calendar_vertical.xml (OK - compressed)
83081580 res/layout/mtrl_calendar_year.xml (OK - compressed)
83081852 res/layout/mtrl_layout_snackbar.xml (OK - compressed)
83082204 res/layout/mtrl_layout_snackbar_include.xml (OK - compressed)
83082754 res/layout/mtrl_picker_actions.xml (OK - compressed)
83083216 res/layout/mtrl_picker_dialog.xml (OK - compressed)
83083745 res/layout/mtrl_picker_fullscreen.xml (OK - compressed)
83084205 res/layout/mtrl_picker_header_dialog.xml (OK - compressed)
83084843 res/layout/mtrl_picker_header_fullscreen.xml (OK - compressed)
83085932 res/layout/mtrl_picker_header_selection_text.xml (OK - compressed)
83086373 res/layout/mtrl_picker_header_title_text.xml (OK - compressed)
83086765 res/layout/mtrl_picker_header_toggle.xml (OK - compressed)
83087159 res/layout/mtrl_picker_text_input_date.xml (OK - compressed)
83087682 res/layout/mtrl_picker_text_input_date_range.xml (OK - compressed)
83088295 res/layout/notification_template_part_chronometer.xml (OK - compressed)
83088632 res/layout/notification_template_part_time.xml (OK - compressed)
83088958 res/layout/plaid_activity_link.xml (OK - compressed)
83089305 res/layout/plaid_activity_loading.xml (OK - compressed)
83089688 res/layout/plaid_error_fragment.xml (OK - compressed)
83090759 res/layout/plaid_link_embedded_view.xml (OK - compressed)
83091408 res/layout/plaid_loading.xml (OK - compressed)
83091922 res/layout/plaid_loading_fragment.xml (OK - compressed)
83092371 res/layout/plaid_webview_fragment.xml (OK - compressed)
83092691 res/layout/select_dialog_item_material.xml (OK - compressed)
83093121 res/layout/select_dialog_multichoice_material.xml (OK - compressed)
83093647 res/layout/select_dialog_singlechoice_material.xml (OK - compressed)
83094174 res/layout/support_simple_spinner_dropdown_item.xml (OK - compressed)
83094504 res/layout/test_action_chip.xml (OK - compressed)
83094855 res/layout/test_chip_zero_corner_radius.xml (OK - compressed)
83095256 res/layout/test_design_checkbox.xml (OK - compressed)
83095665 res/layout/test_design_radiobutton.xml (OK - compressed)
83096076 res/layout/test_reflow_chipgroup.xml (OK - compressed)
83096495 res/layout/test_toolbar.xml (OK - compressed)
83096782 res/layout/test_toolbar_custom_background.xml (OK - compressed)
83097085 res/layout/test_toolbar_elevation.xml (OK - compressed)
83097387 res/layout/test_toolbar_surface.xml (OK - compressed)
83097708 res/layout/text_view_with_line_height_from_appearance.xml (OK - compressed)
83098032 res/layout/text_view_with_line_height_from_layout.xml (OK - compressed)
83098408 res/layout/text_view_with_line_height_from_style.xml (OK - compressed)
83098719 res/layout/text_view_with_theme_line_height.xml (OK - compressed)
83099034 res/layout/text_view_without_line_height.xml (OK - compressed)
83099313 res/mipmap-anydpi-v33/ic_launcher.xml (OK - compressed)
83099630 res/mipmap-anydpi-v33/ic_launcher_round.xml (OK - compressed)
83099930 res/mipmap/ic_launcher.xml (OK - compressed)
83100190 res/mipmap/ic_launcher_round.xml (OK - compressed)
83100507 res/xml/backup_rules.xml (OK - compressed)
83100868 res/xml/data_extraction_rules.xml (OK - compressed)
83101306 res/xml/image_share_filepaths.xml (OK - compressed)
83101534 res/xml/living_icon_widget_info.xml (OK - compressed)
83101963 res/xml/plaid_file_paths.xml (OK - compressed)
83102233 res/xml/standalone_badge.xml (OK - compressed)
83102475 res/xml/standalone_badge_gravity_bottom_end.xml (OK - compressed)
83102750 res/xml/standalone_badge_gravity_bottom_start.xml (OK - compressed)
83103022 res/xml/standalone_badge_gravity_top_start.xml (OK - compressed)
83103283 res/xml/standalone_badge_offset.xml (OK - compressed)
83103557 res/xml/update_paths.xml (OK - compressed)
83103800 resources.arsc (OK)
84126243 DebugProbesKt.bin (OK - compressed)
84127108 META-INF/androidx.activity_activity-compose.version (OK)
84127192 META-INF/androidx.activity_activity-ktx.version (OK)
84127272 META-INF/androidx.activity_activity.version (OK)
84127372 META-INF/androidx.annotation_annotation-experimental.version (OK)
84127464 META-INF/androidx.appcompat_appcompat-resources.version (OK)
84127548 META-INF/androidx.appcompat_appcompat.version (OK)
84127632 META-INF/androidx.arch.core_core-runtime.version (OK - compressed)
84127768 META-INF/androidx.autofill_autofill.version (OK)
84127848 META-INF/androidx.browser_browser.version (OK)
84127928 META-INF/androidx.cardview_cardview.version (OK)
84128024 META-INF/androidx.compose.animation_animation-core.version (OK)
84128116 META-INF/androidx.compose.animation_animation.version (OK)
84128216 META-INF/androidx.compose.foundation_foundation-layout.version (OK)
84128308 META-INF/androidx.compose.foundation_foundation.version (OK)
84128400 META-INF/androidx.compose.material3_material3.version (OK)
84128500 META-INF/androidx.compose.material_material-icons-core.version (OK)
84128604 META-INF/androidx.compose.material_material-icons-extended.version (OK)
84128700 META-INF/androidx.compose.material_material-ripple.version (OK)
84128788 META-INF/androidx.compose.material_material.version (OK)
84128884 META-INF/androidx.compose.runtime_runtime-saveable.version (OK)
84128972 META-INF/androidx.compose.runtime_runtime.version (OK)
84129056 META-INF/androidx.compose.ui_ui-geometry.version (OK)
84129140 META-INF/androidx.compose.ui_ui-graphics.version (OK)
84129220 META-INF/androidx.compose.ui_ui-text.version (OK)
84129308 META-INF/androidx.compose.ui_ui-tooling-data.version (OK)
84129400 META-INF/androidx.compose.ui_ui-tooling-preview.version (OK)
84129484 META-INF/androidx.compose.ui_ui-tooling.version (OK)
84129564 META-INF/androidx.compose.ui_ui-unit.version (OK)
84129644 META-INF/androidx.compose.ui_ui-util.version (OK)
84129720 META-INF/androidx.compose.ui_ui.version (OK)
84129820 META-INF/androidx.coordinatorlayout_coordinatorlayout.version (OK)
84129896 META-INF/androidx.core_core-ktx.version (OK)
84129968 META-INF/androidx.core_core.version (OK)
84130060 META-INF/androidx.cursoradapter_cursoradapter.version (OK)
84130160 META-INF/androidx.customview_customview-poolingcontainer.version (OK)
84130244 META-INF/androidx.customview_customview.version (OK)
84130332 META-INF/androidx.databinding_viewbinding.version (OK)
84130420 META-INF/androidx.drawerlayout_drawerlayout.version (OK)
84130496 META-INF/androidx.emoji2_emoji2.version (OK)
84130580 META-INF/androidx.fragment_fragment-ktx.version (OK)
84130660 META-INF/androidx.fragment_fragment.version (OK)
84130744 META-INF/androidx.graphics_graphics-path.version (OK)
84130836 META-INF/androidx.health.connect_connect-client.version (OK)
84130924 META-INF/androidx.interpolator_interpolator.version (OK)
84131024 META-INF/androidx.lifecycle_lifecycle-livedata-core-ktx.version (OK)
84131120 META-INF/androidx.lifecycle_lifecycle-livedata-core.version (OK)
84131212 META-INF/androidx.lifecycle_lifecycle-livedata.version (OK)
84131304 META-INF/androidx.lifecycle_lifecycle-process.version (OK)
84131404 META-INF/androidx.lifecycle_lifecycle-runtime-compose.version (OK)
84131500 META-INF/androidx.lifecycle_lifecycle-runtime-ktx.version (OK)
84131592 META-INF/androidx.lifecycle_lifecycle-runtime.version (OK)
84131684 META-INF/androidx.lifecycle_lifecycle-service.version (OK)
84131780 META-INF/androidx.lifecycle_lifecycle-viewmodel-ktx.version (OK)
84131884 META-INF/androidx.lifecycle_lifecycle-viewmodel-savedstate.version (OK)
84131976 META-INF/androidx.lifecycle_lifecycle-viewmodel.version (OK)
84132052 META-INF/androidx.loader_loader.version (OK)
84132148 META-INF/androidx.profileinstaller_profileinstaller.version (OK)
84132236 META-INF/androidx.recyclerview_recyclerview.version (OK)
84132312 META-INF/androidx.room_room-ktx.version (OK)
84132392 META-INF/androidx.room_room-runtime.version (OK)
84132480 META-INF/androidx.savedstate_savedstate-ktx.version (OK)
84132564 META-INF/androidx.savedstate_savedstate.version (OK)
84132652 META-INF/androidx.sqlite_sqlite-framework.version (OK)
84132728 META-INF/androidx.sqlite_sqlite.version (OK)
84132816 META-INF/androidx.startup_startup-runtime.version (OK)
84132900 META-INF/androidx.tracing_tracing-ktx.version (OK)
84132980 META-INF/androidx.tracing_tracing.version (OK)
84133064 META-INF/androidx.transition_transition.version (OK)
84133164 META-INF/androidx.vectordrawable_vectordrawable-animated.version (OK)
84133256 META-INF/androidx.vectordrawable_vectordrawable.version (OK)
84133360 META-INF/androidx.versionedparcelable_versionedparcelable.version (OK)
84133444 META-INF/androidx.viewpager2_viewpager2.version (OK)
84133528 META-INF/androidx.viewpager_viewpager.version (OK)
84133612 META-INF/androidx.work_work-runtime-ktx.version (OK)
84133692 META-INF/androidx.work_work-runtime.version (OK)
84133806 META-INF/androidx/health/connect/connect-client-external-protobuf/LICENSE.txt (OK - compressed)
84134641 META-INF/androidx/health/connect/connect-client-proto/LICENSE.txt (OK - compressed)
84138288 META-INF/com.google.android.material_material.version (OK)
84138368 META-INF/com.google.dagger_dagger.version (OK)
84138461 META-INF/com/plaid/link/sdk-core/verification.properties (OK - compressed)
84138660 META-INF/kotlinx_coroutines_android.version (OK)
84138736 META-INF/kotlinx_coroutines_core.version (OK)
84138812 META-INF/kotlinx_coroutines_guava.version (OK)
84138909 META-INF/services/kotlinx.coroutines.CoroutineExceptionHandler (OK - compressed)
84139056 META-INF/services/kotlinx.coroutines.internal.MainDispatcherFactory (OK - compressed)
84139160 google/protobuf/any.proto (OK - compressed)
84141836 google/protobuf/api.proto (OK - compressed)
84144810 google/protobuf/duration.proto (OK - compressed)
84146925 google/protobuf/empty.proto (OK - compressed)
84148193 google/protobuf/field_mask.proto (OK - compressed)
84151382 google/protobuf/source_context.proto (OK - compressed)
84152634 google/protobuf/struct.proto (OK - compressed)
84154365 google/protobuf/timestamp.proto (OK - compressed)
84157242 google/protobuf/type.proto (OK - compressed)
84159679 google/protobuf/wrappers.proto (OK - compressed)
84161299 kotlin/annotation/annotation.kotlin_builtins (OK - compressed)
84161908 kotlin/collections/collections.kotlin_builtins (OK - compressed)
84163821 kotlin/concurrent/atomics/atomics.kotlin_builtins (OK - compressed)
84164977 kotlin/coroutines/coroutines.kotlin_builtins (OK - compressed)
84165163 kotlin/internal/internal.kotlin_builtins (OK - compressed)
84165579 kotlin/kotlin.kotlin_builtins (OK - compressed)
84170987 kotlin/ranges/ranges.kotlin_builtins (OK - compressed)
84172409 kotlin/reflect/reflect.kotlin_builtins (OK - compressed)
84173910 okhttp3/internal/publicsuffix/NOTICE (OK - compressed)
84174136 okhttp3/internal/publicsuffix/publicsuffixes.gz (OK)
84211935 play-services-auth-api-phone.properties (OK - compressed)
84212054 play-services-base.properties (OK - compressed)
84212167 play-services-basement.properties (OK - compressed)
84212280 play-services-tasks.properties (OK - compressed)
84212390 src/google/protobuf/any.proto (OK - compressed)
84215070 src/google/protobuf/api.proto (OK - compressed)
84218048 src/google/protobuf/duration.proto (OK - compressed)
84220167 src/google/protobuf/empty.proto (OK - compressed)
84221439 src/google/protobuf/field_mask.proto (OK - compressed)
84224632 src/google/protobuf/source_context.proto (OK - compressed)
84225888 src/google/protobuf/struct.proto (OK - compressed)
84227623 src/google/protobuf/timestamp.proto (OK - compressed)
84230504 src/google/protobuf/type.proto (OK - compressed)
84232945 src/google/protobuf/wrappers.proto (OK - compressed)
51946600 classes6.dex (OK)
Verification successful
