DraftingRoom5 Gradle: Java 17 from C:\Users\lnjef\.jdks\temurin-17.0.20.1
DraftingRoom5 Gradle: isolated state at C:\Users\lnjef\AppData\Local\DraftingRoom5\repositories\cf5b26b6651a
Calculating task graph as no cached configuration is available for tasks: assembleDebugAndroidTest

> Configure project :app
WARNING: The option setting 'android.experimental.enableScreenshotTest=true' is experimental.
The current default is 'false'.

> Task :app:generateDebugAndroidTestAssets UP-TO-DATE
> Task :app:preBuild UP-TO-DATE
> Task :app:preDebugAndroidTestBuild SKIPPED
> Task :app:preDebugBuild UP-TO-DATE
> Task :app:generateDebugBuildConfig UP-TO-DATE
> Task :app:generateDebugResources UP-TO-DATE
> Task :app:packageDebugResources UP-TO-DATE
> Task :app:javaPreCompileDebug UP-TO-DATE
> Task :app:checkDebugAarMetadata UP-TO-DATE
> Task :app:mapDebugSourceSetPaths UP-TO-DATE
> Task :app:mergeDebugResources UP-TO-DATE
> Task :app:createDebugCompatibleScreenManifests UP-TO-DATE
> Task :app:extractDeepLinksDebug UP-TO-DATE
> Task :app:processDebugNavigationResources UP-TO-DATE
> Task :app:parseDebugLocalResources UP-TO-DATE
> Task :app:processDebugMainManifest UP-TO-DATE
> Task :app:compileDebugNavigationResources UP-TO-DATE
> Task :app:generateDebugRFile UP-TO-DATE
> Task :app:processDebugManifest UP-TO-DATE
> Task :app:processDebugManifestForPackage UP-TO-DATE
> Task :app:processDebugResources UP-TO-DATE
> Task :app:processDebugAndroidTestManifest UP-TO-DATE
> Task :app:generateDebugAndroidTestBuildConfig UP-TO-DATE
> Task :app:generateDebugAndroidTestResources UP-TO-DATE
> Task :app:packageDebugAndroidTestResources UP-TO-DATE
> Task :app:processDebugAndroidTestNavigationResources UP-TO-DATE
> Task :app:parseDebugAndroidTestLocalResources UP-TO-DATE
> Task :app:generateDebugAndroidTestRFile UP-TO-DATE
> Task :app:compileDebugKotlin UP-TO-DATE
> Task :app:compileDebugJavaWithJavac UP-TO-DATE
> Task :app:bundleDebugClassesToCompileJar UP-TO-DATE
> Task :app:javaPreCompileDebugAndroidTest FROM-CACHE
> Task :app:mergeDebugAndroidTestAssets
> Task :app:compressDebugAndroidTestAssets
> Task :app:desugarDebugAndroidTestFileDependencies FROM-CACHE
> Task :app:checkDebugAndroidTestAarMetadata
> Task :app:mapDebugAndroidTestSourceSetPaths
> Task :app:compileDebugAndroidTestNavigationResources FROM-CACHE
> Task :app:mergeDebugAndroidTestResources
> Task :app:processDebugAndroidTestResources
> Task :app:checkDebugAndroidTestDuplicateClasses
> Task :app:mergeExtDexDebugAndroidTest
> Task :app:mergeLibDexDebugAndroidTest FROM-CACHE
> Task :app:mergeDebugAndroidTestJniLibFolders
> Task :app:mergeDebugJniLibFolders UP-TO-DATE
> Task :app:mergeDebugNativeLibs UP-TO-DATE
> Task :app:mergeDebugAndroidTestNativeLibs NO-SOURCE
> Task :app:stripDebugAndroidTestDebugSymbols NO-SOURCE
> Task :app:validateSigningDebugAndroidTest
> Task :app:writeDebugAndroidTestSigningConfigVersions
> Task :app:compileDebugAndroidTestKotlin
> Task :app:processDebugAndroidTestJavaRes
> Task :app:mergeDebugAndroidTestJavaResource
> Task :app:compileDebugAndroidTestJavaWithJavac

> Task :app:dexBuilderDebugAndroidTest
WARNING: D8: An API level of 37 is not supported by this compiler. Please use an API level of 36 or earlier
WARNING: D8: An API level of 37 is not supported by this compiler. Please use an API level of 36 or earlier
WARNING: D8: An API level of 37 is not supported by this compiler. Please use an API level of 36 or earlier
WARNING: D8: An API level of 37 is not supported by this compiler. Please use an API level of 36 or earlier
WARNING: D8: An API level of 37 is not supported by this compiler. Please use an API level of 36 or earlier

> Task :app:mergeDebugAndroidTestGlobalSynthetics
WARNING: D8: An API level of 37 is not supported by this compiler. Please use an API level of 36 or earlier

> Task :app:mergeProjectDexDebugAndroidTest
WARNING: D8: An API level of 37 is not supported by this compiler. Please use an API level of 36 or earlier
WARNING: D8: An API level of 37 is not supported by this compiler. Please use an API level of 36 or earlier
WARNING: D8: An API level of 37 is not supported by this compiler. Please use an API level of 36 or earlier

> Task :app:packageDebugAndroidTest
> Task :app:assembleDebugAndroidTest
> Task :app:createDebugAndroidTestApkListingFileRedirect

BUILD SUCCESSFUL in 1m 3s
53 actionable tasks: 20 executed, 4 from cache, 29 up-to-date
Configuration cache entry stored.
